 Framework.exe

 Timestamp is 536eb326 (Sun May 11 01:15:50 2014)

 Preferred load address is 0000000140000000

 Start         Length     Name                   Class
 0001:00000000 000519bcH .text                   CODE
 0001:000519c0 000207efH .text$mn                CODE
 0001:000721b0 000015b5H .text$x                 CODE
 0002:00000000 00000109H .CRT$XCA                DATA
 0002:00000110 00000109H .CRT$XCZ                DATA
 0002:00000220 00000109H .CRT$XIA                DATA
 0002:00000330 00000126H .CRT$XIC                DATA
 0002:00000458 00000109H .CRT$XIY                DATA
 0002:00000568 00000109H .CRT$XIZ                DATA
 0002:00000678 00000008H .CRT$XLA                DATA
 0002:00000680 00000008H .CRT$XLZ                DATA
 0002:00000688 00000109H .CRT$XPA                DATA
 0002:00000798 00000113H .CRT$XPX                DATA
 0002:000008b0 00000109H .CRT$XPXA               DATA
 0002:000009c0 00000109H .CRT$XPZ                DATA
 0002:00000ad0 00000109H .CRT$XTA                DATA
 0002:00000be0 00000109H .CRT$XTZ                DATA
 0002:00000cf0 00007e79H .rdata                  DATA
 0002:00008b70 00000130H .rdata$T                DATA
 0002:00008ca0 0000017cH .rdata$debug            DATA
 0002:00008e20 00000109H .rtc$IAA                DATA
 0002:00008f30 00000109H .rtc$IZZ                DATA
 0002:00009040 00000109H .rtc$TAA                DATA
 0002:00009150 00000109H .rtc$TZZ                DATA
 0002:00009260 00006099H .xdata                  DATA
 0002:0000f2f9 00000000H .edata                  DATA
 0003:00000000 0001a902H .data                   DATA
 0003:0001a920 00003051H .bss                    DATA
 0004:00000000 00006bb8H .pdata                  DATA
 0005:00000000 00000468H .idata$5                DATA
 0005:00000468 00000028H .idata$2                DATA
 0005:00000490 00000014H .idata$3                DATA
 0005:000004a8 00000468H .idata$4                DATA
 0005:00000910 00000925H .idata$6                DATA
 0006:00000000 0000011cH ._deh$A                 DATA
 0006:00000120 0000088fH ._deh$B                 DATA
 0006:000009b0 00000109H ._deh$C                 DATA
 0007:00000000 00000109H .minfo$A                DATA
 0007:00000110 000003e5H .minfo$B                DATA
 0007:000004f8 00000109H .minfo$C                DATA
 0008:00000000 00000101H .tls                    DATA
 0008:00000110 00000143H .tls$AAB                DATA
 0008:00000253 00000101H .tls$ZZZ                DATA

  Address         Publics by Value              Rva+Base               Lib:Object

 0000:00000000       ___safe_se_handler_table   0000000000000000     <absolute>
 0000:00000000       __guard_fids_count         0000000000000000     <absolute>
 0000:00000000       ___safe_se_handler_count   0000000000000000     <absolute>
 0000:00000000       __guard_flags              0000000000000000     <absolute>
 0000:00000000       __guard_fids_table         0000000000000000     <absolute>
 0000:00000000       __ImageBase                0000000140000000     <linker-defined>
 0001:00001220       _Dmain                     0000000140002220 f i Framework.exe.obj
 0001:000012a0       _D4main15__unittestL38_1FZv 00000001400022a0 f i Framework.exe.obj
 0001:000013a0       _D3std6traits15__T8DemangleTkZ8Demangle11__xopEqualsFKxS3std6traits15__T8DemangleTkZ8DemangleKxS3std6traits15__T8DemangleTkZ8DemangleZb 00000001400023a0 f i Framework.exe.obj
 0001:00001410       _D3std8internal14unicode_tables25__T9TrieEntryTbVi8Vi4Vi9Z9TrieEntry11__xopEqualsFNfKxS3std8internal14unicode_tables25__T9TrieEntryTbVi8Vi4Vi9Z9TrieEntryKxS3std8internal14unicode_tables25__T9TrieEntryTbVi8Vi4Vi9Z9TrieEntryZb 0000000140002410 f i Framework.exe.obj
 0001:000014d0       _D3std8internal14unicode_tables25__T9TrieEntryTtVi8Vi7Vi6Z9TrieEntry11__xopEqualsFNfKxS3std8internal14unicode_tables25__T9TrieEntryTtVi8Vi7Vi6Z9TrieEntryKxS3std8internal14unicode_tables25__T9TrieEntryTtVi8Vi7Vi6Z9TrieEntryZb 00000001400024d0 f i Framework.exe.obj
 0001:00001590       _D3std8internal14unicode_tables25__T9TrieEntryTbVi8Vi5Vi8Z9TrieEntry11__xopEqualsFNfKxS3std8internal14unicode_tables25__T9TrieEntryTbVi8Vi5Vi8Z9TrieEntryKxS3std8internal14unicode_tables25__T9TrieEntryTbVi8Vi5Vi8Z9TrieEntryZb 0000000140002590 f i Framework.exe.obj
 0001:00001650       _D3std8internal14unicode_tables25__T9TrieEntryTbVi8Vi6Vi7Z9TrieEntry11__xopEqualsFNfKxS3std8internal14unicode_tables25__T9TrieEntryTbVi8Vi6Vi7Z9TrieEntryKxS3std8internal14unicode_tables25__T9TrieEntryTbVi8Vi6Vi7Z9TrieEntryZb 0000000140002650 f i Framework.exe.obj
 0001:00001710       _D3std8internal14unicode_tables28__T9TrieEntryTbVi7Vi4Vi4Vi6Z9TrieEntry11__xopEqualsFNfKxS3std8internal14unicode_tables28__T9TrieEntryTbVi7Vi4Vi4Vi6Z9TrieEntryKxS3std8internal14unicode_tables28__T9TrieEntryTbVi7Vi4Vi4Vi6Z9TrieEntryZb 0000000140002710 f i Framework.exe.obj
 0001:000017d0       _D3std3uni13ReallocPolicy14__T7destroyThZ7destroyFNbNeKAhZv 00000001400027d0 f i Framework.exe.obj
 0001:00001820       _D3std3uni42__T11Uint24ArrayTS3std3uni13ReallocPolicyZ11Uint24Array13__T8opEqualsZ8opEqualsMxFNbNexS3std3uni42__T11Uint24ArrayTS3std3uni13ReallocPolicyZ11Uint24ArrayZb 0000000140002820 f i Framework.exe.obj
 0001:00001a30       _D3std3uni8GcPolicy15__T7destroyTAhZ7destroyFNaNbNeKAhZv 0000000140002a30 f i Framework.exe.obj
 0001:00001a40       _D3std3uni36__T11Uint24ArrayTS3std3uni8GcPolicyZ11Uint24Array13__T8opEqualsZ8opEqualsMxFNaNbNexS3std3uni36__T11Uint24ArrayTS3std3uni8GcPolicyZ11Uint24ArrayZb 0000000140002a40 f i Framework.exe.obj
 0001:00001c50       _D3std3uni17CodepointInterval42__T8opEqualsTS3std3uni17CodepointIntervalZ8opEqualsMxFNaNbNfS3std3uni17CodepointIntervalZb 0000000140002c50 f i Framework.exe.obj
 0001:00001cc0       _D3std6format18__T10FormatSpecTaZ10FormatSpec6flDashMxFNaNbNdNfZb 0000000140002cc0 f i Framework.exe.obj
 0001:00001d10       _D3std6format18__T10FormatSpecTaZ10FormatSpec6flDashMFNaNbNdNfbZv 0000000140002d10 f i Framework.exe.obj
 0001:00001d70       _D3std6format18__T10FormatSpecTaZ10FormatSpec6flZeroMxFNaNbNdNfZb 0000000140002d70 f i Framework.exe.obj
 0001:00001dc0       _D3std6format18__T10FormatSpecTaZ10FormatSpec6flZeroMFNaNbNdNfbZv 0000000140002dc0 f i Framework.exe.obj
 0001:00001e20       _D3std6format18__T10FormatSpecTaZ10FormatSpec7flSpaceMxFNaNbNdNfZb 0000000140002e20 f i Framework.exe.obj
 0001:00001e70       _D3std6format18__T10FormatSpecTaZ10FormatSpec7flSpaceMFNaNbNdNfbZv 0000000140002e70 f i Framework.exe.obj
 0001:00001ed0       _D3std6format18__T10FormatSpecTaZ10FormatSpec6flPlusMxFNaNbNdNfZb 0000000140002ed0 f i Framework.exe.obj
 0001:00001f20       _D3std6format18__T10FormatSpecTaZ10FormatSpec6flPlusMFNaNbNdNfbZv 0000000140002f20 f i Framework.exe.obj
 0001:00001f80       _D3std6format18__T10FormatSpecTaZ10FormatSpec6flHashMxFNaNbNdNfZb 0000000140002f80 f i Framework.exe.obj
 0001:00001fd0       _D3std6format18__T10FormatSpecTaZ10FormatSpec6flHashMFNaNbNdNfbZv 0000000140002fd0 f i Framework.exe.obj
 0001:00002030       _D3std6format18__T10FormatSpecTaZ10FormatSpec6__ctorMFNaNcNfxAaZS3std6format18__T10FormatSpecTaZ10FormatSpec 0000000140003030 f i Framework.exe.obj
 0001:00002050       _D3std6format18__T10FormatSpecTaZ10FormatSpec19__unittestL807_1349FNaNfZv 0000000140003050 f i Framework.exe.obj
 0001:00002ab0       _D3std6format18__T10FormatSpecTaZ10FormatSpec19__unittestL807_1349FNaNfZv12__dgliteral1MFNaNfZb 0000000140003ab0 f i Framework.exe.obj
 0001:00002ae0       _D3std6format18__T10FormatSpecTaZ10FormatSpec6fillUpMFNaNfZv 0000000140003ae0 f i Framework.exe.obj
 0001:000041a0       _D3std6format18__T10FormatSpecTaZ10FormatSpec6fillUpMFNaNfZv12__dgliteral1MFNaNfZAxa 00000001400051a0 f i Framework.exe.obj
 0001:00004270       _D3std6format18__T10FormatSpecTaZ10FormatSpec6fillUpMFNaNfZv12__dgliteral2MFNaNbNfZAya 0000000140005270 f i Framework.exe.obj
 0001:00004290       _D3std6format18__T10FormatSpecTaZ10FormatSpec6fillUpMFNaNfZv12__dgliteral3MFNaNfZAya 0000000140005290 f i Framework.exe.obj
 0001:00004360       _D3std6format18__T10FormatSpecTaZ10FormatSpec6fillUpMFNaNfZv12__dgliteral4MFNaNbNfZAya 0000000140005360 f i Framework.exe.obj
 0001:00004380       _D3std6format18__T10FormatSpecTaZ10FormatSpec6fillUpMFNaNfZv12__dgliteral5MFNaNbNfZAya 0000000140005380 f i Framework.exe.obj
 0001:000043a0       _D3std6format18__T10FormatSpecTaZ10FormatSpec12getCurFmtStrMxFNaNfZAya 00000001400053a0 f i Framework.exe.obj
 0001:00004620       _D3std6format18__T10FormatSpecTaZ10FormatSpec20__unittestL1113_1350FNaNfZv 0000000140005620 f i Framework.exe.obj
 0001:00004730       _D3std6format18__T10FormatSpecTaZ10FormatSpec16headUpToNextSpecMFNaZAxa 0000000140005730 f i Framework.exe.obj
 0001:000048b0       _D3std6format18__T10FormatSpecTaZ10FormatSpec8toStringMFNaNfZAya 00000001400058b0 f i Framework.exe.obj
 0001:00004c00       _D3std6format18__T10FormatSpecTaZ10FormatSpec11__xopEqualsFKxS3std6format18__T10FormatSpecTaZ10FormatSpecKxS3std6format18__T10FormatSpecTaZ10FormatSpecZb 0000000140005c00 f i Framework.exe.obj
 0001:00004d30       _D3std5range13__T4onlyTgTiZ4onlyFNaNbNfgiZS3std5range21__T10OnlyResultTiVm2Z10OnlyResult 0000000140005d30 f i Framework.exe.obj
 0001:00004da0       _D3std5range21__T10OnlyResultTiVm2Z10OnlyResult5emptyMFNaNbNdNfZb 0000000140005da0 f i Framework.exe.obj
 0001:00004df0       _D3std5range21__T10OnlyResultTiVm2Z10OnlyResult5frontMFNaNbNdNfZi 0000000140005df0 f i Framework.exe.obj
 0001:00004e90       _D3std5range21__T10OnlyResultTiVm2Z10OnlyResult8popFrontMFNaNbNfZv 0000000140005e90 f i Framework.exe.obj
 0001:00004f00       _D3std5range21__T10OnlyResultTiVm2Z10OnlyResult4backMFNaNbNdNfZi 0000000140005f00 f i Framework.exe.obj
 0001:00004fa0       _D3std5range21__T10OnlyResultTiVm2Z10OnlyResult7popBackMFNaNbNfZv 0000000140005fa0 f i Framework.exe.obj
 0001:00005010       _D3std5range21__T10OnlyResultTiVm2Z10OnlyResult4saveMFNaNbNdNfZS3std5range21__T10OnlyResultTiVm2Z10OnlyResult 0000000140006010 f i Framework.exe.obj
 0001:00005070       _D3std5range21__T10OnlyResultTiVm2Z10OnlyResult6lengthMFNaNbNdNfZm 0000000140006070 f i Framework.exe.obj
 0001:000050b0       _D3std5range21__T10OnlyResultTiVm2Z10OnlyResult7opIndexMFNaNbNfmZi 00000001400060b0 f i Framework.exe.obj
 0001:000051b0       _D3std5range21__T10OnlyResultTiVm2Z10OnlyResult7opSliceMFNaNbNfZS3std5range21__T10OnlyResultTiVm2Z10OnlyResult 00000001400061b0 f i Framework.exe.obj
 0001:00005210       _D3std5range21__T10OnlyResultTiVm2Z10OnlyResult7opSliceMFNaNbNfmmZS3std5range21__T10OnlyResultTiVm2Z10OnlyResult 0000000140006210 f i Framework.exe.obj
 0001:00005320       _D3std5range21__T10OnlyResultTiVm2Z10OnlyResult15__T6__ctorTgTiZ6__ctorMFNaNbNcNfKgKiZS3std5range21__T10OnlyResultTiVm2Z10OnlyResult 0000000140006320 f i Framework.exe.obj
 0001:00005350       _D3std5range13__T4onlyTiTgZ4onlyFNaNbNfigZS3std5range21__T10OnlyResultTiVm2Z10OnlyResult 0000000140006350 f i Framework.exe.obj
 0001:000053c0       _D3std5range21__T10OnlyResultTiVm2Z10OnlyResult15__T6__ctorTiTgZ6__ctorMFNaNbNcNfKiKgZS3std5range21__T10OnlyResultTiVm2Z10OnlyResult 00000001400063c0 f i Framework.exe.obj
 0001:000053f0       _D3std5range17__T4onlyTAxaTAyaZ4onlyFNaNbNfAxaAyaZS3std5range23__T10OnlyResultTAxaVm2Z10OnlyResult 00000001400063f0 f i Framework.exe.obj
 0001:00005460       _D3std5range23__T10OnlyResultTAxaVm2Z10OnlyResult5emptyMFNaNbNdNfZb 0000000140006460 f i Framework.exe.obj
 0001:000054b0       _D3std5range23__T10OnlyResultTAxaVm2Z10OnlyResult5frontMFNaNbNdNfZAxa 00000001400064b0 f i Framework.exe.obj
 0001:00005550       _D3std5range23__T10OnlyResultTAxaVm2Z10OnlyResult8popFrontMFNaNbNfZv 0000000140006550 f i Framework.exe.obj
 0001:000055c0       _D3std5range23__T10OnlyResultTAxaVm2Z10OnlyResult4backMFNaNbNdNfZAxa 00000001400065c0 f i Framework.exe.obj
 0001:00005670       _D3std5range23__T10OnlyResultTAxaVm2Z10OnlyResult7popBackMFNaNbNfZv 0000000140006670 f i Framework.exe.obj
 0001:000056e0       _D3std5range23__T10OnlyResultTAxaVm2Z10OnlyResult4saveMFNaNbNdNfZS3std5range23__T10OnlyResultTAxaVm2Z10OnlyResult 00000001400066e0 f i Framework.exe.obj
 0001:00005740       _D3std5range23__T10OnlyResultTAxaVm2Z10OnlyResult6lengthMFNaNbNdNfZm 0000000140006740 f i Framework.exe.obj
 0001:00005780       _D3std5range23__T10OnlyResultTAxaVm2Z10OnlyResult7opIndexMFNaNbNfmZAxa 0000000140006780 f i Framework.exe.obj
 0001:00005890       _D3std5range23__T10OnlyResultTAxaVm2Z10OnlyResult7opSliceMFNaNbNfZS3std5range23__T10OnlyResultTAxaVm2Z10OnlyResult 0000000140006890 f i Framework.exe.obj
 0001:000058f0       _D3std5range23__T10OnlyResultTAxaVm2Z10OnlyResult7opSliceMFNaNbNfmmZS3std5range23__T10OnlyResultTAxaVm2Z10OnlyResult 00000001400068f0 f i Framework.exe.obj
 0001:00005a10       _D3std5range23__T10OnlyResultTAxaVm2Z10OnlyResult19__T6__ctorTAxaTAyaZ6__ctorMFNaNbNcNfKAxaKAyaZS3std5range23__T10OnlyResultTAxaVm2Z10OnlyResult 0000000140006a10 f i Framework.exe.obj
 0001:00005a60       _D3std5range17__T4onlyTAxaTAxaZ4onlyFNaNbNfAxaAxaZS3std5range23__T10OnlyResultTAxaVm2Z10OnlyResult 0000000140006a60 f i Framework.exe.obj
 0001:00005ad0       _D3std5range23__T10OnlyResultTAxaVm2Z10OnlyResult19__T6__ctorTAxaTAxaZ6__ctorMFNaNbNcNfKAxaKAxaZS3std5range23__T10OnlyResultTAxaVm2Z10OnlyResult 0000000140006ad0 f i Framework.exe.obj
 0001:00005b20       _D3std3uni25__T16SliceOverIndexedTAiZ16SliceOverIndexed7opIndexMxFNaNbNfmZxi 0000000140006b20 f i Framework.exe.obj
 0001:00005bd0       _D3std3uni25__T16SliceOverIndexedTAiZ16SliceOverIndexed13opIndexAssignMFNaNbNfimZv 0000000140006bd0 f i Framework.exe.obj
 0001:00005c80       _D3std3uni25__T16SliceOverIndexedTAiZ16SliceOverIndexed7opSliceMFNaNbNfmmZS3std3uni25__T16SliceOverIndexedTAiZ16SliceOverIndexed 0000000140006c80 f i Framework.exe.obj
 0001:00005d00       _D3std3uni25__T16SliceOverIndexedTAiZ16SliceOverIndexed7opSliceMFNaNbNfZS3std3uni25__T16SliceOverIndexedTAiZ16SliceOverIndexed 0000000140006d00 f i Framework.exe.obj
 0001:00005d60       _D3std3uni25__T16SliceOverIndexedTAiZ16SliceOverIndexed6lengthMxFNaNbNdNfZm 0000000140006d60 f i Framework.exe.obj
 0001:00005da0       _D3std3uni25__T16SliceOverIndexedTAiZ16SliceOverIndexed8opDollarMxFNaNbNfZm 0000000140006da0 f i Framework.exe.obj
 0001:00005df0       _D3std3uni25__T16SliceOverIndexedTAiZ16SliceOverIndexed5emptyMxFNaNbNdNfZb 0000000140006df0 f i Framework.exe.obj
 0001:00005e40       _D3std3uni25__T16SliceOverIndexedTAiZ16SliceOverIndexed5frontMxFNaNbNdNfZxi 0000000140006e40 f i Framework.exe.obj
 0001:00005ec0       _D3std3uni25__T16SliceOverIndexedTAiZ16SliceOverIndexed5frontMFNaNbNdNfiZv 0000000140006ec0 f i Framework.exe.obj
 0001:00005f50       _D3std3uni25__T16SliceOverIndexedTAiZ16SliceOverIndexed4backMxFNaNbNdNfZxi 0000000140006f50 f i Framework.exe.obj
 0001:00005fe0       _D3std3uni25__T16SliceOverIndexedTAiZ16SliceOverIndexed4backMFNaNbNdNfiZv 0000000140006fe0 f i Framework.exe.obj
 0001:00006070       _D3std3uni25__T16SliceOverIndexedTAiZ16SliceOverIndexed4saveMNgFNaNbNdNfZNgS3std3uni25__T16SliceOverIndexedTAiZ16SliceOverIndexed 0000000140007070 f i Framework.exe.obj
 0001:000060d0       _D3std3uni25__T16SliceOverIndexedTAiZ16SliceOverIndexed8popFrontMFNaNbNfZv 00000001400070d0 f i Framework.exe.obj
 0001:00006120       _D3std3uni25__T16SliceOverIndexedTAiZ16SliceOverIndexed7popBackMFNaNbNfZv 0000000140007120 f i Framework.exe.obj
 0001:00006170       _D3std3uni25__T16SliceOverIndexedTAiZ16SliceOverIndexed11__xopEqualsFKxS3std3uni25__T16SliceOverIndexedTAiZ16SliceOverIndexedKxS3std3uni25__T16SliceOverIndexedTAiZ16SliceOverIndexedZb 0000000140007170 f i Framework.exe.obj
 0001:000061a0       _D3std3uni25__T16SliceOverIndexedTAiZ16SliceOverIndexed68__T8opEqualsTS3std3uni25__T16SliceOverIndexedTAiZ16SliceOverIndexedZ8opEqualsMxFNaNbNfS3std3uni25__T16SliceOverIndexedTAiZ16SliceOverIndexedZb 00000001400071a0 f i Framework.exe.obj
 0001:000062c0       _D3std5array15__T8popFrontTiZ8popFrontFNaNbNfKAiZv 00000001400072c0 f i Framework.exe.obj
 0001:00006350       _D3std5array16__T8popFrontTyiZ8popFrontFNaNbNfKAyiZv 0000000140007350 f i Framework.exe.obj
 0001:000063e0       _D3std5array15__T7popBackTyiZ7popBackFNaNbNfKAyiZv 00000001400073e0 f i Framework.exe.obj
 0001:00006460       _D3std5array14__T7popBackTiZ7popBackFNaNbNfKAiZv 0000000140007460 f i Framework.exe.obj
 0001:000064e0       _D3std5stdio16__T7writelnTAyaZ7writelnFAyaZv 00000001400074e0 f i Framework.exe.obj
 0001:00006590       _D3std5stdio16__T7writelnTAyaZ7writelnFAyaZv12__dgliteral3MFNaNbNfZAxa 0000000140007590 f i Framework.exe.obj
 0001:000065a0       _D3std9exception14__T7enforceTbZ7enforceFNaNfbLAxaAyamZb 00000001400075a0 f i Framework.exe.obj
 0001:00006630       _D3std5array18__T8appenderTAaTaZ8appenderFNaNbNfZS3std5array16__T8AppenderTAaZ8Appender 0000000140007630 f i Framework.exe.obj
 0001:000066a0       _D3std5array16__T8AppenderTAaZ8Appender4Data11__xopEqualsFKxS3std5array16__T8AppenderTAaZ8Appender4DataKxS3std5array16__T8AppenderTAaZ8Appender4DataZb 00000001400076a0 f i Framework.exe.obj
 0001:00006710       _D3std5array16__T8AppenderTAaZ8Appender6__ctorMFNaNbNcNfAaZS3std5array16__T8AppenderTAaZ8Appender 0000000140007710 f i Framework.exe.obj
 0001:00006820       _D3std5array16__T8AppenderTAaZ8Appender6__ctorMFNaNbNcNfAaZS3std5array16__T8AppenderTAaZ8Appender9__lambda2MFNbNeZm 0000000140007820 f i Framework.exe.obj
 0001:00006860       _D3std5array16__T8AppenderTAaZ8Appender6__ctorMFNaNbNcNfAaZS3std5array16__T8AppenderTAaZ8Appender9__lambda3MFNbNeZAa 0000000140007860 f i Framework.exe.obj
 0001:00006880       _D3std5array16__T8AppenderTAaZ8Appender7reserveMFNaNbNfmZv 0000000140007880 f i Framework.exe.obj
 0001:00006900       _D3std5array16__T8AppenderTAaZ8Appender8capacityMxFNaNbNdNfZm 0000000140007900 f i Framework.exe.obj
 0001:00006950       _D3std5array16__T8AppenderTAaZ8Appender4dataMNgFNaNbNdNeZANga 0000000140007950 f i Framework.exe.obj
 0001:000069b0       _D3std5array16__T8AppenderTAaZ8Appender13ensureAddableMFNaNbNfmZv 00000001400079b0 f i Framework.exe.obj
 0001:00006ba0       _D3std5array16__T8AppenderTAaZ8Appender13ensureAddableMFNaNbNfmZv9__lambda2MFNbNeZm 0000000140007ba0 f i Framework.exe.obj
 0001:00006bc0       _D3std5array16__T8AppenderTAaZ8Appender13ensureAddableMFNaNbNfmZv9__lambda3MFNbNeZm 0000000140007bc0 f i Framework.exe.obj
 0001:00006c20       _D3std5array16__T8AppenderTAaZ8Appender13ensureAddableMFNaNbNfmZv9__lambda4MFNbNeZS4core6memory8BlkInfo_ 0000000140007c20 f i Framework.exe.obj
 0001:00006cd0       _D3std5array16__T8AppenderTAaZ8Appender13ensureAddableMFNaNbNfmZv9__lambda5MFNbNeZv 0000000140007cd0 f i Framework.exe.obj
 0001:00006d20       _D3std5array16__T8AppenderTAaZ8Appender13ensureAddableMFNaNbNfmZv9__lambda6MFNbNeZAa 0000000140007d20 f i Framework.exe.obj
 0001:00006d40       _D3std5array16__T8AppenderTAaZ8Appender5clearMFNaNbNfZv 0000000140007d40 f i Framework.exe.obj
 0001:00006de0       _D3std5array16__T8AppenderTAaZ8Appender5clearMFNaNbNfZv9__lambda1MFNbNeZAa 0000000140007de0 f i Framework.exe.obj
 0001:00006e10       _D3std5array16__T8AppenderTAaZ8Appender8shrinkToMFNaNfmZv 0000000140007e10 f i Framework.exe.obj
 0001:00006f90       _D3std5array16__T8AppenderTAaZ8Appender8shrinkToMFNaNfmZv12__dgliteral2MFNaNbNfZAxa 0000000140007f90 f i Framework.exe.obj
 0001:00006fa0       _D3std5array16__T8AppenderTAaZ8Appender8shrinkToMFNaNfmZv9__lambda3MFNbNeZAa 0000000140007fa0 f i Framework.exe.obj
 0001:00006fd0       _D3std5array16__T8AppenderTAaZ8Appender8shrinkToMFNaNfmZv12__dgliteral4MFNaNbNfZAxa 0000000140007fd0 f i Framework.exe.obj
 0001:00006fe0       _D6object15__T8capacityTaZ8capacityFNaNbNdAaZm 0000000140007fe0 f i Framework.exe.obj
 0001:00007010       _D3std6format18__T10FormatSpecTaZ10FormatSpec62__T17writeUpToNextSpecTS3std5array16__T8AppenderTAaZ8AppenderZ17writeUpToNextSpecMFNaNfS3std5array16__T8AppenderTAaZ8AppenderZb 0000000140008010 f i Framework.exe.obj
 0001:00007360       _D3std6format18__T10FormatSpecTaZ10FormatSpec62__T17writeUpToNextSpecTS3std5array16__T8AppenderTAaZ8AppenderZ17writeUpToNextSpecMFNaNfS3std5array16__T8AppenderTAaZ8AppenderZb12__dgliteral2MFNaNbNfZAya 0000000140008360 f i Framework.exe.obj
 0001:00007380       _D3std5array12__T5emptyTaZ5emptyFNaNbNdNfxAaZb 0000000140008380 f i Framework.exe.obj
 0001:000073a0       _D3std5range51__T3putTS3std5array16__T8AppenderTAaZ8AppenderTAxaZ3putFNaNbNfKS3std5array16__T8AppenderTAaZ8AppenderAxaZv 00000001400083a0 f i Framework.exe.obj
 0001:000073c0       _D3std5range53__T5doPutTS3std5array16__T8AppenderTAaZ8AppenderTAxaZ5doPutFNaNbNfKS3std5array16__T8AppenderTAaZ8AppenderKAxaZv 00000001400083c0 f i Framework.exe.obj
 0001:00007410       _D3std5array16__T8popFrontTxaZ8popFrontFNaNbNeKAxaZv 0000000140008410 f i Framework.exe.obj
 0001:00007570       _D3std5array13__T5frontTxaZ5frontFNaNdNfAxaZw 0000000140008570 f i Framework.exe.obj
 0001:000075d0       _D3std3utf15__T6decodeTAxaZ6decodeFNaNeKAxaKmZw 00000001400085d0 f i Framework.exe.obj
 0001:000076e0       _D3std3utf23__T10decodeImplVb1TAxaZ10decodeImplFNaKAxaKmZw 00000001400086e0 f i Framework.exe.obj
 0001:00007a20       _D3std3utf23__T10decodeImplVb1TAxaZ10decodeImplFNaKAxaKmZw10invalidUTFMFZC3std3utf12UTFException 0000000140008a20 f i Framework.exe.obj
 0001:00007a90       _D3std3utf23__T10decodeImplVb1TAxaZ10decodeImplFNaKAxaKmZw11outOfBoundsMFZC3std3utf12UTFException 0000000140008a90 f i Framework.exe.obj
 0001:00007b00       _D3std3utf23__T10decodeImplVb1TAxaZ10decodeImplFNaKAxaKmZw18__T9exceptionTAxaZ9exceptionFNaNfAxaAyaZC3std3utf12UTFException 0000000140008b00 f i Framework.exe.obj
 0001:00007ca0       _D3std5array16__T8AppenderTAaZ8Appender10__T3putTwZ3putMFNaNfwZv 0000000140008ca0 f i Framework.exe.obj
 0001:00007d60       _D3std5array15__T8popFrontTaZ8popFrontFNaNbNeKAaZv 0000000140008d60 f i Framework.exe.obj
 0001:00007ec0       _D3std5array12__T5frontTaZ5frontFNaNdNfAaZw 0000000140008ec0 f i Framework.exe.obj
 0001:00007f20       _D3std3utf14__T6decodeTAaZ6decodeFNaNeKAaKmZw 0000000140008f20 f i Framework.exe.obj
 0001:00008030       _D3std3utf22__T10decodeImplVb1TAaZ10decodeImplFNaKAaKmZw 0000000140009030 f i Framework.exe.obj
 0001:00008370       _D3std3utf22__T10decodeImplVb1TAaZ10decodeImplFNaKAaKmZw10invalidUTFMFZC3std3utf12UTFException 0000000140009370 f i Framework.exe.obj
 0001:000083e0       _D3std3utf22__T10decodeImplVb1TAaZ10decodeImplFNaKAaKmZw11outOfBoundsMFZC3std3utf12UTFException 00000001400093e0 f i Framework.exe.obj
 0001:00008450       _D3std3utf22__T10decodeImplVb1TAaZ10decodeImplFNaKAaKmZw17__T9exceptionTAaZ9exceptionFNaNfAaAyaZC3std3utf12UTFException 0000000140009450 f i Framework.exe.obj
 0001:000085f0       _D3std5array16__T8AppenderTAaZ8Appender11__T3putTAaZ3putMFNaNbNfAaZv 00000001400095f0 f i Framework.exe.obj
 0001:00008730       _D3std5array16__T8AppenderTAaZ8Appender11__T3putTAaZ3putMFNaNbNfAaZv10bigDataFunMFNaNbNeZAa 0000000140009730 f i Framework.exe.obj
 0001:00008760       _D3std5array28__T19appenderNewCapacityVm1Z19appenderNewCapacityFNaNbNfmmZm 0000000140009760 f i Framework.exe.obj
 0001:00008850       _D3std9algorithm12__T3maxTmTiZ3maxFNaNbNfmiZm 0000000140009850 f i Framework.exe.obj
 0001:00008880       _D3std9algorithm12__T3maxTmTmZ3maxFNaNbNfmmZm 0000000140009880 f i Framework.exe.obj
 0001:000088a0       _D3std5array16__T8AppenderTAaZ8Appender12__T3putTAxaZ3putMFNaNbNfAxaZv 00000001400098a0 f i Framework.exe.obj
 0001:000089e0       _D3std5array16__T8AppenderTAaZ8Appender12__T3putTAxaZ3putMFNaNbNfAxaZv10bigDataFunMFNaNbNeZAa 00000001400099e0 f i Framework.exe.obj
 0001:00008a10       _D3std9exception44__T9enforceExTC3std6format15FormatExceptionZ16__T9enforceExTbZ9enforceExFNaNfbLAyaAyamZb 0000000140009a10 f i Framework.exe.obj
 0001:00008ae0       _D3std4conv17__T4textTAyaTAxaZ4textFNaNfAyaAxaZAya 0000000140009ae0 f i Framework.exe.obj
 0001:00008b40       _D3std4conv25__T8textImplTAyaTAyaTAxaZ8textImplFNaNfAyaAxaZAya 0000000140009b40 f i Framework.exe.obj
 0001:00008bf0       _D3std4conv11__T2toTAyaZ11__T2toTAyaZ2toFNaNbNfAyaZAya 0000000140009bf0 f i Framework.exe.obj
 0001:00008c30       _D3std4conv19__T6toImplTAyaTAyaZ6toImplFNaNbNfAyaZAya 0000000140009c30 f i Framework.exe.obj
 0001:00008c40       _D3std4conv11__T2toTAyaZ11__T2toTAxaZ2toFNaNfAxaZAya 0000000140009c40 f i Framework.exe.obj
 0001:00008c80       _D3std4conv19__T6toImplTAyaTAxaZ6toImplFNaNfAxaZAya 0000000140009c80 f i Framework.exe.obj
 0001:00008cd0       _D3std4conv11__T2toTAxaZ11__T2toTAxaZ2toFNaNbNfAxaZAxa 0000000140009cd0 f i Framework.exe.obj
 0001:00008d10       _D3std4conv19__T6toImplTAxaTAxaZ6toImplFNaNbNfAxaZAxa 0000000140009d10 f i Framework.exe.obj
 0001:00008d20       _D3std4conv16__T5parseTiTAxaZ5parseFNaNfKAxaZi 0000000140009d20 f i Framework.exe.obj
 0001:00008fb0       _D3std4conv20__T9convErrorTAxaTiZ9convErrorFNaNfAxaAyamZC3std4conv13ConvException 0000000140009fb0 f i Framework.exe.obj
 0001:000090e0       _D3std4conv30__T20convError_unexpectedTAxaZ20convError_unexpectedFNaNfAxaZAya 000000014000a0e0 f i Framework.exe.obj
 0001:000091d0       _D3std4conv19__T4textTAyaTwTAyaZ4textFNaNfAyawAyaZAya 000000014000a1d0 f i Framework.exe.obj
 0001:00009230       _D3std4conv27__T8textImplTAyaTAyaTwTAyaZ8textImplFNaNfAyawAyaZAya 000000014000a230 f i Framework.exe.obj
 0001:00009330       _D3std4conv11__T2toTAyaZ9__T2toTwZ2toFNaNfwZAya 000000014000a330 f i Framework.exe.obj
 0001:00009350       _D3std4conv17__T6toImplTAyaTwZ6toImplFNaNfwZAya 000000014000a350 f i Framework.exe.obj
 0001:00009370       _D3std4conv16__T5toStrTAyaTwZ5toStrFNaNfwZAya 000000014000a370 f i Framework.exe.obj
 0001:000093f0       _D3std5array20__T8appenderTAyaTyaZ8appenderFNaNbNfZS3std5array17__T8AppenderTAyaZ8Appender 000000014000a3f0 f i Framework.exe.obj
 0001:00009460       _D3std5array17__T8AppenderTAyaZ8Appender4Data11__xopEqualsFKxS3std5array17__T8AppenderTAyaZ8Appender4DataKxS3std5array17__T8AppenderTAyaZ8Appender4DataZb 000000014000a460 f i Framework.exe.obj
 0001:000094d0       _D3std5array17__T8AppenderTAyaZ8Appender6__ctorMFNaNbNcNfAaZS3std5array17__T8AppenderTAyaZ8Appender 000000014000a4d0 f i Framework.exe.obj
 0001:000095e0       _D3std5array17__T8AppenderTAyaZ8Appender6__ctorMFNaNbNcNfAaZS3std5array17__T8AppenderTAyaZ8Appender9__lambda2MFNbNeZm 000000014000a5e0 f i Framework.exe.obj
 0001:00009620       _D3std5array17__T8AppenderTAyaZ8Appender6__ctorMFNaNbNcNfAaZS3std5array17__T8AppenderTAyaZ8Appender9__lambda3MFNbNeZAa 000000014000a620 f i Framework.exe.obj
 0001:00009640       _D3std5array17__T8AppenderTAyaZ8Appender7reserveMFNaNbNfmZv 000000014000a640 f i Framework.exe.obj
 0001:000096c0       _D3std5array17__T8AppenderTAyaZ8Appender8capacityMxFNaNbNdNfZm 000000014000a6c0 f i Framework.exe.obj
 0001:00009710       _D3std5array17__T8AppenderTAyaZ8Appender4dataMNgFNaNbNdNeZAya 000000014000a710 f i Framework.exe.obj
 0001:00009770       _D3std5array17__T8AppenderTAyaZ8Appender13ensureAddableMFNaNbNfmZv 000000014000a770 f i Framework.exe.obj
 0001:00009960       _D3std5array17__T8AppenderTAyaZ8Appender13ensureAddableMFNaNbNfmZv9__lambda2MFNbNeZm 000000014000a960 f i Framework.exe.obj
 0001:00009980       _D3std5array17__T8AppenderTAyaZ8Appender13ensureAddableMFNaNbNfmZv9__lambda3MFNbNeZm 000000014000a980 f i Framework.exe.obj
 0001:000099e0       _D3std5array17__T8AppenderTAyaZ8Appender13ensureAddableMFNaNbNfmZv9__lambda4MFNbNeZS4core6memory8BlkInfo_ 000000014000a9e0 f i Framework.exe.obj
 0001:00009a90       _D3std5array17__T8AppenderTAyaZ8Appender13ensureAddableMFNaNbNfmZv9__lambda5MFNbNeZv 000000014000aa90 f i Framework.exe.obj
 0001:00009ae0       _D3std5array17__T8AppenderTAyaZ8Appender13ensureAddableMFNaNbNfmZv9__lambda6MFNbNeZAa 000000014000aae0 f i Framework.exe.obj
 0001:00009b00       _D3std6format61__T11formatValueTS3std5array17__T8AppenderTAyaZ8AppenderTwTaZ11formatValueFNaNfS3std5array17__T8AppenderTAyaZ8AppenderwKS3std6format18__T10FormatSpecTaZ10FormatSpecZv 000000014000ab00 f i Framework.exe.obj
 0001:00009b50       _D3std5range50__T3putTS3std5array17__T8AppenderTAyaZ8AppenderTwZ3putFNaNfKS3std5array17__T8AppenderTAyaZ8AppenderwZv 000000014000ab50 f i Framework.exe.obj
 0001:00009b80       _D3std5range52__T5doPutTS3std5array17__T8AppenderTAyaZ8AppenderTwZ5doPutFNaNfKS3std5array17__T8AppenderTAyaZ8AppenderKwZv 000000014000ab80 f i Framework.exe.obj
 0001:00009bb0       _D3std5array17__T8AppenderTAyaZ8Appender10__T3putTwZ3putMFNaNfwZv 000000014000abb0 f i Framework.exe.obj
 0001:00009c70       _D3std5array17__T8AppenderTAyaZ8Appender11__T3putTAaZ3putMFNaNbNfAaZv 000000014000ac70 f i Framework.exe.obj
 0001:00009db0       _D3std5array17__T8AppenderTAyaZ8Appender11__T3putTAaZ3putMFNaNbNfAaZv10bigDataFunMFNaNbNeZAa 000000014000adb0 f i Framework.exe.obj
 0001:00009de0       _D3std6format61__T11formatValueTS3std5array17__T8AppenderTAyaZ8AppenderTkTaZ11formatValueFNaNfS3std5array17__T8AppenderTAyaZ8AppenderkKS3std6format18__T10FormatSpecTaZ10FormatSpecZv 000000014000ade0 f i Framework.exe.obj
 0001:0000a030       _D3std6format61__T11formatValueTS3std5array17__T8AppenderTAyaZ8AppenderTkTaZ11formatValueFNaNfS3std5array17__T8AppenderTAyaZ8AppenderkKS3std6format18__T10FormatSpecTaZ10FormatSpecZv16__T9__lambda4TkZ9__lambda4FNaNbNeKkZAxa 000000014000b030 f i Framework.exe.obj
 0001:0000a050       _D3std6format61__T11formatValueTS3std5array17__T8AppenderTAyaZ8AppenderTkTaZ11formatValueFNaNfS3std5array17__T8AppenderTAyaZ8AppenderkKS3std6format18__T10FormatSpecTaZ10FormatSpecZv12__dgliteral5MFNaNbNfZAya 000000014000b050 f i Framework.exe.obj
 0001:0000a070       _D3std5range51__T3putTS3std5array17__T8AppenderTAyaZ8AppenderTxaZ3putFNaNbNfKS3std5array17__T8AppenderTAyaZ8AppenderxaZv 000000014000b070 f i Framework.exe.obj
 0001:0000a0a0       _D3std5range53__T5doPutTS3std5array17__T8AppenderTAyaZ8AppenderTxaZ5doPutFNaNbNfKS3std5array17__T8AppenderTAyaZ8AppenderKxaZv 000000014000b0a0 f i Framework.exe.obj
 0001:0000a0d0       _D3std5array17__T8AppenderTAyaZ8Appender11__T3putTxaZ3putMFNaNbNfxaZv 000000014000b0d0 f i Framework.exe.obj
 0001:0000a1e0       _D3std5array17__T8AppenderTAyaZ8Appender11__T3putTxaZ3putMFNaNbNfxaZv10bigDataFunMFNaNbNeZAa 000000014000b1e0 f i Framework.exe.obj
 0001:0000a220       _D3std5array17__T8AppenderTAyaZ8Appender11__T3putTxaZ3putMFNaNbNfxaZv5uitemMFNaNbNdNeZa 000000014000b220 f i Framework.exe.obj
 0001:0000a230       _D3std6format64__T14formatIntegralTS3std5array17__T8AppenderTAyaZ8AppenderTmTaZ14formatIntegralFNaNbNfS3std5array17__T8AppenderTAyaZ8AppenderxmKS3std6format18__T10FormatSpecTaZ10FormatSpeckmZv 000000014000b230 f i Framework.exe.obj
 0001:0000a290       _D3std6format62__T14formatUnsignedTS3std5array17__T8AppenderTAyaZ8AppenderTaZ14formatUnsignedFNaNbNfS3std5array17__T8AppenderTAyaZ8AppendermKS3std6format18__T10FormatSpecTaZ10FormatSpeckbZv 000000014000b290 f i Framework.exe.obj
 0001:0000a810       _D3std5range50__T3putTS3std5array17__T8AppenderTAyaZ8AppenderTaZ3putFNaNbNfKS3std5array17__T8AppenderTAyaZ8AppenderaZv 000000014000b810 f i Framework.exe.obj
 0001:0000a840       _D3std5range52__T5doPutTS3std5array17__T8AppenderTAyaZ8AppenderTaZ5doPutFNaNbNfKS3std5array17__T8AppenderTAyaZ8AppenderKaZv 000000014000b840 f i Framework.exe.obj
 0001:0000a870       _D3std5array17__T8AppenderTAyaZ8Appender10__T3putTaZ3putMFNaNbNfaZv 000000014000b870 f i Framework.exe.obj
 0001:0000a980       _D3std5array17__T8AppenderTAyaZ8Appender10__T3putTaZ3putMFNaNbNfaZv10bigDataFunMFNaNbNeZAa 000000014000b980 f i Framework.exe.obj
 0001:0000a9c0       _D3std5array17__T8AppenderTAyaZ8Appender10__T3putTaZ3putMFNaNbNfaZv5uitemMFNbNdNeZa 000000014000b9c0 f i Framework.exe.obj
 0001:0000a9d0       _D3std5range51__T3putTS3std5array17__T8AppenderTAyaZ8AppenderTAaZ3putFNaNbNfKS3std5array17__T8AppenderTAyaZ8AppenderAaZv 000000014000b9d0 f i Framework.exe.obj
 0001:0000a9f0       _D3std5range53__T5doPutTS3std5array17__T8AppenderTAyaZ8AppenderTAaZ5doPutFNaNbNfKS3std5array17__T8AppenderTAyaZ8AppenderKAaZv 000000014000b9f0 f i Framework.exe.obj
 0001:0000aa40       _D3std4conv21__T4textTAyaTAyaTAyaZ4textFNaNbNfAyaAyaAyaZAya 000000014000ba40 f i Framework.exe.obj
 0001:0000aac0       _D3std4conv29__T8textImplTAyaTAyaTAyaTAyaZ8textImplFNaNbNfAyaAyaAyaZAya 000000014000bac0 f i Framework.exe.obj
 0001:0000abd0       _D3std4conv16__T5parseTkTAxaZ5parseFNaNfKAxaZk 000000014000bbd0 f i Framework.exe.obj
 0001:0000ade0       _D3std4conv20__T9convErrorTAxaTkZ9convErrorFNaNfAxaAyamZC3std4conv13ConvException 000000014000bde0 f i Framework.exe.obj
 0001:0000af10       _D3std9exception44__T9enforceExTC3std6format15FormatExceptionZ16__T9enforceExTmZ9enforceExFNaNfmLAyaAyamZm 000000014000bf10 f i Framework.exe.obj
 0001:0000afe0       _D3std10functional33__T9binaryFunVAyaa6_61203d3d2062Z18__T9binaryFunTwTaZ9binaryFunFNaNbNfwaZb 000000014000bfe0 f i Framework.exe.obj
 0001:0000b000       _D3std9algorithm41__T10startsWithVAyaa6_61203d3d2062TAxaTaZ10startsWithFNaNfAxaaZb 000000014000c000 f i Framework.exe.obj
 0001:0000b0a0       _D3std4conv9__T2toThZ10__T2toTxkZ2toFNaNfxkZh 000000014000c0a0 f i Framework.exe.obj
 0001:0000b0c0       _D3std4conv16__T6toImplThTxkZ6toImplFNaNfxkZh 000000014000c0c0 f i Framework.exe.obj
 0001:0000b190       _D3std4conv16__T6toImplThTxkZ6toImplFNaNfxkZh17__T9__lambda2TxkZ9__lambda2FNaNbNeKxkZh 000000014000c190 f i Framework.exe.obj
 0001:0000b1a0       _D3std4conv16__T5parseThTAxaZ5parseFNaNfKAxaZh 000000014000c1a0 f i Framework.exe.obj
 0001:0000b2f0       _D3std4conv16__T5parseThTAxaZ5parseFNaNfKAxaZh9__lambda2MFNbNeZh 000000014000c2f0 f i Framework.exe.obj
 0001:0000b300       _D3std4conv20__T9convErrorTAxaThZ9convErrorFNaNfAxaAyamZC3std4conv13ConvException 000000014000c300 f i Framework.exe.obj
 0001:0000b430       _D3std4conv9__T2toTiZ10__T2toTxkZ2toFNaNfxkZi 000000014000c430 f i Framework.exe.obj
 0001:0000b450       _D3std4conv16__T6toImplTiTxkZ6toImplFNaNfxkZi 000000014000c450 f i Framework.exe.obj
 0001:0000b4b0       _D3std4conv16__T6toImplTiTxkZ6toImplFNaNfxkZi12__dgliteral2MFNaNbNfZC6object9Throwable 000000014000c4b0 f i Framework.exe.obj
 0001:0000b540       _D3std9exception14__T7enforceTbZ7enforceFNaNfbLC6object9ThrowableZb 000000014000c540 f i Framework.exe.obj
 0001:0000b590       _D3std4conv13__T4textTAxaZ4textFNaNfAxaZAya 000000014000c590 f i Framework.exe.obj
 0001:0000b5d0       _D3std4conv21__T8textImplTAyaTAxaZ8textImplFNaNfAxaZAya 000000014000c5d0 f i Framework.exe.obj
 0001:0000b610       _D3std9exception50__T12assertThrownTC3std6format15FormatExceptionTbZ12assertThrownFNaNfLbAyaAyamZv 000000014000c610 f i Framework.exe.obj
 0001:0000b800       _D3std6string25__T6formatTaTAyaTAyaTAyaZ6formatFNaNfxAaAyaAyaAyaZAya 000000014000c800 f i Framework.exe.obj
 0001:0000b920       _D3std6string25__T6formatTaTAyaTAyaTAyaZ6formatFNaNfxAaAyaAyaAyaZAya12__dgliteral6MFNaNfZC6object9Throwable 000000014000c920 f i Framework.exe.obj
 0001:0000ba50       _D3std6format74__T14formattedWriteTS3std5array17__T8AppenderTAyaZ8AppenderTaTAyaTAyaTAyaZ14formattedWriteFNaNfS3std5array17__T8AppenderTAyaZ8AppenderxAaAyaAyaAyaZk 000000014000ca50 f i Framework.exe.obj
 0001:0000c1d0       _D3std6format74__T14formattedWriteTS3std5array17__T8AppenderTAyaZ8AppenderTaTAyaTAyaTAyaZ14formattedWriteFNaNfS3std5array17__T8AppenderTAyaZ8AppenderxAaAyaAyaAyaZk9__lambda7FNaNbNeZPFNaNbNfS3std5array17__T8AppenderTAyaZ8AppenderPxvKS3std6format18__T10FormatSpecTaZ10FormatSpecZv 000000014000d1d0 f i Framework.exe.obj
 0001:0000c1e0       _D3std6format74__T14formattedWriteTS3std5array17__T8AppenderTAyaZ8AppenderTaTAyaTAyaTAyaZ14formattedWriteFNaNfS3std5array17__T8AppenderTAyaZ8AppenderxAaAyaAyaAyaZk18__T9__lambda8TAyaZ9__lambda8FNaNbNeKAyaZxPv 000000014000d1e0 f i Framework.exe.obj
 0001:0000c1f0       _D3std6format74__T14formattedWriteTS3std5array17__T8AppenderTAyaZ8AppenderTaTAyaTAyaTAyaZ14formattedWriteFNaNfS3std5array17__T8AppenderTAyaZ8AppenderxAaAyaAyaAyaZk9__lambda9FNaNbNeZPFNaNbNfS3std5array17__T8AppenderTAyaZ8AppenderPxvKS3std6format18__T10FormatSpecTaZ10FormatSpecZv 000000014000d1f0 f i Framework.exe.obj
 0001:0000c200       _D3std6format74__T14formattedWriteTS3std5array17__T8AppenderTAyaZ8AppenderTaTAyaTAyaTAyaZ14formattedWriteFNaNfS3std5array17__T8AppenderTAyaZ8AppenderxAaAyaAyaAyaZk20__T10__lambda10TAyaZ10__lambda10FNaNbNeKAyaZxPv 000000014000d200 f i Framework.exe.obj
 0001:0000c210       _D3std6format74__T14formattedWriteTS3std5array17__T8AppenderTAyaZ8AppenderTaTAyaTAyaTAyaZ14formattedWriteFNaNfS3std5array17__T8AppenderTAyaZ8AppenderxAaAyaAyaAyaZk10__lambda11FNaNbNeZPFNaNbNfS3std5array17__T8AppenderTAyaZ8AppenderPxvKS3std6format18__T10FormatSpecTaZ10FormatSpecZv 000000014000d210 f i Framework.exe.obj
 0001:0000c220       _D3std6format74__T14formattedWriteTS3std5array17__T8AppenderTAyaZ8AppenderTaTAyaTAyaTAyaZ14formattedWriteFNaNfS3std5array17__T8AppenderTAyaZ8AppenderxAaAyaAyaAyaZk20__T10__lambda12TAyaZ10__lambda12FNaNbNeKAyaZxPv 000000014000d220 f i Framework.exe.obj
 0001:0000c230       _D3std6format74__T14formattedWriteTS3std5array17__T8AppenderTAyaZ8AppenderTaTAyaTAyaTAyaZ14formattedWriteFNaNfS3std5array17__T8AppenderTAyaZ8AppenderxAaAyaAyaAyaZk13__dgliteral13MFNaNfZAya 000000014000d230 f i Framework.exe.obj
 0001:0000c2a0       _D3std6format65__T13formatGenericTS3std5array17__T8AppenderTAyaZ8AppenderTAyaTaZ13formatGenericFNaS3std5array17__T8AppenderTAyaZ8AppenderPxvKS3std6format18__T10FormatSpecTaZ10FormatSpecZv 000000014000d2a0 f i Framework.exe.obj
 0001:0000c2e0       _D3std6format63__T11formatValueTS3std5array17__T8AppenderTAyaZ8AppenderTAyaTaZ11formatValueFNaNfS3std5array17__T8AppenderTAyaZ8AppenderAyaKS3std6format18__T10FormatSpecTaZ10FormatSpecZv 000000014000d2e0 f i Framework.exe.obj
 0001:0000c330       _D3std5array16__T8popFrontTyaZ8popFrontFNaNbNeKAyaZv 000000014000d330 f i Framework.exe.obj
 0001:0000c490       _D3std5array13__T5frontTyaZ5frontFNaNdNfAyaZw 000000014000d490 f i Framework.exe.obj
 0001:0000c4f0       _D3std3utf15__T6decodeTAyaZ6decodeFNaNeKAyaKmZw 000000014000d4f0 f i Framework.exe.obj
 0001:0000c600       _D3std3utf23__T10decodeImplVb1TAyaZ10decodeImplFNaKAyaKmZw 000000014000d600 f i Framework.exe.obj
 0001:0000c940       _D3std3utf23__T10decodeImplVb1TAyaZ10decodeImplFNaKAyaKmZw10invalidUTFMFZC3std3utf12UTFException 000000014000d940 f i Framework.exe.obj
 0001:0000c9b0       _D3std3utf23__T10decodeImplVb1TAyaZ10decodeImplFNaKAyaKmZw11outOfBoundsMFZC3std3utf12UTFException 000000014000d9b0 f i Framework.exe.obj
 0001:0000ca20       _D3std3utf23__T10decodeImplVb1TAyaZ10decodeImplFNaKAyaKmZw18__T9exceptionTAyaZ9exceptionFNaNfAyaAyaZC3std3utf12UTFException 000000014000da20 f i Framework.exe.obj
 0001:0000cbc0       _D3std6format63__T11formatRangeTS3std5array17__T8AppenderTAyaZ8AppenderTAyaTaZ11formatRangeFNaNfKS3std5array17__T8AppenderTAyaZ8AppenderKAyaKS3std6format18__T10FormatSpecTaZ10FormatSpecZv 000000014000dbc0 f i Framework.exe.obj
 0001:0000d1f0       _D3std5range52__T3putTS3std5array17__T8AppenderTAyaZ8AppenderTAyaZ3putFNaNbNfKS3std5array17__T8AppenderTAyaZ8AppenderAyaZv 000000014000e1f0 f i Framework.exe.obj
 0001:0000d210       _D3std5range54__T5doPutTS3std5array17__T8AppenderTAyaZ8AppenderTAyaZ5doPutFNaNbNfKS3std5array17__T8AppenderTAyaZ8AppenderKAyaZv 000000014000e210 f i Framework.exe.obj
 0001:0000d260       _D3std5array17__T8AppenderTAyaZ8Appender12__T3putTAyaZ3putMFNaNbNfAyaZv 000000014000e260 f i Framework.exe.obj
 0001:0000d3a0       _D3std5array17__T8AppenderTAyaZ8Appender12__T3putTAyaZ3putMFNaNbNfAyaZv10bigDataFunMFNaNbNeZAa 000000014000e3a0 f i Framework.exe.obj
 0001:0000d3d0       _D3std6format62__T11formatValueTS3std5array17__T8AppenderTAyaZ8AppenderTyaTaZ11formatValueFNaNfS3std5array17__T8AppenderTAyaZ8AppenderyaKS3std6format18__T10FormatSpecTaZ10FormatSpecZv 000000014000e3d0 f i Framework.exe.obj
 0001:0000d420       _D3std5range51__T3putTS3std5array17__T8AppenderTAyaZ8AppenderTyaZ3putFNaNbNfKS3std5array17__T8AppenderTAyaZ8AppenderyaZv 000000014000e420 f i Framework.exe.obj
 0001:0000d450       _D3std5range53__T5doPutTS3std5array17__T8AppenderTAyaZ8AppenderTyaZ5doPutFNaNbNfKS3std5array17__T8AppenderTAyaZ8AppenderKyaZv 000000014000e450 f i Framework.exe.obj
 0001:0000d480       _D3std5array17__T8AppenderTAyaZ8Appender11__T3putTyaZ3putMFNaNbNfyaZv 000000014000e480 f i Framework.exe.obj
 0001:0000d590       _D3std5array17__T8AppenderTAyaZ8Appender11__T3putTyaZ3putMFNaNbNfyaZv10bigDataFunMFNaNbNeZAa 000000014000e590 f i Framework.exe.obj
 0001:0000d5d0       _D3std5array17__T8AppenderTAyaZ8Appender11__T3putTyaZ3putMFNaNbNfyaZv5uitemMFNaNbNdNeZa 000000014000e5d0 f i Framework.exe.obj
 0001:0000d5e0       _D3std6format61__T11formatValueTS3std5array17__T8AppenderTAyaZ8AppenderThTaZ11formatValueFNaNfS3std5array17__T8AppenderTAyaZ8AppenderhKS3std6format18__T10FormatSpecTaZ10FormatSpecZv 000000014000e5e0 f i Framework.exe.obj
 0001:0000d830       _D3std6format61__T11formatValueTS3std5array17__T8AppenderTAyaZ8AppenderThTaZ11formatValueFNaNfS3std5array17__T8AppenderTAyaZ8AppenderhKS3std6format18__T10FormatSpecTaZ10FormatSpecZv16__T9__lambda4ThZ9__lambda4FNaNbNeKhZAxa 000000014000e830 f i Framework.exe.obj
 0001:0000d850       _D3std6format61__T11formatValueTS3std5array17__T8AppenderTAyaZ8AppenderThTaZ11formatValueFNaNfS3std5array17__T8AppenderTAyaZ8AppenderhKS3std6format18__T10FormatSpecTaZ10FormatSpecZv12__dgliteral5MFNaNbNfZAya 000000014000e850 f i Framework.exe.obj
 0001:0000d870       _D3std6format18__T10FormatSpecTaZ10FormatSpec63__T17writeUpToNextSpecTS3std5array17__T8AppenderTAyaZ8AppenderZ17writeUpToNextSpecMFNaNfS3std5array17__T8AppenderTAyaZ8AppenderZb 000000014000e870 f i Framework.exe.obj
 0001:0000dbc0       _D3std6format18__T10FormatSpecTaZ10FormatSpec63__T17writeUpToNextSpecTS3std5array17__T8AppenderTAyaZ8AppenderZ17writeUpToNextSpecMFNaNfS3std5array17__T8AppenderTAyaZ8AppenderZb12__dgliteral2MFNaNbNfZAya 000000014000ebc0 f i Framework.exe.obj
 0001:0000dbe0       _D3std5range52__T3putTS3std5array17__T8AppenderTAyaZ8AppenderTAxaZ3putFNaNbNfKS3std5array17__T8AppenderTAyaZ8AppenderAxaZv 000000014000ebe0 f i Framework.exe.obj
 0001:0000dc00       _D3std5range54__T5doPutTS3std5array17__T8AppenderTAyaZ8AppenderTAxaZ5doPutFNaNbNfKS3std5array17__T8AppenderTAyaZ8AppenderKAxaZv 000000014000ec00 f i Framework.exe.obj
 0001:0000dc50       _D3std5array17__T8AppenderTAyaZ8Appender12__T3putTAxaZ3putMFNaNbNfAxaZv 000000014000ec50 f i Framework.exe.obj
 0001:0000dd90       _D3std5array17__T8AppenderTAyaZ8Appender12__T3putTAxaZ3putMFNaNbNfAxaZv10bigDataFunMFNaNbNeZAa 000000014000ed90 f i Framework.exe.obj
 0001:0000ddc0       _D3std6format63__T13formatElementTS3std5array17__T8AppenderTAyaZ8AppenderTwTaZ13formatElementFNaNfS3std5array17__T8AppenderTAyaZ8AppenderwKS3std6format18__T10FormatSpecTaZ10FormatSpecZv 000000014000edc0 f i Framework.exe.obj
 0001:0000de50       _D3std6format56__T10formatCharTS3std5array17__T8AppenderTAyaZ8AppenderZ10formatCharFNaNfS3std5array17__T8AppenderTAyaZ8AppenderxwxaZv 000000014000ee50 f i Framework.exe.obj
 0001:0000e160       _D3std5range51__T3putTS3std5array17__T8AppenderTAyaZ8AppenderTxwZ3putFNaNfKS3std5array17__T8AppenderTAyaZ8AppenderxwZv 000000014000f160 f i Framework.exe.obj
 0001:0000e190       _D3std5range53__T5doPutTS3std5array17__T8AppenderTAyaZ8AppenderTxwZ5doPutFNaNfKS3std5array17__T8AppenderTAyaZ8AppenderKxwZv 000000014000f190 f i Framework.exe.obj
 0001:0000e1c0       _D3std5array17__T8AppenderTAyaZ8Appender11__T3putTxwZ3putMFNaNfxwZv 000000014000f1c0 f i Framework.exe.obj
 0001:0000e280       _D3std6format64__T14formattedWriteTS3std5array17__T8AppenderTAyaZ8AppenderTaTkZ14formattedWriteFNaNfS3std5array17__T8AppenderTAyaZ8AppenderxAakZk 000000014000f280 f i Framework.exe.obj
 0001:0000e790       _D3std6format64__T14formattedWriteTS3std5array17__T8AppenderTAyaZ8AppenderTaTkZ14formattedWriteFNaNfS3std5array17__T8AppenderTAyaZ8AppenderxAakZk9__lambda5FNaNbNeZPFNaNbNfS3std5array17__T8AppenderTAyaZ8AppenderPxvKS3std6format18__T10FormatSpecTaZ10FormatSpecZv 000000014000f790 f i Framework.exe.obj
 0001:0000e7a0       _D3std6format64__T14formattedWriteTS3std5array17__T8AppenderTAyaZ8AppenderTaTkZ14formattedWriteFNaNfS3std5array17__T8AppenderTAyaZ8AppenderxAakZk16__T9__lambda6TkZ9__lambda6FNaNbNeKkZxPv 000000014000f7a0 f i Framework.exe.obj
 0001:0000e7b0       _D3std6format64__T14formattedWriteTS3std5array17__T8AppenderTAyaZ8AppenderTaTkZ14formattedWriteFNaNfS3std5array17__T8AppenderTAyaZ8AppenderxAakZk12__dgliteral7MFNaNfZAya 000000014000f7b0 f i Framework.exe.obj
 0001:0000e820       _D3std6format63__T13formatGenericTS3std5array17__T8AppenderTAyaZ8AppenderTkTaZ13formatGenericFNaS3std5array17__T8AppenderTAyaZ8AppenderPxvKS3std6format18__T10FormatSpecTaZ10FormatSpecZv 000000014000f820 f i Framework.exe.obj
 0001:0000e840       _D3std6format16__T9getNthIntTkZ9getNthIntFNaNfkkZi 000000014000f840 f i Framework.exe.obj
 0001:0000e880       _D3std6format14__T9getNthIntZ9getNthIntFNaNfkZi 000000014000f880 f i Framework.exe.obj
 0001:0000e930       _D3std4conv9__T2toTiZ9__T2toTkZ2toFNaNfkZi 000000014000f930 f i Framework.exe.obj
 0001:0000e950       _D3std4conv15__T6toImplTiTkZ6toImplFNaNfkZi 000000014000f950 f i Framework.exe.obj
 0001:0000e9b0       _D3std4conv15__T6toImplTiTkZ6toImplFNaNfkZi12__dgliteral2MFNaNbNfZC6object9Throwable 000000014000f9b0 f i Framework.exe.obj
 0001:0000ea40       _D3std4conv9__T2toTiZ9__T2toTiZ2toFNaNbNfiZi 000000014000fa40 f i Framework.exe.obj
 0001:0000ea60       _D3std4conv15__T6toImplTiTiZ6toImplFNaNbNfiZi 000000014000fa60 f i Framework.exe.obj
 0001:0000ea70       _D3std6format58__T9formatNthTS3std5array17__T8AppenderTAyaZ8AppenderTaTkZ9formatNthFNaNfS3std5array17__T8AppenderTAyaZ8AppenderKS3std6format18__T10FormatSpecTaZ10FormatSpecmkZv 000000014000fa70 f i Framework.exe.obj
 0001:0000eb50       _D3std6format58__T9formatNthTS3std5array17__T8AppenderTAyaZ8AppenderTaTkZ9formatNthFNaNfS3std5array17__T8AppenderTAyaZ8AppenderKS3std6format18__T10FormatSpecTaZ10FormatSpecmkZv15__T7gencodeVm1Z7gencodeFNaNfZAya 000000014000fb50 f i Framework.exe.obj
 0001:0000ec50       _D3std4conv11__T2toTAyaZ9__T2toTmZ2toFNaNfmZAya 000000014000fc50 f i Framework.exe.obj
 0001:0000ec70       _D3std4conv17__T6toImplTAyaTmZ6toImplFNaNfmZAya 000000014000fc70 f i Framework.exe.obj
 0001:0000eca0       _D3std4conv17__T6toImplTAyaTmZ6toImplFNaNemkE3std5ascii10LetterCaseZAya 000000014000fca0 f i Framework.exe.obj
 0001:0000edf0       _D3std4conv17__T6toImplTAyaTmZ6toImplFNaNemkE3std5ascii10LetterCaseZAya12__dgliteral4MFNaNbNfZC6object9Throwable 000000014000fdf0 f i Framework.exe.obj
 0001:0000ee80       _D3std4conv17__T6toImplTAyaTmZ6toImplFNaNemkE3std5ascii10LetterCaseZAya37__T20toStringRadixConvertVm25Vi10Vb1Z20toStringRadixConvertMFkZAya 000000014000fe80 f i Framework.exe.obj
 0001:0000efd0       _D3std4conv15__T8unsignedTmZ8unsignedFNaNbNfmZm 000000014000ffd0 f i Framework.exe.obj
 0001:0000efe0       _D3std4conv17__T6toImplTAyaTmZ6toImplFNaNemkE3std5ascii10LetterCaseZAya34__T20toStringRadixConvertVm24Vi10Z20toStringRadixConvertMFkZAya 000000014000ffe0 f i Framework.exe.obj
 0001:0000f100       _D3std4conv17__T6toImplTAyaTmZ6toImplFNaNemkE3std5ascii10LetterCaseZAya34__T20toStringRadixConvertVm16Vi16Z20toStringRadixConvertMFkZAya 0000000140010100 f i Framework.exe.obj
 0001:0000f240       _D3std4conv17__T6toImplTAyaTmZ6toImplFNaNemkE3std5ascii10LetterCaseZAya33__T20toStringRadixConvertVm64Vi2Z20toStringRadixConvertMFkZAya 0000000140010240 f i Framework.exe.obj
 0001:0000f340       _D3std4conv17__T6toImplTAyaTmZ6toImplFNaNemkE3std5ascii10LetterCaseZAya33__T20toStringRadixConvertVm24Vi8Z20toStringRadixConvertMFkZAya 0000000140010340 f i Framework.exe.obj
 0001:0000f450       _D3std4conv17__T6toImplTAyaTmZ6toImplFNaNemkE3std5ascii10LetterCaseZAya30__T20toStringRadixConvertVm48Z20toStringRadixConvertMFkZAya 0000000140010450 f i Framework.exe.obj
 0001:0000f5a0       _D3std4conv15__T4textTAyaTaZ4textFNaNfAyaaZAya 00000001400105a0 f i Framework.exe.obj
 0001:0000f5e0       _D3std4conv23__T8textImplTAyaTAyaTaZ8textImplFNaNfAyaaZAya 00000001400105e0 f i Framework.exe.obj
 0001:0000f680       _D3std4conv11__T2toTAyaZ9__T2toTaZ2toFNaNfaZAya 0000000140010680 f i Framework.exe.obj
 0001:0000f6a0       _D3std4conv17__T6toImplTAyaTaZ6toImplFNaNfaZAya 00000001400106a0 f i Framework.exe.obj
 0001:0000f6c0       _D3std4conv16__T5toStrTAyaTaZ5toStrFNaNfaZAya 00000001400106c0 f i Framework.exe.obj
 0001:0000f740       _D3std6format61__T11formatValueTS3std5array17__T8AppenderTAyaZ8AppenderTaTaZ11formatValueFNaNfS3std5array17__T8AppenderTAyaZ8AppenderaKS3std6format18__T10FormatSpecTaZ10FormatSpecZv 0000000140010740 f i Framework.exe.obj
 0001:0000f790       _D3std6format26__T9getNthIntTAyaTAyaTAyaZ9getNthIntFNaNfkAyaAyaAyaZi 0000000140010790 f i Framework.exe.obj
 0001:0000f8a0       _D3std6format22__T9getNthIntTAyaTAyaZ9getNthIntFNaNfkAyaAyaZi 00000001400108a0 f i Framework.exe.obj
 0001:0000f990       _D3std6format18__T9getNthIntTAyaZ9getNthIntFNaNfkAyaZi 0000000140010990 f i Framework.exe.obj
 0001:0000fa70       _D3std6format68__T9formatNthTS3std5array17__T8AppenderTAyaZ8AppenderTaTAyaTAyaTAyaZ9formatNthFNaNfS3std5array17__T8AppenderTAyaZ8AppenderKS3std6format18__T10FormatSpecTaZ10FormatSpecmAyaAyaAyaZv 0000000140010a70 f i Framework.exe.obj
 0001:0000fbe0       _D3std6format68__T9formatNthTS3std5array17__T8AppenderTAyaZ8AppenderTaTAyaTAyaTAyaZ9formatNthFNaNfS3std5array17__T8AppenderTAyaZ8AppenderKS3std6format18__T10FormatSpecTaZ10FormatSpecmAyaAyaAyaZv15__T7gencodeVm3Z7gencodeFNaNfZAya 0000000140010be0 f i Framework.exe.obj
 0001:0000fce0       _D3std4conv25__T4textTAyaTkTAyaTmTAyaZ4textFNaNfAyakAyamAyaZAya 0000000140010ce0 f i Framework.exe.obj
 0001:0000fd60       _D3std4conv33__T8textImplTAyaTAyaTkTAyaTmTAyaZ8textImplFNaNfAyakAyamAyaZAya 0000000140010d60 f i Framework.exe.obj
 0001:0000ff10       _D3std4conv11__T2toTAyaZ9__T2toTkZ2toFNaNfkZAya 0000000140010f10 f i Framework.exe.obj
 0001:0000ff30       _D3std4conv17__T6toImplTAyaTkZ6toImplFNaNfkZAya 0000000140010f30 f i Framework.exe.obj
 0001:0000ff60       _D3std4conv17__T6toImplTAyaTkZ6toImplFNaNekkE3std5ascii10LetterCaseZAya 0000000140010f60 f i Framework.exe.obj
 0001:000100b0       _D3std4conv17__T6toImplTAyaTkZ6toImplFNaNekkE3std5ascii10LetterCaseZAya12__dgliteral4MFNaNbNfZC6object9Throwable 00000001400110b0 f i Framework.exe.obj
 0001:00010140       _D3std4conv17__T6toImplTAyaTkZ6toImplFNaNekkE3std5ascii10LetterCaseZAya37__T20toStringRadixConvertVm13Vi10Vb1Z20toStringRadixConvertMFkZAya 0000000140011140 f i Framework.exe.obj
 0001:000102a0       _D3std4conv15__T8unsignedTkZ8unsignedFNaNbNfkZk 00000001400112a0 f i Framework.exe.obj
 0001:000102b0       _D3std4conv17__T6toImplTAyaTkZ6toImplFNaNekkE3std5ascii10LetterCaseZAya34__T20toStringRadixConvertVm12Vi10Z20toStringRadixConvertMFkZAya 00000001400112b0 f i Framework.exe.obj
 0001:000103d0       _D3std4conv17__T6toImplTAyaTkZ6toImplFNaNekkE3std5ascii10LetterCaseZAya33__T20toStringRadixConvertVm8Vi16Z20toStringRadixConvertMFkZAya 00000001400113d0 f i Framework.exe.obj
 0001:00010500       _D3std4conv17__T6toImplTAyaTkZ6toImplFNaNekkE3std5ascii10LetterCaseZAya33__T20toStringRadixConvertVm32Vi2Z20toStringRadixConvertMFkZAya 0000000140011500 f i Framework.exe.obj
 0001:00010600       _D3std4conv17__T6toImplTAyaTkZ6toImplFNaNekkE3std5ascii10LetterCaseZAya33__T20toStringRadixConvertVm12Vi8Z20toStringRadixConvertMFkZAya 0000000140011600 f i Framework.exe.obj
 0001:00010700       _D3std4conv17__T6toImplTAyaTkZ6toImplFNaNekkE3std5ascii10LetterCaseZAya30__T20toStringRadixConvertVm24Z20toStringRadixConvertMFkZAya 0000000140011700 f i Framework.exe.obj
 0001:00010850       _D3std6format62__T11formatValueTS3std5array17__T8AppenderTAyaZ8AppenderTxhTaZ11formatValueFNaNfS3std5array17__T8AppenderTAyaZ8AppenderxhKS3std6format18__T10FormatSpecTaZ10FormatSpecZv 0000000140011850 f i Framework.exe.obj
 0001:00010aa0       _D3std6format62__T11formatValueTS3std5array17__T8AppenderTAyaZ8AppenderTxhTaZ11formatValueFNaNfS3std5array17__T8AppenderTAyaZ8AppenderxhKS3std6format18__T10FormatSpecTaZ10FormatSpecZv17__T9__lambda4TxhZ9__lambda4FNaNbNeKxhZAxa 0000000140011aa0 f i Framework.exe.obj
 0001:00010ac0       _D3std6format62__T11formatValueTS3std5array17__T8AppenderTAyaZ8AppenderTxhTaZ11formatValueFNaNfS3std5array17__T8AppenderTAyaZ8AppenderxhKS3std6format18__T10FormatSpecTaZ10FormatSpecZv12__dgliteral5MFNaNbNfZAya 0000000140011ac0 f i Framework.exe.obj
 0001:00010ae0       _D3std6format62__T11formatValueTS3std5array17__T8AppenderTAyaZ8AppenderTxiTaZ11formatValueFNaNfS3std5array17__T8AppenderTAyaZ8AppenderxiKS3std6format18__T10FormatSpecTaZ10FormatSpecZv 0000000140011ae0 f i Framework.exe.obj
 0001:00010d30       _D3std6format62__T11formatValueTS3std5array17__T8AppenderTAyaZ8AppenderTxiTaZ11formatValueFNaNfS3std5array17__T8AppenderTAyaZ8AppenderxiKS3std6format18__T10FormatSpecTaZ10FormatSpecZv17__T9__lambda4TxiZ9__lambda4FNaNbNeKxiZAxa 0000000140011d30 f i Framework.exe.obj
 0001:00010d50       _D3std6format62__T11formatValueTS3std5array17__T8AppenderTAyaZ8AppenderTxiTaZ11formatValueFNaNfS3std5array17__T8AppenderTAyaZ8AppenderxiKS3std6format18__T10FormatSpecTaZ10FormatSpecZv12__dgliteral5MFNaNbNfZAya 0000000140011d50 f i Framework.exe.obj
 0001:00010d70       _D3std6format64__T14formatIntegralTS3std5array17__T8AppenderTAyaZ8AppenderTlTaZ14formatIntegralFNaNbNfS3std5array17__T8AppenderTAyaZ8AppenderxlKS3std6format18__T10FormatSpecTaZ10FormatSpeckmZv 0000000140011d70 f i Framework.exe.obj
 0001:00010e00       _D3std5array20__T8appenderTAxaTxaZ8appenderFNaNbNfZS3std5array17__T8AppenderTAxaZ8Appender 0000000140011e00 f i Framework.exe.obj
 0001:00010e70       _D3std5array17__T8AppenderTAxaZ8Appender4Data11__xopEqualsFKxS3std5array17__T8AppenderTAxaZ8Appender4DataKxS3std5array17__T8AppenderTAxaZ8Appender4DataZb 0000000140011e70 f i Framework.exe.obj
 0001:00010ee0       _D3std5array17__T8AppenderTAxaZ8Appender6__ctorMFNaNbNcNfAaZS3std5array17__T8AppenderTAxaZ8Appender 0000000140011ee0 f i Framework.exe.obj
 0001:00010ff0       _D3std5array17__T8AppenderTAxaZ8Appender6__ctorMFNaNbNcNfAaZS3std5array17__T8AppenderTAxaZ8Appender9__lambda2MFNbNeZm 0000000140011ff0 f i Framework.exe.obj
 0001:00011030       _D3std5array17__T8AppenderTAxaZ8Appender6__ctorMFNaNbNcNfAaZS3std5array17__T8AppenderTAxaZ8Appender9__lambda3MFNbNeZAa 0000000140012030 f i Framework.exe.obj
 0001:00011050       _D3std5array17__T8AppenderTAxaZ8Appender7reserveMFNaNbNfmZv 0000000140012050 f i Framework.exe.obj
 0001:000110d0       _D3std5array17__T8AppenderTAxaZ8Appender8capacityMxFNaNbNdNfZm 00000001400120d0 f i Framework.exe.obj
 0001:00011120       _D3std5array17__T8AppenderTAxaZ8Appender4dataMNgFNaNbNdNeZANgxa 0000000140012120 f i Framework.exe.obj
 0001:00011180       _D3std5array17__T8AppenderTAxaZ8Appender13ensureAddableMFNaNbNfmZv 0000000140012180 f i Framework.exe.obj
 0001:00011370       _D3std5array17__T8AppenderTAxaZ8Appender13ensureAddableMFNaNbNfmZv9__lambda2MFNbNeZm 0000000140012370 f i Framework.exe.obj
 0001:00011390       _D3std5array17__T8AppenderTAxaZ8Appender13ensureAddableMFNaNbNfmZv9__lambda3MFNbNeZm 0000000140012390 f i Framework.exe.obj
 0001:000113f0       _D3std5array17__T8AppenderTAxaZ8Appender13ensureAddableMFNaNbNfmZv9__lambda4MFNbNeZS4core6memory8BlkInfo_ 00000001400123f0 f i Framework.exe.obj
 0001:000114a0       _D3std5array17__T8AppenderTAxaZ8Appender13ensureAddableMFNaNbNfmZv9__lambda5MFNbNeZv 00000001400124a0 f i Framework.exe.obj
 0001:000114f0       _D3std5array17__T8AppenderTAxaZ8Appender13ensureAddableMFNaNbNfmZv9__lambda6MFNbNeZAa 00000001400124f0 f i Framework.exe.obj
 0001:00011510       _D3std5array17__T8AppenderTAxaZ8Appender10__T3putTaZ3putMFNaNbNfaZv 0000000140012510 f i Framework.exe.obj
 0001:00011620       _D3std5array17__T8AppenderTAxaZ8Appender10__T3putTaZ3putMFNaNbNfaZv10bigDataFunMFNaNbNeZAa 0000000140012620 f i Framework.exe.obj
 0001:00011660       _D3std5array17__T8AppenderTAxaZ8Appender10__T3putTaZ3putMFNaNbNfaZv5uitemMFNbNdNeZa 0000000140012660 f i Framework.exe.obj
 0001:00011670       _D3std5array17__T8AppenderTAxaZ8Appender10__T3putTwZ3putMFNaNfwZv 0000000140012670 f i Framework.exe.obj
 0001:00011730       _D3std5array17__T8AppenderTAxaZ8Appender11__T3putTAaZ3putMFNaNbNfAaZv 0000000140012730 f i Framework.exe.obj
 0001:00011870       _D3std5array17__T8AppenderTAxaZ8Appender11__T3putTAaZ3putMFNaNbNfAaZv10bigDataFunMFNaNbNeZAa 0000000140012870 f i Framework.exe.obj
 0001:000118a0       _D3std4conv96__T4textTAyaTPvTAyaTiTAyaTiTAyaTaTAyaThTAyaThTAyaTbTAyaTbTAyaTbTAyaTbTAyaTbTAyaTAxaTAyaTAxaTAyaZ4textFNaNfAyaPvAyaiAyaiAyaaAyahAyahAyabAyabAyabAyabAyabAyaAxaAyaAxaAyaZAya 00000001400128a0 f i Framework.exe.obj
 0001:00011b70       _D3std4conv104__T8textImplTAyaTAyaTPvTAyaTiTAyaTiTAyaTaTAyaThTAyaThTAyaTbTAyaTbTAyaTbTAyaTbTAyaTbTAyaTAxaTAyaTAxaTAyaZ8textImplFNaNfAyaPvAyaiAyaiAyaaAyahAyahAyabAyabAyabAyabAyabAyaAxaAyaAxaAyaZAya 0000000140012b70 f i Framework.exe.obj
 0001:000125b0       _D3std4conv11__T2toTAyaZ10__T2toTPvZ2toFNaNfPvZAya 00000001400135b0 f i Framework.exe.obj
 0001:000125d0       _D3std4conv18__T6toImplTAyaTPvZ6toImplFNaNfPvZAya 00000001400135d0 f i Framework.exe.obj
 0001:000125f0       _D3std4conv17__T5toStrTAyaTPvZ5toStrFNaNfPvZAya 00000001400135f0 f i Framework.exe.obj
 0001:00012670       _D3std6format62__T11formatValueTS3std5array17__T8AppenderTAyaZ8AppenderTPvTaZ11formatValueFNaNfS3std5array17__T8AppenderTAyaZ8AppenderPvKS3std6format18__T10FormatSpecTaZ10FormatSpecZv 0000000140013670 f i Framework.exe.obj
 0001:000127f0       _D3std6format62__T11formatValueTS3std5array17__T8AppenderTAyaZ8AppenderTPvTaZ11formatValueFNaNfS3std5array17__T8AppenderTAyaZ8AppenderPvKS3std6format18__T10FormatSpecTaZ10FormatSpecZv9__lambda4MFNbNeZm 00000001400137f0 f i Framework.exe.obj
 0001:00012800       _D3std6format62__T11formatValueTS3std5array17__T8AppenderTAyaZ8AppenderTPvTaZ11formatValueFNaNfS3std5array17__T8AppenderTAyaZ8AppenderPvKS3std6format18__T10FormatSpecTaZ10FormatSpecZv12__dgliteral5MFNaNbNfZAya 0000000140013800 f i Framework.exe.obj
 0001:00012820       _D3std6format62__T11formatValueTS3std5array17__T8AppenderTAyaZ8AppenderTxmTaZ11formatValueFNaNfS3std5array17__T8AppenderTAyaZ8AppenderxmKS3std6format18__T10FormatSpecTaZ10FormatSpecZv 0000000140013820 f i Framework.exe.obj
 0001:00012a70       _D3std6format62__T11formatValueTS3std5array17__T8AppenderTAyaZ8AppenderTxmTaZ11formatValueFNaNfS3std5array17__T8AppenderTAyaZ8AppenderxmKS3std6format18__T10FormatSpecTaZ10FormatSpecZv17__T9__lambda4TxmZ9__lambda4FNaNbNeKxmZAxa 0000000140013a70 f i Framework.exe.obj
 0001:00012a90       _D3std6format62__T11formatValueTS3std5array17__T8AppenderTAyaZ8AppenderTxmTaZ11formatValueFNaNfS3std5array17__T8AppenderTAyaZ8AppenderxmKS3std6format18__T10FormatSpecTaZ10FormatSpecZv12__dgliteral5MFNaNbNfZAya 0000000140013a90 f i Framework.exe.obj
 0001:00012ab0       _D3std4conv11__T2toTAyaZ9__T2toTiZ2toFNaNfiZAya 0000000140013ab0 f i Framework.exe.obj
 0001:00012ad0       _D3std4conv17__T6toImplTAyaTiZ6toImplFNaNfiZAya 0000000140013ad0 f i Framework.exe.obj
 0001:00012b00       _D3std4conv17__T6toImplTAyaTiZ6toImplFNaNeikE3std5ascii10LetterCaseZAya 0000000140013b00 f i Framework.exe.obj
 0001:00012c80       _D3std4conv17__T6toImplTAyaTiZ6toImplFNaNeikE3std5ascii10LetterCaseZAya12__dgliteral4MFNaNbNfZC6object9Throwable 0000000140013c80 f i Framework.exe.obj
 0001:00012d10       _D3std4conv17__T6toImplTAyaTiZ6toImplFNaNeikE3std5ascii10LetterCaseZAya37__T20toStringRadixConvertVm13Vi10Vb1Z20toStringRadixConvertMFkZAya 0000000140013d10 f i Framework.exe.obj
 0001:00012e70       _D3std4conv15__T8unsignedTiZ8unsignedFNaNbNfiZk 0000000140013e70 f i Framework.exe.obj
 0001:00012e80       _D3std4conv17__T6toImplTAyaTiZ6toImplFNaNeikE3std5ascii10LetterCaseZAya34__T20toStringRadixConvertVm12Vi10Z20toStringRadixConvertMFkZAya 0000000140013e80 f i Framework.exe.obj
 0001:00012fa0       _D3std4conv17__T6toImplTAyaTiZ6toImplFNaNeikE3std5ascii10LetterCaseZAya33__T20toStringRadixConvertVm8Vi16Z20toStringRadixConvertMFkZAya 0000000140013fa0 f i Framework.exe.obj
 0001:000130d0       _D3std4conv17__T6toImplTAyaTiZ6toImplFNaNeikE3std5ascii10LetterCaseZAya33__T20toStringRadixConvertVm32Vi2Z20toStringRadixConvertMFkZAya 00000001400140d0 f i Framework.exe.obj
 0001:000131d0       _D3std4conv17__T6toImplTAyaTiZ6toImplFNaNeikE3std5ascii10LetterCaseZAya33__T20toStringRadixConvertVm12Vi8Z20toStringRadixConvertMFkZAya 00000001400141d0 f i Framework.exe.obj
 0001:000132d0       _D3std4conv17__T6toImplTAyaTiZ6toImplFNaNeikE3std5ascii10LetterCaseZAya30__T20toStringRadixConvertVm24Z20toStringRadixConvertMFkZAya 00000001400142d0 f i Framework.exe.obj
 0001:00013420       _D3std4conv11__T2toTAyaZ9__T2toThZ2toFNaNfhZAya 0000000140014420 f i Framework.exe.obj
 0001:00013440       _D3std4conv17__T6toImplTAyaThZ6toImplFNaNfhZAya 0000000140014440 f i Framework.exe.obj
 0001:00013470       _D3std4conv17__T6toImplTAyaThZ6toImplFNaNehkE3std5ascii10LetterCaseZAya 0000000140014470 f i Framework.exe.obj
 0001:000135c0       _D3std4conv17__T6toImplTAyaThZ6toImplFNaNehkE3std5ascii10LetterCaseZAya12__dgliteral4MFNaNbNfZC6object9Throwable 00000001400145c0 f i Framework.exe.obj
 0001:00013650       _D3std4conv17__T6toImplTAyaThZ6toImplFNaNehkE3std5ascii10LetterCaseZAya36__T20toStringRadixConvertVm4Vi10Vb1Z20toStringRadixConvertMFkZAya 0000000140014650 f i Framework.exe.obj
 0001:000137c0       _D3std4conv15__T8unsignedThZ8unsignedFNaNbNfhZh 00000001400147c0 f i Framework.exe.obj
 0001:000137d0       _D3std4conv17__T6toImplTAyaThZ6toImplFNaNehkE3std5ascii10LetterCaseZAya33__T20toStringRadixConvertVm3Vi10Z20toStringRadixConvertMFkZAya 00000001400147d0 f i Framework.exe.obj
 0001:00013900       _D3std4conv17__T6toImplTAyaThZ6toImplFNaNehkE3std5ascii10LetterCaseZAya33__T20toStringRadixConvertVm2Vi16Z20toStringRadixConvertMFkZAya 0000000140014900 f i Framework.exe.obj
 0001:00013a50       _D3std4conv17__T6toImplTAyaThZ6toImplFNaNehkE3std5ascii10LetterCaseZAya32__T20toStringRadixConvertVm8Vi2Z20toStringRadixConvertMFkZAya 0000000140014a50 f i Framework.exe.obj
 0001:00013b60       _D3std4conv17__T6toImplTAyaThZ6toImplFNaNehkE3std5ascii10LetterCaseZAya32__T20toStringRadixConvertVm3Vi8Z20toStringRadixConvertMFkZAya 0000000140014b60 f i Framework.exe.obj
 0001:00013c70       _D3std4conv17__T6toImplTAyaThZ6toImplFNaNehkE3std5ascii10LetterCaseZAya29__T20toStringRadixConvertVm6Z20toStringRadixConvertMFkZAya 0000000140014c70 f i Framework.exe.obj
 0001:00013dd0       _D3std4conv11__T2toTAyaZ9__T2toTbZ2toFNaNfbZAya 0000000140014dd0 f i Framework.exe.obj
 0001:00013df0       _D3std4conv17__T6toImplTAyaTbZ6toImplFNaNfbZAya 0000000140014df0 f i Framework.exe.obj
 0001:00013e10       _D3std4conv16__T5toStrTAyaTbZ5toStrFNaNfbZAya 0000000140014e10 f i Framework.exe.obj
 0001:00013e90       _D3std6format61__T11formatValueTS3std5array17__T8AppenderTAyaZ8AppenderTbTaZ11formatValueFNaNfS3std5array17__T8AppenderTAyaZ8AppenderbKS3std6format18__T10FormatSpecTaZ10FormatSpecZv 0000000140014e90 f i Framework.exe.obj
 0001:00014010       _D3std6format61__T11formatValueTS3std5array17__T8AppenderTAyaZ8AppenderTiTaZ11formatValueFNaNfS3std5array17__T8AppenderTAyaZ8AppenderiKS3std6format18__T10FormatSpecTaZ10FormatSpecZv 0000000140015010 f i Framework.exe.obj
 0001:00014260       _D3std6format61__T11formatValueTS3std5array17__T8AppenderTAyaZ8AppenderTiTaZ11formatValueFNaNfS3std5array17__T8AppenderTAyaZ8AppenderiKS3std6format18__T10FormatSpecTaZ10FormatSpecZv16__T9__lambda4TiZ9__lambda4FNaNbNeKiZAxa 0000000140015260 f i Framework.exe.obj
 0001:00014280       _D3std6format61__T11formatValueTS3std5array17__T8AppenderTAyaZ8AppenderTiTaZ11formatValueFNaNfS3std5array17__T8AppenderTAyaZ8AppenderiKS3std6format18__T10FormatSpecTaZ10FormatSpecZv12__dgliteral5MFNaNbNfZAya 0000000140015280 f i Framework.exe.obj
 0001:000142a0       _D3std3uni25__T16SliceOverIndexedTAiZ16SliceOverIndexed69__T8opEqualsTxS3std3uni25__T16SliceOverIndexedTAiZ16SliceOverIndexedZ8opEqualsMxFNaNbNfKxS3std3uni25__T16SliceOverIndexedTAiZ16SliceOverIndexedZb 00000001400152a0 f i Framework.exe.obj
 0001:000143c0       _D4main9__modtestFZv       00000001400153c0 f i Framework.exe.obj
 0001:00014400       _D4main15__unittest_failFiZv 0000000140015400 f i Framework.exe.obj
 0001:00014430       main                       0000000140015430 f i Framework.exe.obj
 0001:00014450       _D6System6_Class4Type4Type23GetTypeFromHandleUnsafeFS6System6IntPtrZC6System11RuntimeType 0000000140015450 f i Framework.exe.obj
 0001:00014470       _D6System6_Class5Int325Int326__ctorMFZC6System6_Class5Int325Int32 0000000140015470 f i Framework.exe.obj
 0001:00014480       _D6System6_Class5Int325Int326opCastMFZi 0000000140015480 f i Framework.exe.obj
 0001:000144e0       _D6System6_Class5Int325Int326opCallFiZC6System6_Class5Int325Int32 00000001400154e0 f i Framework.exe.obj
 0001:00014530       _D6System6_Class5Int325Int329CompareToMFC6ObjectZi 0000000140015530 f i Framework.exe.obj
 0001:00014710       _D6System6_Class5Int325Int329CompareToMFiZi 0000000140015710 f i Framework.exe.obj
 0001:000147a0       _D6System6_Class5Int325Int326EqualsMFC6ObjectZb 00000001400157a0 f i Framework.exe.obj
 0001:000148c0       _D6System6_Class5Int325Int326EqualsMFiZb 00000001400158c0 f i Framework.exe.obj
 0001:00014930       _D6System6_Class5Int325Int3211GetHashCodeMFZi 0000000140015930 f i Framework.exe.obj
 0001:00014990       _D6System6_Class5Int3215__unittestL70_2FZv 0000000140015990 f i Framework.exe.obj
 0001:00014bd0       _D6System6_Class5Int329__modtestFZv 0000000140015bd0 f i Framework.exe.obj
 0001:00014bf0       _D6System6_Class5Int3215__unittest_failFiZv 0000000140015bf0 f i Framework.exe.obj
 0001:00014c20       _D6System7_Struct11ArgIterator11ArgIterator6__ctorMFNcS6System6IntPtrZS6System7_Struct11ArgIterator11ArgIterator 0000000140015c20 f i Framework.exe.obj
 0001:00014c30       _D6System7_Struct11ArgIterator11ArgIterator6__ctorMFNcS6System6IntPtrPvZS6System7_Struct11ArgIterator11ArgIterator 0000000140015c30 f i Framework.exe.obj
 0001:00014c40       _D6System7_Struct11ArgIterator11ArgIterator15FCallGetNextArgMFPvZv 0000000140015c40 f i Framework.exe.obj
 0001:00014c50       _D6System7_Struct11ArgIterator11ArgIterator18InternalGetNextArgMFPvC6System11RuntimeTypeZv 0000000140015c50 f i Framework.exe.obj
 0001:00014c60       _D6System7_Struct11ArgIterator11ArgIterator17GetRemainingCountMFZi 0000000140015c60 f i Framework.exe.obj
 0001:00014ca0       _D6System7_Struct11ArgIterator11ArgIterator15_GetNextArgTypeMFZPv 0000000140015ca0 f i Framework.exe.obj
 0001:00014cb0       _D6System7_Struct11ArgIterator11ArgIterator6__ctorMFNcS6System7_Struct21RuntimeArgumentHandle21RuntimeArgumentHandleZS6System7_Struct11ArgIterator11ArgIterator 0000000140015cb0 f i Framework.exe.obj
 0001:00014d10       _D6System7_Struct11ArgIterator11ArgIterator6__ctorMFNcS6System7_Struct21RuntimeArgumentHandle21RuntimeArgumentHandlePvZS6System7_Struct11ArgIterator11ArgIterator 0000000140015d10 f i Framework.exe.obj
 0001:00014d80       _D6System7_Struct11ArgIterator11ArgIterator10GetNextArgMFZS6System14TypedReference 0000000140015d80 f i Framework.exe.obj
 0001:00014df0       _D6System7_Struct11ArgIterator11ArgIterator10GetNextArgMFC6System17RuntimeTypeHandleZS6System14TypedReference 0000000140015df0 f i Framework.exe.obj
 0001:00014f20       _D6System7_Struct11ArgIterator11ArgIterator3EndMFZv 0000000140015f20 f i Framework.exe.obj
 0001:00014f60       _D6System7_Struct11ArgIterator11ArgIterator14GetNextArgTypeMFZC6System17RuntimeTypeHandle 0000000140015f60 f i Framework.exe.obj
 0001:00015010       _D6System7_Struct11ArgIterator11ArgIterator11GetHashCodeMFZi 0000000140016010 f i Framework.exe.obj
 0001:00015070       _D6System7_Struct11ArgIterator11ArgIterator6EqualsMFC6ObjectZb 0000000140016070 f i Framework.exe.obj
 0001:00015140       _D6System6_Class22ConsoleCancelEventArgs22ConsoleCancelEventArgs6CancelMFNdZb 0000000140016140 f i Framework.exe.obj
 0001:000151a0       _D6System6_Class22ConsoleCancelEventArgs22ConsoleCancelEventArgs6CancelMFNdbZv 00000001400161a0 f i Framework.exe.obj
 0001:00015200       _D6System6_Class22ConsoleCancelEventArgs22ConsoleCancelEventArgs10SpecialKeyMFNdZE6System5_Enum17ConsoleSpecialKey17ConsoleSpecialKey 0000000140016200 f i Framework.exe.obj
 0001:00015260       _D6System6_Class22ConsoleCancelEventArgs22ConsoleCancelEventArgs6__ctorMFE6System5_Enum17ConsoleSpecialKey17ConsoleSpecialKeyZC6System6_Class22ConsoleCancelEventArgs22ConsoleCancelEventArgs 0000000140016260 f i Framework.exe.obj
 0001:000152a0       _D6System6_Class22ConsoleCancelEventArgs15__unittestL31_3FZv 00000001400162a0 f i Framework.exe.obj
 0001:00015360       _D6System6_Class22ConsoleCancelEventArgs9__modtestFZv 0000000140016360 f i Framework.exe.obj
 0001:00015380       _D6System6_Class22ConsoleCancelEventArgs15__unittest_failFiZv 0000000140016380 f i Framework.exe.obj
 0001:000153b0       _D6System9_Delegate12EventHandler7__arrayZ 00000001400163b0 f i Framework.exe.obj
 0001:000153d0       _D6System9_Delegate12EventHandler8__assertFiZv 00000001400163d0 f i Framework.exe.obj
 0001:000153f0       _D6System9_Delegate12EventHandler15__unittest_failFiZv 00000001400163f0 f i Framework.exe.obj
 0001:00015420       _D6System9_Delegate6Action7__arrayZ 0000000140016420 f i Framework.exe.obj
 0001:00015440       _D6System9_Delegate6Action8__assertFiZv 0000000140016440 f i Framework.exe.obj
 0001:00015460       _D6System9_Delegate6Action15__unittest_failFiZv 0000000140016460 f i Framework.exe.obj
 0001:00015490       _D6System10_Interface11IComparable7__arrayZ 0000000140016490 f i Framework.exe.obj
 0001:000154b0       _D6System10_Interface11IComparable8__assertFiZv 00000001400164b0 f i Framework.exe.obj
 0001:000154d0       _D6System10_Interface11IComparable15__unittest_failFiZv 00000001400164d0 f i Framework.exe.obj
 0001:00015500       _D6System6_Class9EventArgs9EventArgs6__ctorMFZC6System6_Class9EventArgs9EventArgs 0000000140016500 f i Framework.exe.obj
 0001:00015510       _D6System6_Class9Exception13BaseException7HResultMFNdZi 0000000140016510 f i Framework.exe.obj
 0001:00015570       _D6System6_Class9Exception13BaseException6__ctorMFZC6System6_Class9Exception13BaseException 0000000140016570 f i Framework.exe.obj
 0001:00015600       _D6System6_Class9Exception13BaseException6__ctorMFAyaZC6System6_Class9Exception13BaseException 0000000140016600 f i Framework.exe.obj
 0001:00015680       _D6System6_Class9Exception13BaseException6__ctorMFAyaC9ExceptionZC6System6_Class9Exception13BaseException 0000000140016680 f i Framework.exe.obj
 0001:00015710       _D6System6_Class9Exception13BaseException6__ctorMFC6System17SerializationInfoS6System16StreamingContextZC6System6_Class9Exception13BaseException 0000000140016710 f i Framework.exe.obj
 0001:000157a0       _D6System6_Class9Exception13BaseException12SetErrorCodeMFiZv 00000001400167a0 f i Framework.exe.obj
 0001:00015800       _D6System6_Class15SystemException15SystemException6__ctorMFZC6System6_Class15SystemException15SystemException 0000000140016800 f i Framework.exe.obj
 0001:00015890       _D6System6_Class15SystemException15SystemException6__ctorMFAyaZC6System6_Class15SystemException15SystemException 0000000140016890 f i Framework.exe.obj
 0001:00015900       _D6System6_Class15SystemException15SystemException6__ctorMFAyaC9ExceptionZC6System6_Class15SystemException15SystemException 0000000140016900 f i Framework.exe.obj
 0001:00015970       _D6System6_Class15SystemException15SystemException6__ctorMFC6System17SerializationInfoS6System16StreamingContextZC6System6_Class15SystemException15SystemException 0000000140016970 f i Framework.exe.obj
 0001:000159d0       _D6System10_Interface9IProgress7__arrayZ 00000001400169d0 f i Framework.exe.obj
 0001:000159f0       _D6System10_Interface9IProgress8__assertFiZv 00000001400169f0 f i Framework.exe.obj
 0001:00015a10       _D6System10_Interface9IProgress15__unittest_failFiZv 0000000140016a10 f i Framework.exe.obj
 0001:00015a40       _D6System7_Struct21RuntimeArgumentHandle21RuntimeArgumentHandle5ValueMFNdZS6System6IntPtr 0000000140016a40 f i Framework.exe.obj
 0001:00015aa0       _D6System10_Interface9IObserver7__arrayZ 0000000140016aa0 f i Framework.exe.obj
 0001:00015ac0       _D6System10_Interface9IObserver8__assertFiZv 0000000140016ac0 f i Framework.exe.obj
 0001:00015ae0       _D6System10_Interface9IObserver15__unittest_failFiZv 0000000140016ae0 f i Framework.exe.obj
 0001:00015b10       _D6System6_Class24AccessViolationException24AccessViolationException6__ctorMFZC6System6_Class24AccessViolationException24AccessViolationException 0000000140016b10 f i Framework.exe.obj
 0001:00015ba0       _D6System6_Class24AccessViolationException24AccessViolationException6__ctorMFAyaZC6System6_Class24AccessViolationException24AccessViolationException 0000000140016ba0 f i Framework.exe.obj
 0001:00015c10       _D6System6_Class24AccessViolationException24AccessViolationException6__ctorMFAyaC9ExceptionZC6System6_Class24AccessViolationException24AccessViolationException 0000000140016c10 f i Framework.exe.obj
 0001:00015c80       _D6System6_Class24AccessViolationException24AccessViolationException6__ctorMFC6System17SerializationInfoS6System16StreamingContextZC6System6_Class24AccessViolationException24AccessViolationException 0000000140016c80 f i Framework.exe.obj
 0001:00015ce0       _D6System27UnhandledExceptionEventArgs6__ctorMFZC6System27UnhandledExceptionEventArgs 0000000140016ce0 f i Framework.exe.obj
 0001:00015d10       _D6System21AssemblyLoadEventArgs6__ctorMFZC6System21AssemblyLoadEventArgs 0000000140016d10 f i Framework.exe.obj
 0001:00015d40       _D6System17RuntimeTypeHandle14GetRuntimeTypeMFZC6System11RuntimeType 0000000140016d40 f i Framework.exe.obj
 0001:00015da0       _D6System17RuntimeTypeHandle6__ctorMFZC6System17RuntimeTypeHandle 0000000140016da0 f i Framework.exe.obj
 0001:00015db0       _D6System17RuntimeTypeHandle6__ctorMFC6System11RuntimeTypeZC6System17RuntimeTypeHandle 0000000140016db0 f i Framework.exe.obj
 0001:00015dc0       _D6System21ArgumentNullException6__ctorMFZC6System21ArgumentNullException 0000000140016dc0 f i Framework.exe.obj
 0001:00015e50       _D6System17ArgumentException6__ctorMFAyaZC6System17ArgumentException 0000000140016e50 f i Framework.exe.obj
 0001:00015ed0       _D6System17ArgumentException6__ctorMFZC6System17ArgumentException 0000000140016ed0 f i Framework.exe.obj
 0001:00015f60       _D6System21NotSupportedException6__ctorMFZC6System21NotSupportedException 0000000140016f60 f i Framework.exe.obj
 0001:00015ff0       _D6System21NotSupportedException6__ctorMFAyaZC6System21NotSupportedException 0000000140016ff0 f i Framework.exe.obj
 0001:00016070       _D6System9ValueType16GetHashCodeOfPtrFS6System6IntPtrZi 0000000140017070 f i Framework.exe.obj
 0001:00016080       _D6System11Environment17GetResourceStringFAyaZAya 0000000140017080 f i Framework.exe.obj
 0001:00016090       _D6System10_Interface10IEquatable7__arrayZ 0000000140017090 f i Framework.exe.obj
 0001:000160b0       _D6System10_Interface10IEquatable8__assertFiZv 00000001400170b0 f i Framework.exe.obj
 0001:000160d0       _D6System10_Interface10IEquatable15__unittest_failFiZv 00000001400170d0 f i Framework.exe.obj
 0001:00016100       _D6System10_Interface11IObservable7__arrayZ 0000000140017100 f i Framework.exe.obj
 0001:00016120       _D6System10_Interface11IObservable8__assertFiZv 0000000140017120 f i Framework.exe.obj
 0001:00016140       _D6System10_Interface11IObservable15__unittest_failFiZv 0000000140017140 f i Framework.exe.obj
 0001:00016170       _D6object9Exception6__ctorMFNaNbNfAyaAyamC6object9ThrowableZC9Exception 0000000140017170 f i druntime64:object__1f_3af.obj
 0001:000161c0       _D6object9Exception6__ctorMFNaNbNfAyaC6object9ThrowableAyamZC9Exception 00000001400171c0 f i druntime64:object__1f_3af.obj
 0001:00016210       _d_arraysetcapacity        0000000140017210 f i druntime64:lifetime_4a7_7db.obj
 0001:00016950       _D4core6memory2GC6enableFNbZv 0000000140017950 f i druntime64:memory_e1_8a.obj
 0001:00016970       _D4core6memory2GC7disableFNbZv 0000000140017970 f i druntime64:memory_e1_8a.obj
 0001:00016990       _D4core6memory2GC7collectFNbZv 0000000140017990 f i druntime64:memory_e1_8a.obj
 0001:000169b0       _D4core6memory2GC8minimizeFNbZv 00000001400179b0 f i druntime64:memory_e1_8a.obj
 0001:000169d0       _D4core6memory2GC7getAttrFNbxPvZk 00000001400179d0 f i druntime64:memory_e1_8a.obj
 0001:000169e0       _D4core6memory2GC7getAttrFNaNbPvZk 00000001400179e0 f i druntime64:memory_e1_8a.obj
 0001:00016a00       _D4core6memory2GC7setAttrFNbxPvkZk 0000000140017a00 f i druntime64:memory_e1_8a.obj
 0001:00016a10       _D4core6memory2GC7setAttrFNaNbPvkZk 0000000140017a10 f i druntime64:memory_e1_8a.obj
 0001:00016a30       _D4core6memory2GC7clrAttrFNbxPvkZk 0000000140017a30 f i druntime64:memory_e1_8a.obj
 0001:00016a40       _D4core6memory2GC7clrAttrFNaNbPvkZk 0000000140017a40 f i druntime64:memory_e1_8a.obj
 0001:00016a60       _D4core6memory2GC6mallocFNaNbmkZPv 0000000140017a60 f i druntime64:memory_e1_8a.obj
 0001:00016a80       _D4core6memory2GC6qallocFNaNbmkZS4core6memory8BlkInfo_ 0000000140017a80 f i druntime64:memory_e1_8a.obj
 0001:00016ad0       _D4core6memory2GC6callocFNaNbmkZPv 0000000140017ad0 f i druntime64:memory_e1_8a.obj
 0001:00016af0       _D4core6memory2GC7reallocFNaNbPvmkZPv 0000000140017af0 f i druntime64:memory_e1_8a.obj
 0001:00016b10       _D4core6memory2GC6extendFNaNbPvmmZm 0000000140017b10 f i druntime64:memory_e1_8a.obj
 0001:00016b30       _D4core6memory2GC7reserveFNbmZm 0000000140017b30 f i druntime64:memory_e1_8a.obj
 0001:00016b50       _D4core6memory2GC4freeFNaNbPvZv 0000000140017b50 f i druntime64:memory_e1_8a.obj
 0001:00016b70       _D4core6memory2GC6addrOfFNbPNgvZPNgv 0000000140017b70 f i druntime64:memory_e1_8a.obj
 0001:00016b90       _D4core6memory2GC6addrOfFNaNbPvZPv 0000000140017b90 f i druntime64:memory_e1_8a.obj
 0001:00016bb0       _D4core6memory2GC6sizeOfFNbxPvZm 0000000140017bb0 f i druntime64:memory_e1_8a.obj
 0001:00016bd0       _D4core6memory2GC6sizeOfFNaNbPvZm 0000000140017bd0 f i druntime64:memory_e1_8a.obj
 0001:00016bf0       _D4core6memory2GC5queryFNbxPvZS4core6memory8BlkInfo_ 0000000140017bf0 f i druntime64:memory_e1_8a.obj
 0001:00016c30       _D4core6memory2GC5queryFNaNbPvZS4core6memory8BlkInfo_ 0000000140017c30 f i druntime64:memory_e1_8a.obj
 0001:00016c70       _D4core6memory2GC7addRootFNbxPvZv 0000000140017c70 f i druntime64:memory_e1_8a.obj
 0001:00016c90       _D4core6memory2GC10removeRootFNbxPvZv 0000000140017c90 f i druntime64:memory_e1_8a.obj
 0001:00016cb0       _D4core6memory2GC8addRangeFNbxPvmZv 0000000140017cb0 f i druntime64:memory_e1_8a.obj
 0001:00016cd0       _D4core6memory2GC11removeRangeFNbxPvZv 0000000140017cd0 f i druntime64:memory_e1_8a.obj
 0001:00016cf0       _D2rt8typeinfo7ti_uint10TypeInfo_k8toStringMxFNaNbNeZAya 0000000140017cf0 f i druntime64:ti_uint_5cb_3f8.obj
 0001:00016d10       _D2rt8typeinfo7ti_uint10TypeInfo_k7getHashMxFNaNbNexPvZm 0000000140017d10 f i druntime64:ti_uint_5cb_3f8.obj
 0001:00016d20       _D2rt8typeinfo7ti_uint10TypeInfo_k6equalsMxFNaNbNexPvxPvZb 0000000140017d20 f i druntime64:ti_uint_5cb_3f8.obj
 0001:00016d40       _D2rt8typeinfo7ti_uint10TypeInfo_k7compareMxFNaNbNexPvxPvZi 0000000140017d40 f i druntime64:ti_uint_5cb_3f8.obj
 0001:00016d70       _D2rt8typeinfo7ti_uint10TypeInfo_k5tsizeMxFNaNbNdNeZm 0000000140017d70 f i druntime64:ti_uint_5cb_3f8.obj
 0001:00016d80       _D2rt8typeinfo7ti_uint10TypeInfo_k4swapMxFNaNbNePvPvZv 0000000140017d80 f i druntime64:ti_uint_5cb_3f8.obj
 0001:00016d90       _D6object8opEqualsFxC6ObjectxC6ObjectZb 0000000140017d90 f i druntime64:object__2_34a.obj
 0001:00016db0       _d_unittest_msg            0000000140017db0 f i druntime64:exception_d1_648.obj
 0001:00016e10       _D4core9exception11AssertError6__ctorMFNaNbNfAyamZC4core9exception11AssertError 0000000140017e10 f i druntime64:exception_b9_47c.obj
[...]
 0003:0001ab78       _D4core7runtime7Runtime19sm_moduleUnitTesterPFZb 000000014009fb78     druntime64:runtime_e8_2e4.obj
 0003:0001ab80       _D2rt8monitor_6initedi     000000014009fb80     druntime64:monitor_.obj
 0003:0001ab90       _D2rt8monitor_16_monitor_critsecS4core3sys7windows7windows21_RTL_CRITICAL_SECTION 000000014009fb90     druntime64:monitor_.obj
 0003:0001abc0       _D2rt9critical_8dcs_listPS2rt9critical_18D_CRITICAL_SECTION 000000014009fbc0     druntime64:critical_.obj
 0003:0001abd0       _D2rt9critical_16critical_sectionS2rt9critical_18D_CRITICAL_SECTION 000000014009fbd0     druntime64:critical_.obj
 0003:0001ac00       _D2rt9critical_6initedi    000000014009fc00     druntime64:critical_.obj
 0003:0001ac10       _D2rt5minfo11ModuleGroup6__initZ 000000014009fc10     druntime64:minfo_4e4_473.obj
 0003:0001ac40       _D2rt5minfo11ModuleGroup9sortCtorsMFZv8StackRec6__initZ 000000014009fc40     druntime64:minfo_4e4_473.obj
 0003:0001ac60       _D4core6thread6Thread12PRIORITY_MINxi 000000014009fc60     druntime64:thread.obj
 0003:0001ac64       _D4core6thread6Thread12PRIORITY_MAXxi 000000014009fc64     druntime64:thread.obj
 0003:0001ac68       _D4core6thread6Thread16PRIORITY_DEFAULTxi 000000014009fc68     druntime64:thread.obj
 0003:0001ac70       _D4core6thread6Thread7sm_mainC4core6thread6Thread 000000014009fc70     druntime64:thread.obj
 0003:0001ac80       _D4core6thread6Thread6_locksG2G72g 000000014009fc80     druntime64:thread.obj
 0003:0001ad10       _D4core6thread6Thread7sm_cbegPS4core6thread6Thread7Context 000000014009fd10     druntime64:thread.obj
 0003:0001ad18       _D4core6thread6Thread7sm_clenm 000000014009fd18     druntime64:thread.obj
 0003:0001ad20       _D4core6thread6Thread7sm_tbegC4core6thread6Thread 000000014009fd20     druntime64:thread.obj
 0003:0001ad28       _D4core6thread6Thread7sm_tlenm 000000014009fd28     druntime64:thread.obj
 0003:0001ad30       _D4core6thread17multiThreadedFlagb 000000014009fd30     druntime64:thread.obj
 0003:0001ad34       _D4core6thread12suspendDepthk 000000014009fd34     druntime64:thread.obj
 0003:0001ad38       _D4core6thread8PAGESIZExm  000000014009fd38     druntime64:thread.obj
 0003:0001ad40       _D4core3sys7windows10stacktrace24RtlCaptureStackBackTracePWkkPPvPkZt 000000014009fd40     druntime64:stacktrace.obj
 0003:0001ad48       _D4core3sys7windows10stacktrace11initializedyb 000000014009fd48     druntime64:stacktrace.obj
 0003:0001ad50       _D2gc2gc2GC4linem          000000014009fd50     druntime64:gc_321_8a.obj
 0003:0001ad58       _D2gc2gc2GC4filePa         000000014009fd58     druntime64:gc_321_8a.obj
 0003:0001ad60       _D2gc2gc2GC6gcLockC2gc2gc7GCMutex 000000014009fd60     druntime64:gc_321_8a.obj
 0003:0001ad70       _D2gc2gc2GC12mutexStorageG72g 000000014009fd70     druntime64:gc_321_8a.obj
 0003:0001adc0       _D4core4time12TickDuration6__initZ 000000014009fdc0     druntime64:time.obj
 0003:0001adc8       _D4core4time12TickDuration11ticksPerSecyl 000000014009fdc8     druntime64:time.obj
 0003:0001add0       _D4core4time12TickDuration9appOriginyS4core4time12TickDuration 000000014009fdd0     druntime64:time.obj
 0003:0001ade0       _D4core3sys7windows7dbghelp7DbgHelp6__initZ 000000014009fde0     druntime64:dbghelp.obj
 0003:0001ae60       _D4core3sys7windows7dbghelp7DbgHelp7sm_instS4core3sys7windows7dbghelp7DbgHelp 000000014009fe60     druntime64:dbghelp.obj
 0003:0001aee0       _D4core3sys7windows7dbghelp7DbgHelp7sm_hndlPv 000000014009fee0     druntime64:dbghelp.obj
 0003:0001aef0       _D4core4sync5mutex5Mutex12MonitorProxy6__initZ 000000014009fef0     druntime64:mutex_222_213.obj
 0003:0001af00       _D2gc2gc3Gcx6__initZ       000000014009ff00     druntime64:gc_324_122.obj
 0003:0001aff0       _D2gc2gc14SENTINEL_EXTRAxk 000000014009fff0     druntime64:gc.obj
 0003:0001b000       _D2gc2gc4Pool6__initZ      00000001400a0000     druntime64:gc_325_19a.obj
 0003:0001b0f0       _D4core4time8Duration6__initZ 00000001400a00f0     druntime64:time_15c_346.obj
 0003:0001b100       _D4core4time7FracSec6__initZ 00000001400a0100     druntime64:time_16a_297.obj
 0003:0001b110       _D2rt3aaA4Impl6__initZ     00000001400a0110     druntime64:aaA_379_192.obj
 0003:0001b150       _D3std5stdio5stdinS3std5stdio4File 00000001400a0150     phobos64:stdio.obj
 0003:0001b170       _D3std5stdio6stdoutS3std5stdio4File 00000001400a0170     phobos64:stdio.obj
 0003:0001b190       _D3std5stdio6stderrS3std5stdio4File 00000001400a0190     phobos64:stdio.obj
 0003:0001b1b0       _D3std3uni17CodepointInterval6__initZ 00000001400a01b0     phobos64:uni_8bd_6ea.obj
 0003:0001b1c0       _aenvptr                   00000001400a01c0     LIBCMT:crt0.obj
 0003:0001b1c8       _wenvptr                   00000001400a01c8     LIBCMT:crt0.obj
 0003:0001b1d0       _tls_index                 00000001400a01d0     LIBCMT:tlssup.obj
 0003:0001b1d4       _outputformat              00000001400a01d4     LIBCMT:outputformat.obj
 0003:0001b1d8       _cflush                    00000001400a01d8     LIBCMT:_file.obj
 0003:0001b1f8       __fastflag                 00000001400a01f8     LIBCMT:fpinit.obj
 0003:0001b1fc       __favor                    00000001400a01fc     LIBCMT:cpu_disp.obj
 0003:0001b200       __pInvalidArgHandler       00000001400a0200     LIBCMT:invarg.obj
 0003:0001b208       _stdbuf                    00000001400a0208     LIBCMT:_sftbuf.obj
 0003:0001b220       __pioinfo                  00000001400a0220     LIBCMT:ioinit.obj
 0003:0001b420       _crtheap                   00000001400a0420     LIBCMT:heapinit.obj
 0003:0001b428       _C_Exit_Done               00000001400a0428     LIBCMT:crt0dat.obj
 0003:0001b42c       __argc                     00000001400a042c     LIBCMT:crt0dat.obj
 0003:0001b430       __argv                     00000001400a0430     LIBCMT:crt0dat.obj
 0003:0001b438       __wargv                    00000001400a0438     LIBCMT:crt0dat.obj
 0003:0001b440       _environ                   00000001400a0440     LIBCMT:crt0dat.obj
 0003:0001b448       _wenviron                  00000001400a0448     LIBCMT:crt0dat.obj
 0003:0001b450       _pgmptr                    00000001400a0450     LIBCMT:crt0dat.obj
 0003:0001b458       _wpgmptr                   00000001400a0458     LIBCMT:crt0dat.obj
 0003:0001b460       _umaskval                  00000001400a0460     LIBCMT:crt0dat.obj
 0003:0001b464       _exitflag                  00000001400a0464     LIBCMT:crt0dat.obj
 0003:0001b468       _C_Termination_Done        00000001400a0468     LIBCMT:crt0dat.obj
 0003:0001b470       __winitenv                 00000001400a0470     LIBCMT:crt0dat.obj
 0003:0001b478       __initenv                  00000001400a0478     LIBCMT:crt0dat.obj
 0003:0001b590       __app_type                 00000001400a0590     LIBCMT:crt0msg.obj
 0003:0001bbc8       __error_mode               00000001400a0bc8     LIBCMT:errmode.obj
 0003:0001bbd0       ?_pnhHeap@@3P6AH_K@ZEA     00000001400a0bd0     LIBCMT:handler.obj
 0003:0001bbd8       _newmode                   00000001400a0bd8     LIBCMT:_newmode.obj
 0003:0001be10       _maxwait                   00000001400a0e10     LIBCMT:crtheap.obj
 0003:0001be18       __mbcodepage               00000001400a0e18     LIBCMT:mbctype.obj
 0003:0001be1c       __ismbcodepage             00000001400a0e1c     LIBCMT:mbctype.obj
 0003:0001be20       __mbulinfo                 00000001400a0e20     LIBCMT:mbctype.obj
 0003:0001be30       __mblocalename             00000001400a0e30     LIBCMT:mbctype.obj
 0003:0001be48       ?__pInconsistency@@3P6AXXZEA 00000001400a0e48     LIBCMT:hooks.obj
 0003:0001be50       __pPurecall                00000001400a0e50     LIBCMT:inithelp.obj
 0003:0001beb0       __lconv_static_null        00000001400a0eb0     LIBCMT:lconv.obj
 0003:0001beb4       __lconv_static_W_null      00000001400a0eb4     LIBCMT:lconv.obj
 0003:0001beb8       __locale_changed           00000001400a0eb8     LIBCMT:wsetloca.obj
 0003:0001c440       __unguarded_readlc_active  00000001400a1440     <common>
 0003:0001c450       __setlc_active             00000001400a1450     <common>
 0003:0001c454       _debugger_hook_dummy       00000001400a1454     <common>
 0003:0001c460       encodedKERNEL32Functions   00000001400a1460     <common>
 0003:0001c5a8       __dyn_tls_init_callback    00000001400a15a8     <common>
 0003:0001c5c0       __onexitend                00000001400a15c0     <common>
 0003:0001c5c8       __onexitbegin              00000001400a15c8     <common>
 0003:0001c5d0       __mbctype_initialized      00000001400a15d0     <common>
 0003:0001c5d4       __env_initialized          00000001400a15d4     <common>
 0003:0001c5d8       _nhandle                   00000001400a15d8     <common>
 0003:0001c5e8       _pDestructExceptionObject  00000001400a15e8     <common>
 0003:0001c600       __piob                     00000001400a1600     <common>
 0003:0001c948       _nstream                   00000001400a1948     <common>
 0003:0001c960       _bufin                     00000001400a1960     <common>
 0003:0001d960       _acmdln                    00000001400a2960     <common>
 0005:00000000       __imp_GetProcessHeap       00000001400ab000     kernel32:KERNEL32.dll
 0005:00000008       __imp_CreateFileW          00000001400ab008     kernel32:KERNEL32.dll
 0005:00000010       __imp_LocalFree            00000001400ab010     kernel32:KERNEL32.dll
 0005:00000018       __imp_IsDebuggerPresent    00000001400ab018     kernel32:KERNEL32.dll
 0005:00000020       __imp_WideCharToMultiByte  00000001400ab020     kernel32:KERNEL32.dll
 0005:00000028       __imp_GetCommandLineW      00000001400ab028     kernel32:KERNEL32.dll
 0005:00000030       __imp_FreeLibrary          00000001400ab030     kernel32:KERNEL32.dll
 0005:00000038       __imp_MultiByteToWideChar  00000001400ab038     kernel32:KERNEL32.dll
 0005:00000040       __imp_LoadLibraryW         00000001400ab040     kernel32:KERNEL32.dll
 0005:00000048       __imp_GetConsoleWindow     00000001400ab048     kernel32:KERNEL32.dll
 0005:00000050       __imp_GetProcAddress       00000001400ab050     kernel32:KERNEL32.dll
 0005:00000058       __imp_DeleteCriticalSection 00000001400ab058     kernel32:KERNEL32.dll
 0005:00000060       __imp_InitializeCriticalSection 00000001400ab060     kernel32:KERNEL32.dll
 0005:00000068       __imp_EnterCriticalSection 00000001400ab068     kernel32:KERNEL32.dll
 0005:00000070       __imp_LeaveCriticalSection 00000001400ab070     kernel32:KERNEL32.dll
 0005:00000078       __imp_GetSystemInfo        00000001400ab078     kernel32:KERNEL32.dll
 0005:00000080       __imp_GetExitCodeThread    00000001400ab080     kernel32:KERNEL32.dll
 0005:00000088       __imp_WaitForSingleObject  00000001400ab088     kernel32:KERNEL32.dll
 0005:00000090       __imp_CloseHandle          00000001400ab090     kernel32:KERNEL32.dll
 0005:00000098       __imp_GetCurrentProcess    00000001400ab098     kernel32:KERNEL32.dll
 0005:000000a0       __imp_LoadLibraryA         00000001400ab0a0     kernel32:KERNEL32.dll
 0005:000000a8       __imp_QueryPerformanceFrequency 00000001400ab0a8     kernel32:KERNEL32.dll
 0005:000000b0       __imp_VirtualFree          00000001400ab0b0     kernel32:KERNEL32.dll
 0005:000000b8       __imp_VirtualAlloc         00000001400ab0b8     kernel32:KERNEL32.dll
 0005:000000c0       __imp_GetCurrentThread     00000001400ab0c0     kernel32:KERNEL32.dll
 0005:000000c8       __imp_RtlCaptureContext    00000001400ab0c8     kernel32:KERNEL32.dll
 0005:000000d0       __imp_GetEnvironmentVariableA 00000001400ab0d0     kernel32:KERNEL32.dll
 0005:000000d8       __imp_DuplicateHandle      00000001400ab0d8     kernel32:KERNEL32.dll
 0005:000000e0       __imp_GetCurrentThreadId   00000001400ab0e0     kernel32:KERNEL32.dll
 0005:000000e8       __imp_TryEnterCriticalSection 00000001400ab0e8     kernel32:KERNEL32.dll
 0005:000000f0       __imp_ResumeThread         00000001400ab0f0     kernel32:KERNEL32.dll
 0005:000000f8       __imp_QueryPerformanceCounter 00000001400ab0f8     kernel32:KERNEL32.dll
 0005:00000100       __imp_SwitchToThread       00000001400ab100     kernel32:KERNEL32.dll
 0005:00000108       __imp_GetThreadContext     00000001400ab108     kernel32:KERNEL32.dll
 0005:00000110       __imp_SuspendThread        00000001400ab110     kernel32:KERNEL32.dll
 0005:00000118       __imp_Sleep                00000001400ab118     kernel32:KERNEL32.dll
 0005:00000120       __imp_GetLastError         00000001400ab120     kernel32:KERNEL32.dll
 0005:00000128       __imp_HeapFree             00000001400ab128     kernel32:KERNEL32.dll
 0005:00000130       __imp_GetCommandLineA      00000001400ab130     kernel32:KERNEL32.dll
 0005:00000138       __imp_HeapAlloc            00000001400ab138     kernel32:KERNEL32.dll
 0005:00000140       __imp_HeapReAlloc          00000001400ab140     kernel32:KERNEL32.dll
 0005:00000148       __imp_EncodePointer        00000001400ab148     kernel32:KERNEL32.dll
 0005:00000150       __imp_DecodePointer        00000001400ab150     kernel32:KERNEL32.dll
 0005:00000158       __imp_CreateThread         00000001400ab158     kernel32:KERNEL32.dll
 0005:00000160       __imp_ExitThread           00000001400ab160     kernel32:KERNEL32.dll
 0005:00000168       __imp_LoadLibraryExW       00000001400ab168     kernel32:KERNEL32.dll
 0005:00000170       __imp_IsProcessorFeaturePresent 00000001400ab170     kernel32:KERNEL32.dll
 0005:00000178       __imp_RtlUnwindEx          00000001400ab178     kernel32:KERNEL32.dll
 0005:00000180       __imp_GetStdHandle         00000001400ab180     kernel32:KERNEL32.dll
 0005:00000188       __imp_GetFileType          00000001400ab188     kernel32:KERNEL32.dll
 0005:00000190       __imp_GetStartupInfoW      00000001400ab190     kernel32:KERNEL32.dll
 0005:00000198       __imp_SetLastError         00000001400ab198     kernel32:KERNEL32.dll
 0005:000001a0       __imp_ExitProcess          00000001400ab1a0     kernel32:KERNEL32.dll
 0005:000001a8       __imp_GetModuleHandleExW   00000001400ab1a8     kernel32:KERNEL32.dll
 0005:000001b0       __imp_AreFileApisANSI      00000001400ab1b0     kernel32:KERNEL32.dll
 0005:000001b8       __imp_GetModuleFileNameA   00000001400ab1b8     kernel32:KERNEL32.dll
 0005:000001c0       __imp_WriteFile            00000001400ab1c0     kernel32:KERNEL32.dll
 0005:000001c8       __imp_GetModuleFileNameW   00000001400ab1c8     kernel32:KERNEL32.dll
 0005:000001d0       __imp_GetCurrentProcessId  00000001400ab1d0     kernel32:KERNEL32.dll
 0005:000001d8       __imp_GetSystemTimeAsFileTime 00000001400ab1d8     kernel32:KERNEL32.dll
 0005:000001e0       __imp_GetEnvironmentStringsW 00000001400ab1e0     kernel32:KERNEL32.dll
 0005:000001e8       __imp_FreeEnvironmentStringsW 00000001400ab1e8     kernel32:KERNEL32.dll
 0005:000001f0       __imp_FatalAppExitA        00000001400ab1f0     kernel32:KERNEL32.dll
 0005:000001f8       __imp_FlushFileBuffers     00000001400ab1f8     kernel32:KERNEL32.dll
 0005:00000200       __imp_GetConsoleCP         00000001400ab200     kernel32:KERNEL32.dll
 0005:00000208       __imp_GetConsoleMode       00000001400ab208     kernel32:KERNEL32.dll
 0005:00000210       __imp_RtlLookupFunctionEntry 00000001400ab210     kernel32:KERNEL32.dll
 0005:00000218       __imp_RtlVirtualUnwind     00000001400ab218     kernel32:KERNEL32.dll
 0005:00000220       __imp_UnhandledExceptionFilter 00000001400ab220     kernel32:KERNEL32.dll
 0005:00000228       __imp_SetUnhandledExceptionFilter 00000001400ab228     kernel32:KERNEL32.dll
 0005:00000230       __imp_InitializeCriticalSectionAndSpinCount 00000001400ab230     kernel32:KERNEL32.dll
 0005:00000238       __imp_CreateEventW         00000001400ab238     kernel32:KERNEL32.dll
 0005:00000240       __imp_TerminateProcess     00000001400ab240     kernel32:KERNEL32.dll
 0005:00000248       __imp_TlsAlloc             00000001400ab248     kernel32:KERNEL32.dll
 0005:00000250       __imp_TlsGetValue          00000001400ab250     kernel32:KERNEL32.dll
 0005:00000258       __imp_TlsSetValue          00000001400ab258     kernel32:KERNEL32.dll
 0005:00000260       __imp_TlsFree              00000001400ab260     kernel32:KERNEL32.dll
 0005:00000268       __imp_GetTickCount         00000001400ab268     kernel32:KERNEL32.dll
 0005:00000270       __imp_GetModuleHandleW     00000001400ab270     kernel32:KERNEL32.dll
 0005:00000278       __imp_CreateSemaphoreW     00000001400ab278     kernel32:KERNEL32.dll
 0005:00000280       __imp_IsValidCodePage      00000001400ab280     kernel32:KERNEL32.dll
 0005:00000288       __imp_GetACP               00000001400ab288     kernel32:KERNEL32.dll
 0005:00000290       __imp_GetOEMCP             00000001400ab290     kernel32:KERNEL32.dll
 0005:00000298       __imp_GetCPInfo            00000001400ab298     kernel32:KERNEL32.dll
 0005:000002a0       __imp_SetConsoleCtrlHandler 00000001400ab2a0     kernel32:KERNEL32.dll
 0005:000002a8       __imp_OutputDebugStringW   00000001400ab2a8     kernel32:KERNEL32.dll
 0005:000002b0       __imp_SetStdHandle         00000001400ab2b0     kernel32:KERNEL32.dll
 0005:000002b8       __imp_SetFilePointerEx     00000001400ab2b8     kernel32:KERNEL32.dll
 0005:000002c0       __imp_WriteConsoleW        00000001400ab2c0     kernel32:KERNEL32.dll
 0005:000002c8       __imp_GetStringTypeW       00000001400ab2c8     kernel32:KERNEL32.dll
 0005:000002d0       __imp_HeapSize             00000001400ab2d0     kernel32:KERNEL32.dll
 0005:000002d8       __imp_GetDateFormatW       00000001400ab2d8     kernel32:KERNEL32.dll
 0005:000002e0       __imp_GetTimeFormatW       00000001400ab2e0     kernel32:KERNEL32.dll
 0005:000002e8       __imp_CompareStringW       00000001400ab2e8     kernel32:KERNEL32.dll
 0005:000002f0       __imp_LCMapStringW         00000001400ab2f0     kernel32:KERNEL32.dll
 0005:000002f8       __imp_GetLocaleInfoW       00000001400ab2f8     kernel32:KERNEL32.dll
 0005:00000300       __imp_IsValidLocale        00000001400ab300     kernel32:KERNEL32.dll
 0005:00000308       __imp_GetUserDefaultLCID   00000001400ab308     kernel32:KERNEL32.dll
 0005:00000310       __imp_EnumSystemLocalesW   00000001400ab310     kernel32:KERNEL32.dll
 0005:00000318       \177KERNEL32_NULL_THUNK_DATA 00000001400ab318     kernel32:KERNEL32.dll
 0005:00000408       __imp_CommandLineToArgvW   00000001400ab408     shell32:SHELL32.dll
 0005:00000410       \177SHELL32_NULL_THUNK_DATA 00000001400ab410     shell32:SHELL32.dll
 0005:00000468       __IMPORT_DESCRIPTOR_SHELL32 00000001400ab468     shell32:SHELL32.dll
 0005:0000047c       __IMPORT_DESCRIPTOR_KERNEL32 00000001400ab47c     kernel32:KERNEL32.dll
 0005:00000490       __NULL_IMPORT_DESCRIPTOR   00000001400ab490     shell32:SHELL32.dll
 0006:00000000       _deh_beg                   00000001400ad000     Framework.exe.obj
 0006:000009b0       _deh_end                   00000001400ad9b0     Framework.exe.obj
 0007:00000000       _minfo_beg                 00000001400ae000     Framework.exe.obj
 0007:000004f8       _minfo_end                 00000001400ae4f8     Framework.exe.obj
 0008:00000000       _tls_start                 00000001400af000     LIBCMT:tlssup.obj
 0008:00000110       _D2rt8lifetime18__blkcache_storagePS2rt8lifetime7BlkInfo 00000001400af110     druntime64:lifetime.obj
 0008:00000118       _D2rt8lifetime12__nextBlkIdxi 00000001400af118     druntime64:lifetime.obj
 0008:00000120       _D2rt15deh_win64_posix10__inflightPS2rt15deh_win64_posix8InFlight 00000001400af120     druntime64:deh_win64_posix.obj
 0008:00000130       gc_atomic                  00000001400af130     druntime64:thread.obj
 0008:00000138       _D4core6thread6Thread7sm_thisC4core6thread6Thread 00000001400af138     druntime64:thread.obj
 0008:00000140       _D4core6thread5Fiber7sm_thisC4core6thread5Fiber 00000001400af140     druntime64:thread_14b_1e8.obj
 0008:00000253       _tls_end                   00000001400af253     LIBCMT:tlssup.obj

 entry point at        0001:00052380

