 Framework.exe

 Timestamp is 536e5762 (Sat May 10 18:44:18 2014)

 Preferred load address is 0000000140000000

 Start         Length     Name                   Class
 0001:00000000 0005123aH .text                   CODE
 0001:00051240 00020803H .text$mn                CODE
 0001:00071a50 000015b5H .text$x                 CODE
 0002:00000000 00000109H .CRT$XCA                DATA
 0002:00000110 00000109H .CRT$XCZ                DATA
 0002:00000220 00000109H .CRT$XIA                DATA
 0002:00000330 00000126H .CRT$XIC                DATA
 0002:00000458 00000109H .CRT$XIY                DATA
 0002:00000568 00000109H .CRT$XIZ                DATA
 0002:00000678 00000008H .CRT$XLA                DATA
 0002:00000680 00000008H .CRT$XLZ                DATA
 0002:00000688 00000109H .CRT$XPA                DATA
 0002:00000798 00000113H .CRT$XPX                DATA
 0002:000008b0 00000109H .CRT$XPXA               DATA
 0002:000009c0 00000109H .CRT$XPZ                DATA
 0002:00000ad0 00000109H .CRT$XTA                DATA
 0002:00000be0 00000109H .CRT$XTZ                DATA
 0002:00000cf0 00007e79H .rdata                  DATA
 0002:00008b70 00000130H .rdata$T                DATA
 0002:00008ca0 0000017cH .rdata$debug            DATA
 0002:00008e20 00000109H .rtc$IAA                DATA
 0002:00008f30 00000109H .rtc$IZZ                DATA
 0002:00009040 00000109H .rtc$TAA                DATA
 0002:00009150 00000109H .rtc$TZZ                DATA
 0002:00009260 0000601eH .xdata                  DATA
 0002:0000f27e 00000000H .edata                  DATA
 0003:00000000 00019adeH .data                   DATA
 0003:00019ae0 00003051H .bss                    DATA
 0004:00000000 00006b04H .pdata                  DATA
 0005:00000000 00000468H .idata$5                DATA
 0005:00000468 00000028H .idata$2                DATA
 0005:00000490 00000014H .idata$3                DATA
 0005:000004a8 00000468H .idata$4                DATA
 0005:00000910 00000925H .idata$6                DATA
 0006:00000000 0000011cH ._deh$A                 DATA
 0006:00000120 0000088fH ._deh$B                 DATA
 0006:000009b0 00000109H ._deh$C                 DATA
 0007:00000000 00000109H .minfo$A                DATA
 0007:00000110 000003bcH .minfo$B                DATA
 0007:000004d0 00000109H .minfo$C                DATA
 0008:00000000 00000101H .tls                    DATA
 0008:00000110 00000143H .tls$AAB                DATA
 0008:00000253 00000101H .tls$ZZZ                DATA

  Address         Publics by Value              Rva+Base               Lib:Object

 0000:00000000       __guard_fids_table         0000000000000000     <absolute>
 0000:00000000       ___safe_se_handler_table   0000000000000000     <absolute>
 0000:00000000       __guard_flags              0000000000000000     <absolute>
 0000:00000000       __guard_fids_count         0000000000000000     <absolute>
 0000:00000000       ___safe_se_handler_count   0000000000000000     <absolute>
 0000:00000000       __ImageBase                0000000140000000     <linker-defined>
 0001:00001180       _Dmain                     0000000140002180 f i Framework.exe.obj
 0001:00001200       _D4main15__unittestL34_1FZv 0000000140002200 f i Framework.exe.obj
 0001:00001300       _D3std6traits15__T8DemangleTkZ8Demangle11__xopEqualsFKxS3std6traits15__T8DemangleTkZ8DemangleKxS3std6traits15__T8DemangleTkZ8DemangleZb 0000000140002300 f i Framework.exe.obj
 0001:00001370       _D3std8internal14unicode_tables25__T9TrieEntryTbVi8Vi4Vi9Z9TrieEntry11__xopEqualsFNfKxS3std8internal14unicode_tables25__T9TrieEntryTbVi8Vi4Vi9Z9TrieEntryKxS3std8internal14unicode_tables25__T9TrieEntryTbVi8Vi4Vi9Z9TrieEntryZb 0000000140002370 f i Framework.exe.obj
 0001:00001430       _D3std8internal14unicode_tables25__T9TrieEntryTtVi8Vi7Vi6Z9TrieEntry11__xopEqualsFNfKxS3std8internal14unicode_tables25__T9TrieEntryTtVi8Vi7Vi6Z9TrieEntryKxS3std8internal14unicode_tables25__T9TrieEntryTtVi8Vi7Vi6Z9TrieEntryZb 0000000140002430 f i Framework.exe.obj
 0001:000014f0       _D3std8internal14unicode_tables25__T9TrieEntryTbVi8Vi5Vi8Z9TrieEntry11__xopEqualsFNfKxS3std8internal14unicode_tables25__T9TrieEntryTbVi8Vi5Vi8Z9TrieEntryKxS3std8internal14unicode_tables25__T9TrieEntryTbVi8Vi5Vi8Z9TrieEntryZb 00000001400024f0 f i Framework.exe.obj
 0001:000015b0       _D3std8internal14unicode_tables25__T9TrieEntryTbVi8Vi6Vi7Z9TrieEntry11__xopEqualsFNfKxS3std8internal14unicode_tables25__T9TrieEntryTbVi8Vi6Vi7Z9TrieEntryKxS3std8internal14unicode_tables25__T9TrieEntryTbVi8Vi6Vi7Z9TrieEntryZb 00000001400025b0 f i Framework.exe.obj
 0001:00001670       _D3std8internal14unicode_tables28__T9TrieEntryTbVi7Vi4Vi4Vi6Z9TrieEntry11__xopEqualsFNfKxS3std8internal14unicode_tables28__T9TrieEntryTbVi7Vi4Vi4Vi6Z9TrieEntryKxS3std8internal14unicode_tables28__T9TrieEntryTbVi7Vi4Vi4Vi6Z9TrieEntryZb 0000000140002670 f i Framework.exe.obj
 0001:00001730       _D3std3uni13ReallocPolicy14__T7destroyThZ7destroyFNbNeKAhZv 0000000140002730 f i Framework.exe.obj
 0001:00001780       _D3std3uni42__T11Uint24ArrayTS3std3uni13ReallocPolicyZ11Uint24Array13__T8opEqualsZ8opEqualsMxFNbNexS3std3uni42__T11Uint24ArrayTS3std3uni13ReallocPolicyZ11Uint24ArrayZb 0000000140002780 f i Framework.exe.obj
 0001:00001990       _D3std3uni8GcPolicy15__T7destroyTAhZ7destroyFNaNbNeKAhZv 0000000140002990 f i Framework.exe.obj
 0001:000019a0       _D3std3uni36__T11Uint24ArrayTS3std3uni8GcPolicyZ11Uint24Array13__T8opEqualsZ8opEqualsMxFNaNbNexS3std3uni36__T11Uint24ArrayTS3std3uni8GcPolicyZ11Uint24ArrayZb 00000001400029a0 f i Framework.exe.obj
 0001:00001bb0       _D3std3uni17CodepointInterval42__T8opEqualsTS3std3uni17CodepointIntervalZ8opEqualsMxFNaNbNfS3std3uni17CodepointIntervalZb 0000000140002bb0 f i Framework.exe.obj
 0001:00001c20       _D3std6format18__T10FormatSpecTaZ10FormatSpec6flDashMxFNaNbNdNfZb 0000000140002c20 f i Framework.exe.obj
 0001:00001c70       _D3std6format18__T10FormatSpecTaZ10FormatSpec6flDashMFNaNbNdNfbZv 0000000140002c70 f i Framework.exe.obj
 0001:00001cd0       _D3std6format18__T10FormatSpecTaZ10FormatSpec6flZeroMxFNaNbNdNfZb 0000000140002cd0 f i Framework.exe.obj
 0001:00001d20       _D3std6format18__T10FormatSpecTaZ10FormatSpec6flZeroMFNaNbNdNfbZv 0000000140002d20 f i Framework.exe.obj
 0001:00001d80       _D3std6format18__T10FormatSpecTaZ10FormatSpec7flSpaceMxFNaNbNdNfZb 0000000140002d80 f i Framework.exe.obj
 0001:00001dd0       _D3std6format18__T10FormatSpecTaZ10FormatSpec7flSpaceMFNaNbNdNfbZv 0000000140002dd0 f i Framework.exe.obj
 0001:00001e30       _D3std6format18__T10FormatSpecTaZ10FormatSpec6flPlusMxFNaNbNdNfZb 0000000140002e30 f i Framework.exe.obj
 0001:00001e80       _D3std6format18__T10FormatSpecTaZ10FormatSpec6flPlusMFNaNbNdNfbZv 0000000140002e80 f i Framework.exe.obj
 0001:00001ee0       _D3std6format18__T10FormatSpecTaZ10FormatSpec6flHashMxFNaNbNdNfZb 0000000140002ee0 f i Framework.exe.obj
 0001:00001f30       _D3std6format18__T10FormatSpecTaZ10FormatSpec6flHashMFNaNbNdNfbZv 0000000140002f30 f i Framework.exe.obj
 0001:00001f90       _D3std6format18__T10FormatSpecTaZ10FormatSpec6__ctorMFNaNcNfxAaZS3std6format18__T10FormatSpecTaZ10FormatSpec 0000000140002f90 f i Framework.exe.obj
 0001:00001fb0       _D3std6format18__T10FormatSpecTaZ10FormatSpec19__unittestL807_1349FNaNfZv 0000000140002fb0 f i Framework.exe.obj
 0001:00002a10       _D3std6format18__T10FormatSpecTaZ10FormatSpec19__unittestL807_1349FNaNfZv12__dgliteral1MFNaNfZb 0000000140003a10 f i Framework.exe.obj
 0001:00002a40       _D3std6format18__T10FormatSpecTaZ10FormatSpec6fillUpMFNaNfZv 0000000140003a40 f i Framework.exe.obj
 0001:00004100       _D3std6format18__T10FormatSpecTaZ10FormatSpec6fillUpMFNaNfZv12__dgliteral1MFNaNfZAxa 0000000140005100 f i Framework.exe.obj
 0001:000041d0       _D3std6format18__T10FormatSpecTaZ10FormatSpec6fillUpMFNaNfZv12__dgliteral2MFNaNbNfZAya 00000001400051d0 f i Framework.exe.obj
 0001:000041f0       _D3std6format18__T10FormatSpecTaZ10FormatSpec6fillUpMFNaNfZv12__dgliteral3MFNaNfZAya 00000001400051f0 f i Framework.exe.obj
 0001:000042c0       _D3std6format18__T10FormatSpecTaZ10FormatSpec6fillUpMFNaNfZv12__dgliteral4MFNaNbNfZAya 00000001400052c0 f i Framework.exe.obj
 0001:000042e0       _D3std6format18__T10FormatSpecTaZ10FormatSpec6fillUpMFNaNfZv12__dgliteral5MFNaNbNfZAya 00000001400052e0 f i Framework.exe.obj
 0001:00004300       _D3std6format18__T10FormatSpecTaZ10FormatSpec12getCurFmtStrMxFNaNfZAya 0000000140005300 f i Framework.exe.obj
 0001:00004580       _D3std6format18__T10FormatSpecTaZ10FormatSpec20__unittestL1113_1350FNaNfZv 0000000140005580 f i Framework.exe.obj
 0001:00004690       _D3std6format18__T10FormatSpecTaZ10FormatSpec16headUpToNextSpecMFNaZAxa 0000000140005690 f i Framework.exe.obj
 0001:00004810       _D3std6format18__T10FormatSpecTaZ10FormatSpec8toStringMFNaNfZAya 0000000140005810 f i Framework.exe.obj
 0001:00004b60       _D3std6format18__T10FormatSpecTaZ10FormatSpec11__xopEqualsFKxS3std6format18__T10FormatSpecTaZ10FormatSpecKxS3std6format18__T10FormatSpecTaZ10FormatSpecZb 0000000140005b60 f i Framework.exe.obj
 0001:00004c90       _D3std5range13__T4onlyTgTiZ4onlyFNaNbNfgiZS3std5range21__T10OnlyResultTiVm2Z10OnlyResult 0000000140005c90 f i Framework.exe.obj
 0001:00004d00       _D3std5range21__T10OnlyResultTiVm2Z10OnlyResult5emptyMFNaNbNdNfZb 0000000140005d00 f i Framework.exe.obj
 0001:00004d50       _D3std5range21__T10OnlyResultTiVm2Z10OnlyResult5frontMFNaNbNdNfZi 0000000140005d50 f i Framework.exe.obj
 0001:00004df0       _D3std5range21__T10OnlyResultTiVm2Z10OnlyResult8popFrontMFNaNbNfZv 0000000140005df0 f i Framework.exe.obj
 0001:00004e60       _D3std5range21__T10OnlyResultTiVm2Z10OnlyResult4backMFNaNbNdNfZi 0000000140005e60 f i Framework.exe.obj
 0001:00004f00       _D3std5range21__T10OnlyResultTiVm2Z10OnlyResult7popBackMFNaNbNfZv 0000000140005f00 f i Framework.exe.obj
 0001:00004f70       _D3std5range21__T10OnlyResultTiVm2Z10OnlyResult4saveMFNaNbNdNfZS3std5range21__T10OnlyResultTiVm2Z10OnlyResult 0000000140005f70 f i Framework.exe.obj
 0001:00004fd0       _D3std5range21__T10OnlyResultTiVm2Z10OnlyResult6lengthMFNaNbNdNfZm 0000000140005fd0 f i Framework.exe.obj
 0001:00005010       _D3std5range21__T10OnlyResultTiVm2Z10OnlyResult7opIndexMFNaNbNfmZi 0000000140006010 f i Framework.exe.obj
 0001:00005110       _D3std5range21__T10OnlyResultTiVm2Z10OnlyResult7opSliceMFNaNbNfZS3std5range21__T10OnlyResultTiVm2Z10OnlyResult 0000000140006110 f i Framework.exe.obj
 0001:00005170       _D3std5range21__T10OnlyResultTiVm2Z10OnlyResult7opSliceMFNaNbNfmmZS3std5range21__T10OnlyResultTiVm2Z10OnlyResult 0000000140006170 f i Framework.exe.obj
 0001:00005280       _D3std5range21__T10OnlyResultTiVm2Z10OnlyResult15__T6__ctorTgTiZ6__ctorMFNaNbNcNfKgKiZS3std5range21__T10OnlyResultTiVm2Z10OnlyResult 0000000140006280 f i Framework.exe.obj
 0001:000052b0       _D3std5range13__T4onlyTiTgZ4onlyFNaNbNfigZS3std5range21__T10OnlyResultTiVm2Z10OnlyResult 00000001400062b0 f i Framework.exe.obj
 0001:00005320       _D3std5range21__T10OnlyResultTiVm2Z10OnlyResult15__T6__ctorTiTgZ6__ctorMFNaNbNcNfKiKgZS3std5range21__T10OnlyResultTiVm2Z10OnlyResult 0000000140006320 f i Framework.exe.obj
 0001:00005350       _D3std5range17__T4onlyTAxaTAyaZ4onlyFNaNbNfAxaAyaZS3std5range23__T10OnlyResultTAxaVm2Z10OnlyResult 0000000140006350 f i Framework.exe.obj
 0001:000053c0       _D3std5range23__T10OnlyResultTAxaVm2Z10OnlyResult5emptyMFNaNbNdNfZb 00000001400063c0 f i Framework.exe.obj
 0001:00005410       _D3std5range23__T10OnlyResultTAxaVm2Z10OnlyResult5frontMFNaNbNdNfZAxa 0000000140006410 f i Framework.exe.obj
 0001:000054b0       _D3std5range23__T10OnlyResultTAxaVm2Z10OnlyResult8popFrontMFNaNbNfZv 00000001400064b0 f i Framework.exe.obj
 0001:00005520       _D3std5range23__T10OnlyResultTAxaVm2Z10OnlyResult4backMFNaNbNdNfZAxa 0000000140006520 f i Framework.exe.obj
 0001:000055d0       _D3std5range23__T10OnlyResultTAxaVm2Z10OnlyResult7popBackMFNaNbNfZv 00000001400065d0 f i Framework.exe.obj
 0001:00005640       _D3std5range23__T10OnlyResultTAxaVm2Z10OnlyResult4saveMFNaNbNdNfZS3std5range23__T10OnlyResultTAxaVm2Z10OnlyResult 0000000140006640 f i Framework.exe.obj
 0001:000056a0       _D3std5range23__T10OnlyResultTAxaVm2Z10OnlyResult6lengthMFNaNbNdNfZm 00000001400066a0 f i Framework.exe.obj
 0001:000056e0       _D3std5range23__T10OnlyResultTAxaVm2Z10OnlyResult7opIndexMFNaNbNfmZAxa 00000001400066e0 f i Framework.exe.obj
 0001:000057f0       _D3std5range23__T10OnlyResultTAxaVm2Z10OnlyResult7opSliceMFNaNbNfZS3std5range23__T10OnlyResultTAxaVm2Z10OnlyResult 00000001400067f0 f i Framework.exe.obj
 0001:00005850       _D3std5range23__T10OnlyResultTAxaVm2Z10OnlyResult7opSliceMFNaNbNfmmZS3std5range23__T10OnlyResultTAxaVm2Z10OnlyResult 0000000140006850 f i Framework.exe.obj
 0001:00005970       _D3std5range23__T10OnlyResultTAxaVm2Z10OnlyResult19__T6__ctorTAxaTAyaZ6__ctorMFNaNbNcNfKAxaKAyaZS3std5range23__T10OnlyResultTAxaVm2Z10OnlyResult 0000000140006970 f i Framework.exe.obj
 0001:000059c0       _D3std5range17__T4onlyTAxaTAxaZ4onlyFNaNbNfAxaAxaZS3std5range23__T10OnlyResultTAxaVm2Z10OnlyResult 00000001400069c0 f i Framework.exe.obj
 0001:00005a30       _D3std5range23__T10OnlyResultTAxaVm2Z10OnlyResult19__T6__ctorTAxaTAxaZ6__ctorMFNaNbNcNfKAxaKAxaZS3std5range23__T10OnlyResultTAxaVm2Z10OnlyResult 0000000140006a30 f i Framework.exe.obj
 0001:00005a80       _D3std3uni25__T16SliceOverIndexedTAiZ16SliceOverIndexed7opIndexMxFNaNbNfmZxi 0000000140006a80 f i Framework.exe.obj
 0001:00005b30       _D3std3uni25__T16SliceOverIndexedTAiZ16SliceOverIndexed13opIndexAssignMFNaNbNfimZv 0000000140006b30 f i Framework.exe.obj
 0001:00005be0       _D3std3uni25__T16SliceOverIndexedTAiZ16SliceOverIndexed7opSliceMFNaNbNfmmZS3std3uni25__T16SliceOverIndexedTAiZ16SliceOverIndexed 0000000140006be0 f i Framework.exe.obj
 0001:00005c60       _D3std3uni25__T16SliceOverIndexedTAiZ16SliceOverIndexed7opSliceMFNaNbNfZS3std3uni25__T16SliceOverIndexedTAiZ16SliceOverIndexed 0000000140006c60 f i Framework.exe.obj
 0001:00005cc0       _D3std3uni25__T16SliceOverIndexedTAiZ16SliceOverIndexed6lengthMxFNaNbNdNfZm 0000000140006cc0 f i Framework.exe.obj
 0001:00005d00       _D3std3uni25__T16SliceOverIndexedTAiZ16SliceOverIndexed8opDollarMxFNaNbNfZm 0000000140006d00 f i Framework.exe.obj
 0001:00005d50       _D3std3uni25__T16SliceOverIndexedTAiZ16SliceOverIndexed5emptyMxFNaNbNdNfZb 0000000140006d50 f i Framework.exe.obj
 0001:00005da0       _D3std3uni25__T16SliceOverIndexedTAiZ16SliceOverIndexed5frontMxFNaNbNdNfZxi 0000000140006da0 f i Framework.exe.obj
 0001:00005e20       _D3std3uni25__T16SliceOverIndexedTAiZ16SliceOverIndexed5frontMFNaNbNdNfiZv 0000000140006e20 f i Framework.exe.obj
 0001:00005eb0       _D3std3uni25__T16SliceOverIndexedTAiZ16SliceOverIndexed4backMxFNaNbNdNfZxi 0000000140006eb0 f i Framework.exe.obj
 0001:00005f40       _D3std3uni25__T16SliceOverIndexedTAiZ16SliceOverIndexed4backMFNaNbNdNfiZv 0000000140006f40 f i Framework.exe.obj
 0001:00005fd0       _D3std3uni25__T16SliceOverIndexedTAiZ16SliceOverIndexed4saveMNgFNaNbNdNfZNgS3std3uni25__T16SliceOverIndexedTAiZ16SliceOverIndexed 0000000140006fd0 f i Framework.exe.obj
 0001:00006030       _D3std3uni25__T16SliceOverIndexedTAiZ16SliceOverIndexed8popFrontMFNaNbNfZv 0000000140007030 f i Framework.exe.obj
 0001:00006080       _D3std3uni25__T16SliceOverIndexedTAiZ16SliceOverIndexed7popBackMFNaNbNfZv 0000000140007080 f i Framework.exe.obj
 0001:000060d0       _D3std3uni25__T16SliceOverIndexedTAiZ16SliceOverIndexed11__xopEqualsFKxS3std3uni25__T16SliceOverIndexedTAiZ16SliceOverIndexedKxS3std3uni25__T16SliceOverIndexedTAiZ16SliceOverIndexedZb 00000001400070d0 f i Framework.exe.obj
 0001:00006100       _D3std3uni25__T16SliceOverIndexedTAiZ16SliceOverIndexed68__T8opEqualsTS3std3uni25__T16SliceOverIndexedTAiZ16SliceOverIndexedZ8opEqualsMxFNaNbNfS3std3uni25__T16SliceOverIndexedTAiZ16SliceOverIndexedZb 0000000140007100 f i Framework.exe.obj
 0001:00006220       _D3std5array15__T8popFrontTiZ8popFrontFNaNbNfKAiZv 0000000140007220 f i Framework.exe.obj
 0001:000062b0       _D3std5array16__T8popFrontTyiZ8popFrontFNaNbNfKAyiZv 00000001400072b0 f i Framework.exe.obj
 0001:00006340       _D3std5array15__T7popBackTyiZ7popBackFNaNbNfKAyiZv 0000000140007340 f i Framework.exe.obj
 0001:000063c0       _D3std5array14__T7popBackTiZ7popBackFNaNbNfKAiZv 00000001400073c0 f i Framework.exe.obj
 0001:00006440       _D3std5stdio16__T7writelnTAyaZ7writelnFAyaZv 0000000140007440 f i Framework.exe.obj
 0001:000064f0       _D3std5stdio16__T7writelnTAyaZ7writelnFAyaZv12__dgliteral3MFNaNbNfZAxa 00000001400074f0 f i Framework.exe.obj
 0001:00006500       _D3std9exception14__T7enforceTbZ7enforceFNaNfbLAxaAyamZb 0000000140007500 f i Framework.exe.obj
 0001:00006590       _D3std5array18__T8appenderTAaTaZ8appenderFNaNbNfZS3std5array16__T8AppenderTAaZ8Appender 0000000140007590 f i Framework.exe.obj
 0001:00006600       _D3std5array16__T8AppenderTAaZ8Appender4Data11__xopEqualsFKxS3std5array16__T8AppenderTAaZ8Appender4DataKxS3std5array16__T8AppenderTAaZ8Appender4DataZb 0000000140007600 f i Framework.exe.obj
 0001:00006670       _D3std5array16__T8AppenderTAaZ8Appender6__ctorMFNaNbNcNfAaZS3std5array16__T8AppenderTAaZ8Appender 0000000140007670 f i Framework.exe.obj
 0001:00006780       _D3std5array16__T8AppenderTAaZ8Appender6__ctorMFNaNbNcNfAaZS3std5array16__T8AppenderTAaZ8Appender9__lambda2MFNbNeZm 0000000140007780 f i Framework.exe.obj
 0001:000067c0       _D3std5array16__T8AppenderTAaZ8Appender6__ctorMFNaNbNcNfAaZS3std5array16__T8AppenderTAaZ8Appender9__lambda3MFNbNeZAa 00000001400077c0 f i Framework.exe.obj
 0001:000067e0       _D3std5array16__T8AppenderTAaZ8Appender7reserveMFNaNbNfmZv 00000001400077e0 f i Framework.exe.obj
 0001:00006860       _D3std5array16__T8AppenderTAaZ8Appender8capacityMxFNaNbNdNfZm 0000000140007860 f i Framework.exe.obj
 0001:000068b0       _D3std5array16__T8AppenderTAaZ8Appender4dataMNgFNaNbNdNeZANga 00000001400078b0 f i Framework.exe.obj
 0001:00006910       _D3std5array16__T8AppenderTAaZ8Appender13ensureAddableMFNaNbNfmZv 0000000140007910 f i Framework.exe.obj
 0001:00006b00       _D3std5array16__T8AppenderTAaZ8Appender13ensureAddableMFNaNbNfmZv9__lambda2MFNbNeZm 0000000140007b00 f i Framework.exe.obj
 0001:00006b20       _D3std5array16__T8AppenderTAaZ8Appender13ensureAddableMFNaNbNfmZv9__lambda3MFNbNeZm 0000000140007b20 f i Framework.exe.obj
 0001:00006b80       _D3std5array16__T8AppenderTAaZ8Appender13ensureAddableMFNaNbNfmZv9__lambda4MFNbNeZS4core6memory8BlkInfo_ 0000000140007b80 f i Framework.exe.obj
 0001:00006c30       _D3std5array16__T8AppenderTAaZ8Appender13ensureAddableMFNaNbNfmZv9__lambda5MFNbNeZv 0000000140007c30 f i Framework.exe.obj
 0001:00006c80       _D3std5array16__T8AppenderTAaZ8Appender13ensureAddableMFNaNbNfmZv9__lambda6MFNbNeZAa 0000000140007c80 f i Framework.exe.obj
 0001:00006ca0       _D3std5array16__T8AppenderTAaZ8Appender5clearMFNaNbNfZv 0000000140007ca0 f i Framework.exe.obj
 0001:00006d40       _D3std5array16__T8AppenderTAaZ8Appender5clearMFNaNbNfZv9__lambda1MFNbNeZAa 0000000140007d40 f i Framework.exe.obj
 0001:00006d70       _D3std5array16__T8AppenderTAaZ8Appender8shrinkToMFNaNfmZv 0000000140007d70 f i Framework.exe.obj
 0001:00006ef0       _D3std5array16__T8AppenderTAaZ8Appender8shrinkToMFNaNfmZv12__dgliteral2MFNaNbNfZAxa 0000000140007ef0 f i Framework.exe.obj
 0001:00006f00       _D3std5array16__T8AppenderTAaZ8Appender8shrinkToMFNaNfmZv9__lambda3MFNbNeZAa 0000000140007f00 f i Framework.exe.obj
 0001:00006f30       _D3std5array16__T8AppenderTAaZ8Appender8shrinkToMFNaNfmZv12__dgliteral4MFNaNbNfZAxa 0000000140007f30 f i Framework.exe.obj
 0001:00006f40       _D6object15__T8capacityTaZ8capacityFNaNbNdAaZm 0000000140007f40 f i Framework.exe.obj
 0001:00006f70       _D3std6format18__T10FormatSpecTaZ10FormatSpec62__T17writeUpToNextSpecTS3std5array16__T8AppenderTAaZ8AppenderZ17writeUpToNextSpecMFNaNfS3std5array16__T8AppenderTAaZ8AppenderZb 0000000140007f70 f i Framework.exe.obj
 0001:000072c0       _D3std6format18__T10FormatSpecTaZ10FormatSpec62__T17writeUpToNextSpecTS3std5array16__T8AppenderTAaZ8AppenderZ17writeUpToNextSpecMFNaNfS3std5array16__T8AppenderTAaZ8AppenderZb12__dgliteral2MFNaNbNfZAya 00000001400082c0 f i Framework.exe.obj
 0001:000072e0       _D3std5array12__T5emptyTaZ5emptyFNaNbNdNfxAaZb 00000001400082e0 f i Framework.exe.obj
 0001:00007300       _D3std5range51__T3putTS3std5array16__T8AppenderTAaZ8AppenderTAxaZ3putFNaNbNfKS3std5array16__T8AppenderTAaZ8AppenderAxaZv 0000000140008300 f i Framework.exe.obj
 0001:00007320       _D3std5range53__T5doPutTS3std5array16__T8AppenderTAaZ8AppenderTAxaZ5doPutFNaNbNfKS3std5array16__T8AppenderTAaZ8AppenderKAxaZv 0000000140008320 f i Framework.exe.obj
 0001:00007370       _D3std5array16__T8popFrontTxaZ8popFrontFNaNbNeKAxaZv 0000000140008370 f i Framework.exe.obj
 0001:000074d0       _D3std5array13__T5frontTxaZ5frontFNaNdNfAxaZw 00000001400084d0 f i Framework.exe.obj
 0001:00007530       _D3std3utf15__T6decodeTAxaZ6decodeFNaNeKAxaKmZw 0000000140008530 f i Framework.exe.obj
 0001:00007640       _D3std3utf23__T10decodeImplVb1TAxaZ10decodeImplFNaKAxaKmZw 0000000140008640 f i Framework.exe.obj
 0001:00007980       _D3std3utf23__T10decodeImplVb1TAxaZ10decodeImplFNaKAxaKmZw10invalidUTFMFZC3std3utf12UTFException 0000000140008980 f i Framework.exe.obj
 0001:000079f0       _D3std3utf23__T10decodeImplVb1TAxaZ10decodeImplFNaKAxaKmZw11outOfBoundsMFZC3std3utf12UTFException 00000001400089f0 f i Framework.exe.obj
 0001:00007a60       _D3std3utf23__T10decodeImplVb1TAxaZ10decodeImplFNaKAxaKmZw18__T9exceptionTAxaZ9exceptionFNaNfAxaAyaZC3std3utf12UTFException 0000000140008a60 f i Framework.exe.obj
 0001:00007c00       _D3std5array16__T8AppenderTAaZ8Appender10__T3putTwZ3putMFNaNfwZv 0000000140008c00 f i Framework.exe.obj
 0001:00007cc0       _D3std5array15__T8popFrontTaZ8popFrontFNaNbNeKAaZv 0000000140008cc0 f i Framework.exe.obj
 0001:00007e20       _D3std5array12__T5frontTaZ5frontFNaNdNfAaZw 0000000140008e20 f i Framework.exe.obj
 0001:00007e80       _D3std3utf14__T6decodeTAaZ6decodeFNaNeKAaKmZw 0000000140008e80 f i Framework.exe.obj
 0001:00007f90       _D3std3utf22__T10decodeImplVb1TAaZ10decodeImplFNaKAaKmZw 0000000140008f90 f i Framework.exe.obj
 0001:000082d0       _D3std3utf22__T10decodeImplVb1TAaZ10decodeImplFNaKAaKmZw10invalidUTFMFZC3std3utf12UTFException 00000001400092d0 f i Framework.exe.obj
 0001:00008340       _D3std3utf22__T10decodeImplVb1TAaZ10decodeImplFNaKAaKmZw11outOfBoundsMFZC3std3utf12UTFException 0000000140009340 f i Framework.exe.obj
 0001:000083b0       _D3std3utf22__T10decodeImplVb1TAaZ10decodeImplFNaKAaKmZw17__T9exceptionTAaZ9exceptionFNaNfAaAyaZC3std3utf12UTFException 00000001400093b0 f i Framework.exe.obj
 0001:00008550       _D3std5array16__T8AppenderTAaZ8Appender11__T3putTAaZ3putMFNaNbNfAaZv 0000000140009550 f i Framework.exe.obj
 0001:00008690       _D3std5array16__T8AppenderTAaZ8Appender11__T3putTAaZ3putMFNaNbNfAaZv10bigDataFunMFNaNbNeZAa 0000000140009690 f i Framework.exe.obj
 0001:000086c0       _D3std5array28__T19appenderNewCapacityVm1Z19appenderNewCapacityFNaNbNfmmZm 00000001400096c0 f i Framework.exe.obj
 0001:000087b0       _D3std9algorithm12__T3maxTmTiZ3maxFNaNbNfmiZm 00000001400097b0 f i Framework.exe.obj
 0001:000087e0       _D3std9algorithm12__T3maxTmTmZ3maxFNaNbNfmmZm 00000001400097e0 f i Framework.exe.obj
 0001:00008800       _D3std5array16__T8AppenderTAaZ8Appender12__T3putTAxaZ3putMFNaNbNfAxaZv 0000000140009800 f i Framework.exe.obj
 0001:00008940       _D3std5array16__T8AppenderTAaZ8Appender12__T3putTAxaZ3putMFNaNbNfAxaZv10bigDataFunMFNaNbNeZAa 0000000140009940 f i Framework.exe.obj
 0001:00008970       _D3std9exception44__T9enforceExTC3std6format15FormatExceptionZ16__T9enforceExTbZ9enforceExFNaNfbLAyaAyamZb 0000000140009970 f i Framework.exe.obj
 0001:00008a40       _D3std4conv17__T4textTAyaTAxaZ4textFNaNfAyaAxaZAya 0000000140009a40 f i Framework.exe.obj
 0001:00008aa0       _D3std4conv25__T8textImplTAyaTAyaTAxaZ8textImplFNaNfAyaAxaZAya 0000000140009aa0 f i Framework.exe.obj
 0001:00008b50       _D3std4conv11__T2toTAyaZ11__T2toTAyaZ2toFNaNbNfAyaZAya 0000000140009b50 f i Framework.exe.obj
 0001:00008b90       _D3std4conv19__T6toImplTAyaTAyaZ6toImplFNaNbNfAyaZAya 0000000140009b90 f i Framework.exe.obj
 0001:00008ba0       _D3std4conv11__T2toTAyaZ11__T2toTAxaZ2toFNaNfAxaZAya 0000000140009ba0 f i Framework.exe.obj
 0001:00008be0       _D3std4conv19__T6toImplTAyaTAxaZ6toImplFNaNfAxaZAya 0000000140009be0 f i Framework.exe.obj
 0001:00008c30       _D3std4conv11__T2toTAxaZ11__T2toTAxaZ2toFNaNbNfAxaZAxa 0000000140009c30 f i Framework.exe.obj
 0001:00008c70       _D3std4conv19__T6toImplTAxaTAxaZ6toImplFNaNbNfAxaZAxa 0000000140009c70 f i Framework.exe.obj
 0001:00008c80       _D3std4conv16__T5parseTiTAxaZ5parseFNaNfKAxaZi 0000000140009c80 f i Framework.exe.obj
 0001:00008f10       _D3std4conv20__T9convErrorTAxaTiZ9convErrorFNaNfAxaAyamZC3std4conv13ConvException 0000000140009f10 f i Framework.exe.obj
 0001:00009040       _D3std4conv30__T20convError_unexpectedTAxaZ20convError_unexpectedFNaNfAxaZAya 000000014000a040 f i Framework.exe.obj
 0001:00009130       _D3std4conv19__T4textTAyaTwTAyaZ4textFNaNfAyawAyaZAya 000000014000a130 f i Framework.exe.obj
 0001:00009190       _D3std4conv27__T8textImplTAyaTAyaTwTAyaZ8textImplFNaNfAyawAyaZAya 000000014000a190 f i Framework.exe.obj
 0001:00009290       _D3std4conv11__T2toTAyaZ9__T2toTwZ2toFNaNfwZAya 000000014000a290 f i Framework.exe.obj
 0001:000092b0       _D3std4conv17__T6toImplTAyaTwZ6toImplFNaNfwZAya 000000014000a2b0 f i Framework.exe.obj
 0001:000092d0       _D3std4conv16__T5toStrTAyaTwZ5toStrFNaNfwZAya 000000014000a2d0 f i Framework.exe.obj
 0001:00009350       _D3std5array20__T8appenderTAyaTyaZ8appenderFNaNbNfZS3std5array17__T8AppenderTAyaZ8Appender 000000014000a350 f i Framework.exe.obj
 0001:000093c0       _D3std5array17__T8AppenderTAyaZ8Appender4Data11__xopEqualsFKxS3std5array17__T8AppenderTAyaZ8Appender4DataKxS3std5array17__T8AppenderTAyaZ8Appender4DataZb 000000014000a3c0 f i Framework.exe.obj
 0001:00009430       _D3std5array17__T8AppenderTAyaZ8Appender6__ctorMFNaNbNcNfAaZS3std5array17__T8AppenderTAyaZ8Appender 000000014000a430 f i Framework.exe.obj
 0001:00009540       _D3std5array17__T8AppenderTAyaZ8Appender6__ctorMFNaNbNcNfAaZS3std5array17__T8AppenderTAyaZ8Appender9__lambda2MFNbNeZm 000000014000a540 f i Framework.exe.obj
 0001:00009580       _D3std5array17__T8AppenderTAyaZ8Appender6__ctorMFNaNbNcNfAaZS3std5array17__T8AppenderTAyaZ8Appender9__lambda3MFNbNeZAa 000000014000a580 f i Framework.exe.obj
 0001:000095a0       _D3std5array17__T8AppenderTAyaZ8Appender7reserveMFNaNbNfmZv 000000014000a5a0 f i Framework.exe.obj
 0001:00009620       _D3std5array17__T8AppenderTAyaZ8Appender8capacityMxFNaNbNdNfZm 000000014000a620 f i Framework.exe.obj
 0001:00009670       _D3std5array17__T8AppenderTAyaZ8Appender4dataMNgFNaNbNdNeZAya 000000014000a670 f i Framework.exe.obj
 0001:000096d0       _D3std5array17__T8AppenderTAyaZ8Appender13ensureAddableMFNaNbNfmZv 000000014000a6d0 f i Framework.exe.obj
 0001:000098c0       _D3std5array17__T8AppenderTAyaZ8Appender13ensureAddableMFNaNbNfmZv9__lambda2MFNbNeZm 000000014000a8c0 f i Framework.exe.obj
 0001:000098e0       _D3std5array17__T8AppenderTAyaZ8Appender13ensureAddableMFNaNbNfmZv9__lambda3MFNbNeZm 000000014000a8e0 f i Framework.exe.obj
 0001:00009940       _D3std5array17__T8AppenderTAyaZ8Appender13ensureAddableMFNaNbNfmZv9__lambda4MFNbNeZS4core6memory8BlkInfo_ 000000014000a940 f i Framework.exe.obj
 0001:000099f0       _D3std5array17__T8AppenderTAyaZ8Appender13ensureAddableMFNaNbNfmZv9__lambda5MFNbNeZv 000000014000a9f0 f i Framework.exe.obj
 0001:00009a40       _D3std5array17__T8AppenderTAyaZ8Appender13ensureAddableMFNaNbNfmZv9__lambda6MFNbNeZAa 000000014000aa40 f i Framework.exe.obj
 0001:00009a60       _D3std6format61__T11formatValueTS3std5array17__T8AppenderTAyaZ8AppenderTwTaZ11formatValueFNaNfS3std5array17__T8AppenderTAyaZ8AppenderwKS3std6format18__T10FormatSpecTaZ10FormatSpecZv 000000014000aa60 f i Framework.exe.obj
 0001:00009ab0       _D3std5range50__T3putTS3std5array17__T8AppenderTAyaZ8AppenderTwZ3putFNaNfKS3std5array17__T8AppenderTAyaZ8AppenderwZv 000000014000aab0 f i Framework.exe.obj
 0001:00009ae0       _D3std5range52__T5doPutTS3std5array17__T8AppenderTAyaZ8AppenderTwZ5doPutFNaNfKS3std5array17__T8AppenderTAyaZ8AppenderKwZv 000000014000aae0 f i Framework.exe.obj
 0001:00009b10       _D3std5array17__T8AppenderTAyaZ8Appender10__T3putTwZ3putMFNaNfwZv 000000014000ab10 f i Framework.exe.obj
 0001:00009bd0       _D3std5array17__T8AppenderTAyaZ8Appender11__T3putTAaZ3putMFNaNbNfAaZv 000000014000abd0 f i Framework.exe.obj
 0001:00009d10       _D3std5array17__T8AppenderTAyaZ8Appender11__T3putTAaZ3putMFNaNbNfAaZv10bigDataFunMFNaNbNeZAa 000000014000ad10 f i Framework.exe.obj
 0001:00009d40       _D3std6format61__T11formatValueTS3std5array17__T8AppenderTAyaZ8AppenderTkTaZ11formatValueFNaNfS3std5array17__T8AppenderTAyaZ8AppenderkKS3std6format18__T10FormatSpecTaZ10FormatSpecZv 000000014000ad40 f i Framework.exe.obj
 0001:00009f90       _D3std6format61__T11formatValueTS3std5array17__T8AppenderTAyaZ8AppenderTkTaZ11formatValueFNaNfS3std5array17__T8AppenderTAyaZ8AppenderkKS3std6format18__T10FormatSpecTaZ10FormatSpecZv16__T9__lambda4TkZ9__lambda4FNaNbNeKkZAxa 000000014000af90 f i Framework.exe.obj
 0001:00009fb0       _D3std6format61__T11formatValueTS3std5array17__T8AppenderTAyaZ8AppenderTkTaZ11formatValueFNaNfS3std5array17__T8AppenderTAyaZ8AppenderkKS3std6format18__T10FormatSpecTaZ10FormatSpecZv12__dgliteral5MFNaNbNfZAya 000000014000afb0 f i Framework.exe.obj
 0001:00009fd0       _D3std5range51__T3putTS3std5array17__T8AppenderTAyaZ8AppenderTxaZ3putFNaNbNfKS3std5array17__T8AppenderTAyaZ8AppenderxaZv 000000014000afd0 f i Framework.exe.obj
 0001:0000a000       _D3std5range53__T5doPutTS3std5array17__T8AppenderTAyaZ8AppenderTxaZ5doPutFNaNbNfKS3std5array17__T8AppenderTAyaZ8AppenderKxaZv 000000014000b000 f i Framework.exe.obj
 0001:0000a030       _D3std5array17__T8AppenderTAyaZ8Appender11__T3putTxaZ3putMFNaNbNfxaZv 000000014000b030 f i Framework.exe.obj
 0001:0000a140       _D3std5array17__T8AppenderTAyaZ8Appender11__T3putTxaZ3putMFNaNbNfxaZv10bigDataFunMFNaNbNeZAa 000000014000b140 f i Framework.exe.obj
 0001:0000a180       _D3std5array17__T8AppenderTAyaZ8Appender11__T3putTxaZ3putMFNaNbNfxaZv5uitemMFNaNbNdNeZa 000000014000b180 f i Framework.exe.obj
 0001:0000a190       _D3std6format64__T14formatIntegralTS3std5array17__T8AppenderTAyaZ8AppenderTmTaZ14formatIntegralFNaNbNfS3std5array17__T8AppenderTAyaZ8AppenderxmKS3std6format18__T10FormatSpecTaZ10FormatSpeckmZv 000000014000b190 f i Framework.exe.obj
 0001:0000a1f0       _D3std6format62__T14formatUnsignedTS3std5array17__T8AppenderTAyaZ8AppenderTaZ14formatUnsignedFNaNbNfS3std5array17__T8AppenderTAyaZ8AppendermKS3std6format18__T10FormatSpecTaZ10FormatSpeckbZv 000000014000b1f0 f i Framework.exe.obj
 0001:0000a770       _D3std5range50__T3putTS3std5array17__T8AppenderTAyaZ8AppenderTaZ3putFNaNbNfKS3std5array17__T8AppenderTAyaZ8AppenderaZv 000000014000b770 f i Framework.exe.obj
 0001:0000a7a0       _D3std5range52__T5doPutTS3std5array17__T8AppenderTAyaZ8AppenderTaZ5doPutFNaNbNfKS3std5array17__T8AppenderTAyaZ8AppenderKaZv 000000014000b7a0 f i Framework.exe.obj
 0001:0000a7d0       _D3std5array17__T8AppenderTAyaZ8Appender10__T3putTaZ3putMFNaNbNfaZv 000000014000b7d0 f i Framework.exe.obj
 0001:0000a8e0       _D3std5array17__T8AppenderTAyaZ8Appender10__T3putTaZ3putMFNaNbNfaZv10bigDataFunMFNaNbNeZAa 000000014000b8e0 f i Framework.exe.obj
 0001:0000a920       _D3std5array17__T8AppenderTAyaZ8Appender10__T3putTaZ3putMFNaNbNfaZv5uitemMFNbNdNeZa 000000014000b920 f i Framework.exe.obj
 0001:0000a930       _D3std5range51__T3putTS3std5array17__T8AppenderTAyaZ8AppenderTAaZ3putFNaNbNfKS3std5array17__T8AppenderTAyaZ8AppenderAaZv 000000014000b930 f i Framework.exe.obj
 0001:0000a950       _D3std5range53__T5doPutTS3std5array17__T8AppenderTAyaZ8AppenderTAaZ5doPutFNaNbNfKS3std5array17__T8AppenderTAyaZ8AppenderKAaZv 000000014000b950 f i Framework.exe.obj
 0001:0000a9a0       _D3std4conv21__T4textTAyaTAyaTAyaZ4textFNaNbNfAyaAyaAyaZAya 000000014000b9a0 f i Framework.exe.obj
 0001:0000aa20       _D3std4conv29__T8textImplTAyaTAyaTAyaTAyaZ8textImplFNaNbNfAyaAyaAyaZAya 000000014000ba20 f i Framework.exe.obj
 0001:0000ab30       _D3std4conv16__T5parseTkTAxaZ5parseFNaNfKAxaZk 000000014000bb30 f i Framework.exe.obj
 0001:0000ad40       _D3std4conv20__T9convErrorTAxaTkZ9convErrorFNaNfAxaAyamZC3std4conv13ConvException 000000014000bd40 f i Framework.exe.obj
 0001:0000ae70       _D3std9exception44__T9enforceExTC3std6format15FormatExceptionZ16__T9enforceExTmZ9enforceExFNaNfmLAyaAyamZm 000000014000be70 f i Framework.exe.obj
 0001:0000af40       _D3std10functional33__T9binaryFunVAyaa6_61203d3d2062Z18__T9binaryFunTwTaZ9binaryFunFNaNbNfwaZb 000000014000bf40 f i Framework.exe.obj
 0001:0000af60       _D3std9algorithm41__T10startsWithVAyaa6_61203d3d2062TAxaTaZ10startsWithFNaNfAxaaZb 000000014000bf60 f i Framework.exe.obj
 0001:0000b000       _D3std4conv9__T2toThZ10__T2toTxkZ2toFNaNfxkZh 000000014000c000 f i Framework.exe.obj
 0001:0000b020       _D3std4conv16__T6toImplThTxkZ6toImplFNaNfxkZh 000000014000c020 f i Framework.exe.obj
 0001:0000b0f0       _D3std4conv16__T6toImplThTxkZ6toImplFNaNfxkZh17__T9__lambda2TxkZ9__lambda2FNaNbNeKxkZh 000000014000c0f0 f i Framework.exe.obj
 0001:0000b100       _D3std4conv16__T5parseThTAxaZ5parseFNaNfKAxaZh 000000014000c100 f i Framework.exe.obj
 0001:0000b250       _D3std4conv16__T5parseThTAxaZ5parseFNaNfKAxaZh9__lambda2MFNbNeZh 000000014000c250 f i Framework.exe.obj
 0001:0000b260       _D3std4conv20__T9convErrorTAxaThZ9convErrorFNaNfAxaAyamZC3std4conv13ConvException 000000014000c260 f i Framework.exe.obj
 0001:0000b390       _D3std4conv9__T2toTiZ10__T2toTxkZ2toFNaNfxkZi 000000014000c390 f i Framework.exe.obj
 0001:0000b3b0       _D3std4conv16__T6toImplTiTxkZ6toImplFNaNfxkZi 000000014000c3b0 f i Framework.exe.obj
 0001:0000b410       _D3std4conv16__T6toImplTiTxkZ6toImplFNaNfxkZi12__dgliteral2MFNaNbNfZC6object9Throwable 000000014000c410 f i Framework.exe.obj
 0001:0000b4a0       _D3std9exception14__T7enforceTbZ7enforceFNaNfbLC6object9ThrowableZb 000000014000c4a0 f i Framework.exe.obj
 0001:0000b4f0       _D3std4conv13__T4textTAxaZ4textFNaNfAxaZAya 000000014000c4f0 f i Framework.exe.obj
 0001:0000b530       _D3std4conv21__T8textImplTAyaTAxaZ8textImplFNaNfAxaZAya 000000014000c530 f i Framework.exe.obj
 0001:0000b570       _D3std9exception50__T12assertThrownTC3std6format15FormatExceptionTbZ12assertThrownFNaNfLbAyaAyamZv 000000014000c570 f i Framework.exe.obj
 0001:0000b760       _D3std6string25__T6formatTaTAyaTAyaTAyaZ6formatFNaNfxAaAyaAyaAyaZAya 000000014000c760 f i Framework.exe.obj
 0001:0000b880       _D3std6string25__T6formatTaTAyaTAyaTAyaZ6formatFNaNfxAaAyaAyaAyaZAya12__dgliteral6MFNaNfZC6object9Throwable 000000014000c880 f i Framework.exe.obj
 0001:0000b9b0       _D3std6format74__T14formattedWriteTS3std5array17__T8AppenderTAyaZ8AppenderTaTAyaTAyaTAyaZ14formattedWriteFNaNfS3std5array17__T8AppenderTAyaZ8AppenderxAaAyaAyaAyaZk 000000014000c9b0 f i Framework.exe.obj
 0001:0000c130       _D3std6format74__T14formattedWriteTS3std5array17__T8AppenderTAyaZ8AppenderTaTAyaTAyaTAyaZ14formattedWriteFNaNfS3std5array17__T8AppenderTAyaZ8AppenderxAaAyaAyaAyaZk9__lambda7FNaNbNeZPFNaNbNfS3std5array17__T8AppenderTAyaZ8AppenderPxvKS3std6format18__T10FormatSpecTaZ10FormatSpecZv 000000014000d130 f i Framework.exe.obj
 0001:0000c140       _D3std6format74__T14formattedWriteTS3std5array17__T8AppenderTAyaZ8AppenderTaTAyaTAyaTAyaZ14formattedWriteFNaNfS3std5array17__T8AppenderTAyaZ8AppenderxAaAyaAyaAyaZk18__T9__lambda8TAyaZ9__lambda8FNaNbNeKAyaZxPv 000000014000d140 f i Framework.exe.obj
 0001:0000c150       _D3std6format74__T14formattedWriteTS3std5array17__T8AppenderTAyaZ8AppenderTaTAyaTAyaTAyaZ14formattedWriteFNaNfS3std5array17__T8AppenderTAyaZ8AppenderxAaAyaAyaAyaZk9__lambda9FNaNbNeZPFNaNbNfS3std5array17__T8AppenderTAyaZ8AppenderPxvKS3std6format18__T10FormatSpecTaZ10FormatSpecZv 000000014000d150 f i Framework.exe.obj
 0001:0000c160       _D3std6format74__T14formattedWriteTS3std5array17__T8AppenderTAyaZ8AppenderTaTAyaTAyaTAyaZ14formattedWriteFNaNfS3std5array17__T8AppenderTAyaZ8AppenderxAaAyaAyaAyaZk20__T10__lambda10TAyaZ10__lambda10FNaNbNeKAyaZxPv 000000014000d160 f i Framework.exe.obj
 0001:0000c170       _D3std6format74__T14formattedWriteTS3std5array17__T8AppenderTAyaZ8AppenderTaTAyaTAyaTAyaZ14formattedWriteFNaNfS3std5array17__T8AppenderTAyaZ8AppenderxAaAyaAyaAyaZk10__lambda11FNaNbNeZPFNaNbNfS3std5array17__T8AppenderTAyaZ8AppenderPxvKS3std6format18__T10FormatSpecTaZ10FormatSpecZv 000000014000d170 f i Framework.exe.obj
 0001:0000c180       _D3std6format74__T14formattedWriteTS3std5array17__T8AppenderTAyaZ8AppenderTaTAyaTAyaTAyaZ14formattedWriteFNaNfS3std5array17__T8AppenderTAyaZ8AppenderxAaAyaAyaAyaZk20__T10__lambda12TAyaZ10__lambda12FNaNbNeKAyaZxPv 000000014000d180 f i Framework.exe.obj
 0001:0000c190       _D3std6format74__T14formattedWriteTS3std5array17__T8AppenderTAyaZ8AppenderTaTAyaTAyaTAyaZ14formattedWriteFNaNfS3std5array17__T8AppenderTAyaZ8AppenderxAaAyaAyaAyaZk13__dgliteral13MFNaNfZAya 000000014000d190 f i Framework.exe.obj
 0001:0000c200       _D3std6format65__T13formatGenericTS3std5array17__T8AppenderTAyaZ8AppenderTAyaTaZ13formatGenericFNaS3std5array17__T8AppenderTAyaZ8AppenderPxvKS3std6format18__T10FormatSpecTaZ10FormatSpecZv 000000014000d200 f i Framework.exe.obj
 0001:0000c240       _D3std6format63__T11formatValueTS3std5array17__T8AppenderTAyaZ8AppenderTAyaTaZ11formatValueFNaNfS3std5array17__T8AppenderTAyaZ8AppenderAyaKS3std6format18__T10FormatSpecTaZ10FormatSpecZv 000000014000d240 f i Framework.exe.obj
 0001:0000c290       _D3std5array16__T8popFrontTyaZ8popFrontFNaNbNeKAyaZv 000000014000d290 f i Framework.exe.obj
 0001:0000c3f0       _D3std5array13__T5frontTyaZ5frontFNaNdNfAyaZw 000000014000d3f0 f i Framework.exe.obj
 0001:0000c450       _D3std3utf15__T6decodeTAyaZ6decodeFNaNeKAyaKmZw 000000014000d450 f i Framework.exe.obj
 0001:0000c560       _D3std3utf23__T10decodeImplVb1TAyaZ10decodeImplFNaKAyaKmZw 000000014000d560 f i Framework.exe.obj
 0001:0000c8a0       _D3std3utf23__T10decodeImplVb1TAyaZ10decodeImplFNaKAyaKmZw10invalidUTFMFZC3std3utf12UTFException 000000014000d8a0 f i Framework.exe.obj
 0001:0000c910       _D3std3utf23__T10decodeImplVb1TAyaZ10decodeImplFNaKAyaKmZw11outOfBoundsMFZC3std3utf12UTFException 000000014000d910 f i Framework.exe.obj
 0001:0000c980       _D3std3utf23__T10decodeImplVb1TAyaZ10decodeImplFNaKAyaKmZw18__T9exceptionTAyaZ9exceptionFNaNfAyaAyaZC3std3utf12UTFException 000000014000d980 f i Framework.exe.obj
 0001:0000cb20       _D3std6format63__T11formatRangeTS3std5array17__T8AppenderTAyaZ8AppenderTAyaTaZ11formatRangeFNaNfKS3std5array17__T8AppenderTAyaZ8AppenderKAyaKS3std6format18__T10FormatSpecTaZ10FormatSpecZv 000000014000db20 f i Framework.exe.obj
 0001:0000d150       _D3std5range52__T3putTS3std5array17__T8AppenderTAyaZ8AppenderTAyaZ3putFNaNbNfKS3std5array17__T8AppenderTAyaZ8AppenderAyaZv 000000014000e150 f i Framework.exe.obj
 0001:0000d170       _D3std5range54__T5doPutTS3std5array17__T8AppenderTAyaZ8AppenderTAyaZ5doPutFNaNbNfKS3std5array17__T8AppenderTAyaZ8AppenderKAyaZv 000000014000e170 f i Framework.exe.obj
 0001:0000d1c0       _D3std5array17__T8AppenderTAyaZ8Appender12__T3putTAyaZ3putMFNaNbNfAyaZv 000000014000e1c0 f i Framework.exe.obj
 0001:0000d300       _D3std5array17__T8AppenderTAyaZ8Appender12__T3putTAyaZ3putMFNaNbNfAyaZv10bigDataFunMFNaNbNeZAa 000000014000e300 f i Framework.exe.obj
 0001:0000d330       _D3std6format62__T11formatValueTS3std5array17__T8AppenderTAyaZ8AppenderTyaTaZ11formatValueFNaNfS3std5array17__T8AppenderTAyaZ8AppenderyaKS3std6format18__T10FormatSpecTaZ10FormatSpecZv 000000014000e330 f i Framework.exe.obj
 0001:0000d380       _D3std5range51__T3putTS3std5array17__T8AppenderTAyaZ8AppenderTyaZ3putFNaNbNfKS3std5array17__T8AppenderTAyaZ8AppenderyaZv 000000014000e380 f i Framework.exe.obj
 0001:0000d3b0       _D3std5range53__T5doPutTS3std5array17__T8AppenderTAyaZ8AppenderTyaZ5doPutFNaNbNfKS3std5array17__T8AppenderTAyaZ8AppenderKyaZv 000000014000e3b0 f i Framework.exe.obj
 0001:0000d3e0       _D3std5array17__T8AppenderTAyaZ8Appender11__T3putTyaZ3putMFNaNbNfyaZv 000000014000e3e0 f i Framework.exe.obj
 0001:0000d4f0       _D3std5array17__T8AppenderTAyaZ8Appender11__T3putTyaZ3putMFNaNbNfyaZv10bigDataFunMFNaNbNeZAa 000000014000e4f0 f i Framework.exe.obj
 0001:0000d530       _D3std5array17__T8AppenderTAyaZ8Appender11__T3putTyaZ3putMFNaNbNfyaZv5uitemMFNaNbNdNeZa 000000014000e530 f i Framework.exe.obj
 0001:0000d540       _D3std6format61__T11formatValueTS3std5array17__T8AppenderTAyaZ8AppenderThTaZ11formatValueFNaNfS3std5array17__T8AppenderTAyaZ8AppenderhKS3std6format18__T10FormatSpecTaZ10FormatSpecZv 000000014000e540 f i Framework.exe.obj
 0001:0000d790       _D3std6format61__T11formatValueTS3std5array17__T8AppenderTAyaZ8AppenderThTaZ11formatValueFNaNfS3std5array17__T8AppenderTAyaZ8AppenderhKS3std6format18__T10FormatSpecTaZ10FormatSpecZv16__T9__lambda4ThZ9__lambda4FNaNbNeKhZAxa 000000014000e790 f i Framework.exe.obj
 0001:0000d7b0       _D3std6format61__T11formatValueTS3std5array17__T8AppenderTAyaZ8AppenderThTaZ11formatValueFNaNfS3std5array17__T8AppenderTAyaZ8AppenderhKS3std6format18__T10FormatSpecTaZ10FormatSpecZv12__dgliteral5MFNaNbNfZAya 000000014000e7b0 f i Framework.exe.obj
 0001:0000d7d0       _D3std6format18__T10FormatSpecTaZ10FormatSpec63__T17writeUpToNextSpecTS3std5array17__T8AppenderTAyaZ8AppenderZ17writeUpToNextSpecMFNaNfS3std5array17__T8AppenderTAyaZ8AppenderZb 000000014000e7d0 f i Framework.exe.obj
 0001:0000db20       _D3std6format18__T10FormatSpecTaZ10FormatSpec63__T17writeUpToNextSpecTS3std5array17__T8AppenderTAyaZ8AppenderZ17writeUpToNextSpecMFNaNfS3std5array17__T8AppenderTAyaZ8AppenderZb12__dgliteral2MFNaNbNfZAya 000000014000eb20 f i Framework.exe.obj
 0001:0000db40       _D3std5range52__T3putTS3std5array17__T8AppenderTAyaZ8AppenderTAxaZ3putFNaNbNfKS3std5array17__T8AppenderTAyaZ8AppenderAxaZv 000000014000eb40 f i Framework.exe.obj
 0001:0000db60       _D3std5range54__T5doPutTS3std5array17__T8AppenderTAyaZ8AppenderTAxaZ5doPutFNaNbNfKS3std5array17__T8AppenderTAyaZ8AppenderKAxaZv 000000014000eb60 f i Framework.exe.obj
 0001:0000dbb0       _D3std5array17__T8AppenderTAyaZ8Appender12__T3putTAxaZ3putMFNaNbNfAxaZv 000000014000ebb0 f i Framework.exe.obj
 0001:0000dcf0       _D3std5array17__T8AppenderTAyaZ8Appender12__T3putTAxaZ3putMFNaNbNfAxaZv10bigDataFunMFNaNbNeZAa 000000014000ecf0 f i Framework.exe.obj
 0001:0000dd20       _D3std6format63__T13formatElementTS3std5array17__T8AppenderTAyaZ8AppenderTwTaZ13formatElementFNaNfS3std5array17__T8AppenderTAyaZ8AppenderwKS3std6format18__T10FormatSpecTaZ10FormatSpecZv 000000014000ed20 f i Framework.exe.obj
 0001:0000ddb0       _D3std6format56__T10formatCharTS3std5array17__T8AppenderTAyaZ8AppenderZ10formatCharFNaNfS3std5array17__T8AppenderTAyaZ8AppenderxwxaZv 000000014000edb0 f i Framework.exe.obj
 0001:0000e0c0       _D3std5range51__T3putTS3std5array17__T8AppenderTAyaZ8AppenderTxwZ3putFNaNfKS3std5array17__T8AppenderTAyaZ8AppenderxwZv 000000014000f0c0 f i Framework.exe.obj
 0001:0000e0f0       _D3std5range53__T5doPutTS3std5array17__T8AppenderTAyaZ8AppenderTxwZ5doPutFNaNfKS3std5array17__T8AppenderTAyaZ8AppenderKxwZv 000000014000f0f0 f i Framework.exe.obj
 0001:0000e120       _D3std5array17__T8AppenderTAyaZ8Appender11__T3putTxwZ3putMFNaNfxwZv 000000014000f120 f i Framework.exe.obj
 0001:0000e1e0       _D3std6format64__T14formattedWriteTS3std5array17__T8AppenderTAyaZ8AppenderTaTkZ14formattedWriteFNaNfS3std5array17__T8AppenderTAyaZ8AppenderxAakZk 000000014000f1e0 f i Framework.exe.obj
 0001:0000e6f0       _D3std6format64__T14formattedWriteTS3std5array17__T8AppenderTAyaZ8AppenderTaTkZ14formattedWriteFNaNfS3std5array17__T8AppenderTAyaZ8AppenderxAakZk9__lambda5FNaNbNeZPFNaNbNfS3std5array17__T8AppenderTAyaZ8AppenderPxvKS3std6format18__T10FormatSpecTaZ10FormatSpecZv 000000014000f6f0 f i Framework.exe.obj
 0001:0000e700       _D3std6format64__T14formattedWriteTS3std5array17__T8AppenderTAyaZ8AppenderTaTkZ14formattedWriteFNaNfS3std5array17__T8AppenderTAyaZ8AppenderxAakZk16__T9__lambda6TkZ9__lambda6FNaNbNeKkZxPv 000000014000f700 f i Framework.exe.obj
 0001:0000e710       _D3std6format64__T14formattedWriteTS3std5array17__T8AppenderTAyaZ8AppenderTaTkZ14formattedWriteFNaNfS3std5array17__T8AppenderTAyaZ8AppenderxAakZk12__dgliteral7MFNaNfZAya 000000014000f710 f i Framework.exe.obj
 0001:0000e780       _D3std6format63__T13formatGenericTS3std5array17__T8AppenderTAyaZ8AppenderTkTaZ13formatGenericFNaS3std5array17__T8AppenderTAyaZ8AppenderPxvKS3std6format18__T10FormatSpecTaZ10FormatSpecZv 000000014000f780 f i Framework.exe.obj
 0001:0000e7a0       _D3std6format16__T9getNthIntTkZ9getNthIntFNaNfkkZi 000000014000f7a0 f i Framework.exe.obj
 0001:0000e7e0       _D3std6format14__T9getNthIntZ9getNthIntFNaNfkZi 000000014000f7e0 f i Framework.exe.obj
 0001:0000e890       _D3std4conv9__T2toTiZ9__T2toTkZ2toFNaNfkZi 000000014000f890 f i Framework.exe.obj
 0001:0000e8b0       _D3std4conv15__T6toImplTiTkZ6toImplFNaNfkZi 000000014000f8b0 f i Framework.exe.obj
 0001:0000e910       _D3std4conv15__T6toImplTiTkZ6toImplFNaNfkZi12__dgliteral2MFNaNbNfZC6object9Throwable 000000014000f910 f i Framework.exe.obj
 0001:0000e9a0       _D3std4conv9__T2toTiZ9__T2toTiZ2toFNaNbNfiZi 000000014000f9a0 f i Framework.exe.obj
 0001:0000e9c0       _D3std4conv15__T6toImplTiTiZ6toImplFNaNbNfiZi 000000014000f9c0 f i Framework.exe.obj
 0001:0000e9d0       _D3std6format58__T9formatNthTS3std5array17__T8AppenderTAyaZ8AppenderTaTkZ9formatNthFNaNfS3std5array17__T8AppenderTAyaZ8AppenderKS3std6format18__T10FormatSpecTaZ10FormatSpecmkZv 000000014000f9d0 f i Framework.exe.obj
 0001:0000eab0       _D3std6format58__T9formatNthTS3std5array17__T8AppenderTAyaZ8AppenderTaTkZ9formatNthFNaNfS3std5array17__T8AppenderTAyaZ8AppenderKS3std6format18__T10FormatSpecTaZ10FormatSpecmkZv15__T7gencodeVm1Z7gencodeFNaNfZAya 000000014000fab0 f i Framework.exe.obj
 0001:0000ebb0       _D3std4conv11__T2toTAyaZ9__T2toTmZ2toFNaNfmZAya 000000014000fbb0 f i Framework.exe.obj
 0001:0000ebd0       _D3std4conv17__T6toImplTAyaTmZ6toImplFNaNfmZAya 000000014000fbd0 f i Framework.exe.obj
 0001:0000ec00       _D3std4conv17__T6toImplTAyaTmZ6toImplFNaNemkE3std5ascii10LetterCaseZAya 000000014000fc00 f i Framework.exe.obj
 0001:0000ed50       _D3std4conv17__T6toImplTAyaTmZ6toImplFNaNemkE3std5ascii10LetterCaseZAya12__dgliteral4MFNaNbNfZC6object9Throwable 000000014000fd50 f i Framework.exe.obj
 0001:0000ede0       _D3std4conv17__T6toImplTAyaTmZ6toImplFNaNemkE3std5ascii10LetterCaseZAya37__T20toStringRadixConvertVm25Vi10Vb1Z20toStringRadixConvertMFkZAya 000000014000fde0 f i Framework.exe.obj
 0001:0000ef30       _D3std4conv15__T8unsignedTmZ8unsignedFNaNbNfmZm 000000014000ff30 f i Framework.exe.obj
 0001:0000ef40       _D3std4conv17__T6toImplTAyaTmZ6toImplFNaNemkE3std5ascii10LetterCaseZAya34__T20toStringRadixConvertVm24Vi10Z20toStringRadixConvertMFkZAya 000000014000ff40 f i Framework.exe.obj
 0001:0000f060       _D3std4conv17__T6toImplTAyaTmZ6toImplFNaNemkE3std5ascii10LetterCaseZAya34__T20toStringRadixConvertVm16Vi16Z20toStringRadixConvertMFkZAya 0000000140010060 f i Framework.exe.obj
 0001:0000f1a0       _D3std4conv17__T6toImplTAyaTmZ6toImplFNaNemkE3std5ascii10LetterCaseZAya33__T20toStringRadixConvertVm64Vi2Z20toStringRadixConvertMFkZAya 00000001400101a0 f i Framework.exe.obj
 0001:0000f2a0       _D3std4conv17__T6toImplTAyaTmZ6toImplFNaNemkE3std5ascii10LetterCaseZAya33__T20toStringRadixConvertVm24Vi8Z20toStringRadixConvertMFkZAya 00000001400102a0 f i Framework.exe.obj
 0001:0000f3b0       _D3std4conv17__T6toImplTAyaTmZ6toImplFNaNemkE3std5ascii10LetterCaseZAya30__T20toStringRadixConvertVm48Z20toStringRadixConvertMFkZAya 00000001400103b0 f i Framework.exe.obj
 0001:0000f500       _D3std4conv15__T4textTAyaTaZ4textFNaNfAyaaZAya 0000000140010500 f i Framework.exe.obj
 0001:0000f540       _D3std4conv23__T8textImplTAyaTAyaTaZ8textImplFNaNfAyaaZAya 0000000140010540 f i Framework.exe.obj
 0001:0000f5e0       _D3std4conv11__T2toTAyaZ9__T2toTaZ2toFNaNfaZAya 00000001400105e0 f i Framework.exe.obj
 0001:0000f600       _D3std4conv17__T6toImplTAyaTaZ6toImplFNaNfaZAya 0000000140010600 f i Framework.exe.obj
 0001:0000f620       _D3std4conv16__T5toStrTAyaTaZ5toStrFNaNfaZAya 0000000140010620 f i Framework.exe.obj
 0001:0000f6a0       _D3std6format61__T11formatValueTS3std5array17__T8AppenderTAyaZ8AppenderTaTaZ11formatValueFNaNfS3std5array17__T8AppenderTAyaZ8AppenderaKS3std6format18__T10FormatSpecTaZ10FormatSpecZv 00000001400106a0 f i Framework.exe.obj
 0001:0000f6f0       _D3std6format26__T9getNthIntTAyaTAyaTAyaZ9getNthIntFNaNfkAyaAyaAyaZi 00000001400106f0 f i Framework.exe.obj
 0001:0000f800       _D3std6format22__T9getNthIntTAyaTAyaZ9getNthIntFNaNfkAyaAyaZi 0000000140010800 f i Framework.exe.obj
 0001:0000f8f0       _D3std6format18__T9getNthIntTAyaZ9getNthIntFNaNfkAyaZi 00000001400108f0 f i Framework.exe.obj
 0001:0000f9d0       _D3std6format68__T9formatNthTS3std5array17__T8AppenderTAyaZ8AppenderTaTAyaTAyaTAyaZ9formatNthFNaNfS3std5array17__T8AppenderTAyaZ8AppenderKS3std6format18__T10FormatSpecTaZ10FormatSpecmAyaAyaAyaZv 00000001400109d0 f i Framework.exe.obj
 0001:0000fb40       _D3std6format68__T9formatNthTS3std5array17__T8AppenderTAyaZ8AppenderTaTAyaTAyaTAyaZ9formatNthFNaNfS3std5array17__T8AppenderTAyaZ8AppenderKS3std6format18__T10FormatSpecTaZ10FormatSpecmAyaAyaAyaZv15__T7gencodeVm3Z7gencodeFNaNfZAya 0000000140010b40 f i Framework.exe.obj
 0001:0000fc40       _D3std4conv25__T4textTAyaTkTAyaTmTAyaZ4textFNaNfAyakAyamAyaZAya 0000000140010c40 f i Framework.exe.obj
 0001:0000fcc0       _D3std4conv33__T8textImplTAyaTAyaTkTAyaTmTAyaZ8textImplFNaNfAyakAyamAyaZAya 0000000140010cc0 f i Framework.exe.obj
 0001:0000fe70       _D3std4conv11__T2toTAyaZ9__T2toTkZ2toFNaNfkZAya 0000000140010e70 f i Framework.exe.obj
 0001:0000fe90       _D3std4conv17__T6toImplTAyaTkZ6toImplFNaNfkZAya 0000000140010e90 f i Framework.exe.obj
 0001:0000fec0       _D3std4conv17__T6toImplTAyaTkZ6toImplFNaNekkE3std5ascii10LetterCaseZAya 0000000140010ec0 f i Framework.exe.obj
 0001:00010010       _D3std4conv17__T6toImplTAyaTkZ6toImplFNaNekkE3std5ascii10LetterCaseZAya12__dgliteral4MFNaNbNfZC6object9Throwable 0000000140011010 f i Framework.exe.obj
 0001:000100a0       _D3std4conv17__T6toImplTAyaTkZ6toImplFNaNekkE3std5ascii10LetterCaseZAya37__T20toStringRadixConvertVm13Vi10Vb1Z20toStringRadixConvertMFkZAya 00000001400110a0 f i Framework.exe.obj
 0001:00010200       _D3std4conv15__T8unsignedTkZ8unsignedFNaNbNfkZk 0000000140011200 f i Framework.exe.obj
 0001:00010210       _D3std4conv17__T6toImplTAyaTkZ6toImplFNaNekkE3std5ascii10LetterCaseZAya34__T20toStringRadixConvertVm12Vi10Z20toStringRadixConvertMFkZAya 0000000140011210 f i Framework.exe.obj
 0001:00010330       _D3std4conv17__T6toImplTAyaTkZ6toImplFNaNekkE3std5ascii10LetterCaseZAya33__T20toStringRadixConvertVm8Vi16Z20toStringRadixConvertMFkZAya 0000000140011330 f i Framework.exe.obj
 0001:00010460       _D3std4conv17__T6toImplTAyaTkZ6toImplFNaNekkE3std5ascii10LetterCaseZAya33__T20toStringRadixConvertVm32Vi2Z20toStringRadixConvertMFkZAya 0000000140011460 f i Framework.exe.obj
 0001:00010560       _D3std4conv17__T6toImplTAyaTkZ6toImplFNaNekkE3std5ascii10LetterCaseZAya33__T20toStringRadixConvertVm12Vi8Z20toStringRadixConvertMFkZAya 0000000140011560 f i Framework.exe.obj
 0001:00010660       _D3std4conv17__T6toImplTAyaTkZ6toImplFNaNekkE3std5ascii10LetterCaseZAya30__T20toStringRadixConvertVm24Z20toStringRadixConvertMFkZAya 0000000140011660 f i Framework.exe.obj
 0001:000107b0       _D3std6format62__T11formatValueTS3std5array17__T8AppenderTAyaZ8AppenderTxhTaZ11formatValueFNaNfS3std5array17__T8AppenderTAyaZ8AppenderxhKS3std6format18__T10FormatSpecTaZ10FormatSpecZv 00000001400117b0 f i Framework.exe.obj
 0001:00010a00       _D3std6format62__T11formatValueTS3std5array17__T8AppenderTAyaZ8AppenderTxhTaZ11formatValueFNaNfS3std5array17__T8AppenderTAyaZ8AppenderxhKS3std6format18__T10FormatSpecTaZ10FormatSpecZv17__T9__lambda4TxhZ9__lambda4FNaNbNeKxhZAxa 0000000140011a00 f i Framework.exe.obj
 0001:00010a20       _D3std6format62__T11formatValueTS3std5array17__T8AppenderTAyaZ8AppenderTxhTaZ11formatValueFNaNfS3std5array17__T8AppenderTAyaZ8AppenderxhKS3std6format18__T10FormatSpecTaZ10FormatSpecZv12__dgliteral5MFNaNbNfZAya 0000000140011a20 f i Framework.exe.obj
 0001:00010a40       _D3std6format62__T11formatValueTS3std5array17__T8AppenderTAyaZ8AppenderTxiTaZ11formatValueFNaNfS3std5array17__T8AppenderTAyaZ8AppenderxiKS3std6format18__T10FormatSpecTaZ10FormatSpecZv 0000000140011a40 f i Framework.exe.obj
 0001:00010c90       _D3std6format62__T11formatValueTS3std5array17__T8AppenderTAyaZ8AppenderTxiTaZ11formatValueFNaNfS3std5array17__T8AppenderTAyaZ8AppenderxiKS3std6format18__T10FormatSpecTaZ10FormatSpecZv17__T9__lambda4TxiZ9__lambda4FNaNbNeKxiZAxa 0000000140011c90 f i Framework.exe.obj
 0001:00010cb0       _D3std6format62__T11formatValueTS3std5array17__T8AppenderTAyaZ8AppenderTxiTaZ11formatValueFNaNfS3std5array17__T8AppenderTAyaZ8AppenderxiKS3std6format18__T10FormatSpecTaZ10FormatSpecZv12__dgliteral5MFNaNbNfZAya 0000000140011cb0 f i Framework.exe.obj
 0001:00010cd0       _D3std6format64__T14formatIntegralTS3std5array17__T8AppenderTAyaZ8AppenderTlTaZ14formatIntegralFNaNbNfS3std5array17__T8AppenderTAyaZ8AppenderxlKS3std6format18__T10FormatSpecTaZ10FormatSpeckmZv 0000000140011cd0 f i Framework.exe.obj
 0001:00010d60       _D3std5array20__T8appenderTAxaTxaZ8appenderFNaNbNfZS3std5array17__T8AppenderTAxaZ8Appender 0000000140011d60 f i Framework.exe.obj
 0001:00010dd0       _D3std5array17__T8AppenderTAxaZ8Appender4Data11__xopEqualsFKxS3std5array17__T8AppenderTAxaZ8Appender4DataKxS3std5array17__T8AppenderTAxaZ8Appender4DataZb 0000000140011dd0 f i Framework.exe.obj
 0001:00010e40       _D3std5array17__T8AppenderTAxaZ8Appender6__ctorMFNaNbNcNfAaZS3std5array17__T8AppenderTAxaZ8Appender 0000000140011e40 f i Framework.exe.obj
 0001:00010f50       _D3std5array17__T8AppenderTAxaZ8Appender6__ctorMFNaNbNcNfAaZS3std5array17__T8AppenderTAxaZ8Appender9__lambda2MFNbNeZm 0000000140011f50 f i Framework.exe.obj
 0001:00010f90       _D3std5array17__T8AppenderTAxaZ8Appender6__ctorMFNaNbNcNfAaZS3std5array17__T8AppenderTAxaZ8Appender9__lambda3MFNbNeZAa 0000000140011f90 f i Framework.exe.obj
 0001:00010fb0       _D3std5array17__T8AppenderTAxaZ8Appender7reserveMFNaNbNfmZv 0000000140011fb0 f i Framework.exe.obj
 0001:00011030       _D3std5array17__T8AppenderTAxaZ8Appender8capacityMxFNaNbNdNfZm 0000000140012030 f i Framework.exe.obj
 0001:00011080       _D3std5array17__T8AppenderTAxaZ8Appender4dataMNgFNaNbNdNeZANgxa 0000000140012080 f i Framework.exe.obj
 0001:000110e0       _D3std5array17__T8AppenderTAxaZ8Appender13ensureAddableMFNaNbNfmZv 00000001400120e0 f i Framework.exe.obj
 0001:000112d0       _D3std5array17__T8AppenderTAxaZ8Appender13ensureAddableMFNaNbNfmZv9__lambda2MFNbNeZm 00000001400122d0 f i Framework.exe.obj
 0001:000112f0       _D3std5array17__T8AppenderTAxaZ8Appender13ensureAddableMFNaNbNfmZv9__lambda3MFNbNeZm 00000001400122f0 f i Framework.exe.obj
 0001:00011350       _D3std5array17__T8AppenderTAxaZ8Appender13ensureAddableMFNaNbNfmZv9__lambda4MFNbNeZS4core6memory8BlkInfo_ 0000000140012350 f i Framework.exe.obj
 0001:00011400       _D3std5array17__T8AppenderTAxaZ8Appender13ensureAddableMFNaNbNfmZv9__lambda5MFNbNeZv 0000000140012400 f i Framework.exe.obj
 0001:00011450       _D3std5array17__T8AppenderTAxaZ8Appender13ensureAddableMFNaNbNfmZv9__lambda6MFNbNeZAa 0000000140012450 f i Framework.exe.obj
 0001:00011470       _D3std5array17__T8AppenderTAxaZ8Appender10__T3putTaZ3putMFNaNbNfaZv 0000000140012470 f i Framework.exe.obj
 0001:00011580       _D3std5array17__T8AppenderTAxaZ8Appender10__T3putTaZ3putMFNaNbNfaZv10bigDataFunMFNaNbNeZAa 0000000140012580 f i Framework.exe.obj
 0001:000115c0       _D3std5array17__T8AppenderTAxaZ8Appender10__T3putTaZ3putMFNaNbNfaZv5uitemMFNbNdNeZa 00000001400125c0 f i Framework.exe.obj
 0001:000115d0       _D3std5array17__T8AppenderTAxaZ8Appender10__T3putTwZ3putMFNaNfwZv 00000001400125d0 f i Framework.exe.obj
 0001:00011690       _D3std5array17__T8AppenderTAxaZ8Appender11__T3putTAaZ3putMFNaNbNfAaZv 0000000140012690 f i Framework.exe.obj
 0001:000117d0       _D3std5array17__T8AppenderTAxaZ8Appender11__T3putTAaZ3putMFNaNbNfAaZv10bigDataFunMFNaNbNeZAa 00000001400127d0 f i Framework.exe.obj
 0001:00011800       _D3std4conv96__T4textTAyaTPvTAyaTiTAyaTiTAyaTaTAyaThTAyaThTAyaTbTAyaTbTAyaTbTAyaTbTAyaTbTAyaTAxaTAyaTAxaTAyaZ4textFNaNfAyaPvAyaiAyaiAyaaAyahAyahAyabAyabAyabAyabAyabAyaAxaAyaAxaAyaZAya 0000000140012800 f i Framework.exe.obj
 0001:00011ad0       _D3std4conv104__T8textImplTAyaTAyaTPvTAyaTiTAyaTiTAyaTaTAyaThTAyaThTAyaTbTAyaTbTAyaTbTAyaTbTAyaTbTAyaTAxaTAyaTAxaTAyaZ8textImplFNaNfAyaPvAyaiAyaiAyaaAyahAyahAyabAyabAyabAyabAyabAyaAxaAyaAxaAyaZAya 0000000140012ad0 f i Framework.exe.obj
 0001:00012510       _D3std4conv11__T2toTAyaZ10__T2toTPvZ2toFNaNfPvZAya 0000000140013510 f i Framework.exe.obj
 0001:00012530       _D3std4conv18__T6toImplTAyaTPvZ6toImplFNaNfPvZAya 0000000140013530 f i Framework.exe.obj
 0001:00012550       _D3std4conv17__T5toStrTAyaTPvZ5toStrFNaNfPvZAya 0000000140013550 f i Framework.exe.obj
 0001:000125d0       _D3std6format62__T11formatValueTS3std5array17__T8AppenderTAyaZ8AppenderTPvTaZ11formatValueFNaNfS3std5array17__T8AppenderTAyaZ8AppenderPvKS3std6format18__T10FormatSpecTaZ10FormatSpecZv 00000001400135d0 f i Framework.exe.obj
 0001:00012750       _D3std6format62__T11formatValueTS3std5array17__T8AppenderTAyaZ8AppenderTPvTaZ11formatValueFNaNfS3std5array17__T8AppenderTAyaZ8AppenderPvKS3std6format18__T10FormatSpecTaZ10FormatSpecZv9__lambda4MFNbNeZm 0000000140013750 f i Framework.exe.obj
 0001:00012760       _D3std6format62__T11formatValueTS3std5array17__T8AppenderTAyaZ8AppenderTPvTaZ11formatValueFNaNfS3std5array17__T8AppenderTAyaZ8AppenderPvKS3std6format18__T10FormatSpecTaZ10FormatSpecZv12__dgliteral5MFNaNbNfZAya 0000000140013760 f i Framework.exe.obj
 0001:00012780       _D3std6format62__T11formatValueTS3std5array17__T8AppenderTAyaZ8AppenderTxmTaZ11formatValueFNaNfS3std5array17__T8AppenderTAyaZ8AppenderxmKS3std6format18__T10FormatSpecTaZ10FormatSpecZv 0000000140013780 f i Framework.exe.obj
 0001:000129d0       _D3std6format62__T11formatValueTS3std5array17__T8AppenderTAyaZ8AppenderTxmTaZ11formatValueFNaNfS3std5array17__T8AppenderTAyaZ8AppenderxmKS3std6format18__T10FormatSpecTaZ10FormatSpecZv17__T9__lambda4TxmZ9__lambda4FNaNbNeKxmZAxa 00000001400139d0 f i Framework.exe.obj
 0001:000129f0       _D3std6format62__T11formatValueTS3std5array17__T8AppenderTAyaZ8AppenderTxmTaZ11formatValueFNaNfS3std5array17__T8AppenderTAyaZ8AppenderxmKS3std6format18__T10FormatSpecTaZ10FormatSpecZv12__dgliteral5MFNaNbNfZAya 00000001400139f0 f i Framework.exe.obj
 0001:00012a10       _D3std4conv11__T2toTAyaZ9__T2toTiZ2toFNaNfiZAya 0000000140013a10 f i Framework.exe.obj
 0001:00012a30       _D3std4conv17__T6toImplTAyaTiZ6toImplFNaNfiZAya 0000000140013a30 f i Framework.exe.obj
 0001:00012a60       _D3std4conv17__T6toImplTAyaTiZ6toImplFNaNeikE3std5ascii10LetterCaseZAya 0000000140013a60 f i Framework.exe.obj
 0001:00012be0       _D3std4conv17__T6toImplTAyaTiZ6toImplFNaNeikE3std5ascii10LetterCaseZAya12__dgliteral4MFNaNbNfZC6object9Throwable 0000000140013be0 f i Framework.exe.obj
 0001:00012c70       _D3std4conv17__T6toImplTAyaTiZ6toImplFNaNeikE3std5ascii10LetterCaseZAya37__T20toStringRadixConvertVm13Vi10Vb1Z20toStringRadixConvertMFkZAya 0000000140013c70 f i Framework.exe.obj
 0001:00012dd0       _D3std4conv15__T8unsignedTiZ8unsignedFNaNbNfiZk 0000000140013dd0 f i Framework.exe.obj
 0001:00012de0       _D3std4conv17__T6toImplTAyaTiZ6toImplFNaNeikE3std5ascii10LetterCaseZAya34__T20toStringRadixConvertVm12Vi10Z20toStringRadixConvertMFkZAya 0000000140013de0 f i Framework.exe.obj
 0001:00012f00       _D3std4conv17__T6toImplTAyaTiZ6toImplFNaNeikE3std5ascii10LetterCaseZAya33__T20toStringRadixConvertVm8Vi16Z20toStringRadixConvertMFkZAya 0000000140013f00 f i Framework.exe.obj
 0001:00013030       _D3std4conv17__T6toImplTAyaTiZ6toImplFNaNeikE3std5ascii10LetterCaseZAya33__T20toStringRadixConvertVm32Vi2Z20toStringRadixConvertMFkZAya 0000000140014030 f i Framework.exe.obj
 0001:00013130       _D3std4conv17__T6toImplTAyaTiZ6toImplFNaNeikE3std5ascii10LetterCaseZAya33__T20toStringRadixConvertVm12Vi8Z20toStringRadixConvertMFkZAya 0000000140014130 f i Framework.exe.obj
 0001:00013230       _D3std4conv17__T6toImplTAyaTiZ6toImplFNaNeikE3std5ascii10LetterCaseZAya30__T20toStringRadixConvertVm24Z20toStringRadixConvertMFkZAya 0000000140014230 f i Framework.exe.obj
 0001:00013380       _D3std4conv11__T2toTAyaZ9__T2toThZ2toFNaNfhZAya 0000000140014380 f i Framework.exe.obj
 0001:000133a0       _D3std4conv17__T6toImplTAyaThZ6toImplFNaNfhZAya 00000001400143a0 f i Framework.exe.obj
 0001:000133d0       _D3std4conv17__T6toImplTAyaThZ6toImplFNaNehkE3std5ascii10LetterCaseZAya 00000001400143d0 f i Framework.exe.obj
 0001:00013520       _D3std4conv17__T6toImplTAyaThZ6toImplFNaNehkE3std5ascii10LetterCaseZAya12__dgliteral4MFNaNbNfZC6object9Throwable 0000000140014520 f i Framework.exe.obj
 0001:000135b0       _D3std4conv17__T6toImplTAyaThZ6toImplFNaNehkE3std5ascii10LetterCaseZAya36__T20toStringRadixConvertVm4Vi10Vb1Z20toStringRadixConvertMFkZAya 00000001400145b0 f i Framework.exe.obj
 0001:00013720       _D3std4conv15__T8unsignedThZ8unsignedFNaNbNfhZh 0000000140014720 f i Framework.exe.obj
 0001:00013730       _D3std4conv17__T6toImplTAyaThZ6toImplFNaNehkE3std5ascii10LetterCaseZAya33__T20toStringRadixConvertVm3Vi10Z20toStringRadixConvertMFkZAya 0000000140014730 f i Framework.exe.obj
 0001:00013860       _D3std4conv17__T6toImplTAyaThZ6toImplFNaNehkE3std5ascii10LetterCaseZAya33__T20toStringRadixConvertVm2Vi16Z20toStringRadixConvertMFkZAya 0000000140014860 f i Framework.exe.obj
 0001:000139b0       _D3std4conv17__T6toImplTAyaThZ6toImplFNaNehkE3std5ascii10LetterCaseZAya32__T20toStringRadixConvertVm8Vi2Z20toStringRadixConvertMFkZAya 00000001400149b0 f i Framework.exe.obj
 0001:00013ac0       _D3std4conv17__T6toImplTAyaThZ6toImplFNaNehkE3std5ascii10LetterCaseZAya32__T20toStringRadixConvertVm3Vi8Z20toStringRadixConvertMFkZAya 0000000140014ac0 f i Framework.exe.obj
 0001:00013bd0       _D3std4conv17__T6toImplTAyaThZ6toImplFNaNehkE3std5ascii10LetterCaseZAya29__T20toStringRadixConvertVm6Z20toStringRadixConvertMFkZAya 0000000140014bd0 f i Framework.exe.obj
 0001:00013d30       _D3std4conv11__T2toTAyaZ9__T2toTbZ2toFNaNfbZAya 0000000140014d30 f i Framework.exe.obj
 0001:00013d50       _D3std4conv17__T6toImplTAyaTbZ6toImplFNaNfbZAya 0000000140014d50 f i Framework.exe.obj
 0001:00013d70       _D3std4conv16__T5toStrTAyaTbZ5toStrFNaNfbZAya 0000000140014d70 f i Framework.exe.obj
 0001:00013df0       _D3std6format61__T11formatValueTS3std5array17__T8AppenderTAyaZ8AppenderTbTaZ11formatValueFNaNfS3std5array17__T8AppenderTAyaZ8AppenderbKS3std6format18__T10FormatSpecTaZ10FormatSpecZv 0000000140014df0 f i Framework.exe.obj
 0001:00013f70       _D3std6format61__T11formatValueTS3std5array17__T8AppenderTAyaZ8AppenderTiTaZ11formatValueFNaNfS3std5array17__T8AppenderTAyaZ8AppenderiKS3std6format18__T10FormatSpecTaZ10FormatSpecZv 0000000140014f70 f i Framework.exe.obj
 0001:000141c0       _D3std6format61__T11formatValueTS3std5array17__T8AppenderTAyaZ8AppenderTiTaZ11formatValueFNaNfS3std5array17__T8AppenderTAyaZ8AppenderiKS3std6format18__T10FormatSpecTaZ10FormatSpecZv16__T9__lambda4TiZ9__lambda4FNaNbNeKiZAxa 00000001400151c0 f i Framework.exe.obj
 0001:000141e0       _D3std6format61__T11formatValueTS3std5array17__T8AppenderTAyaZ8AppenderTiTaZ11formatValueFNaNfS3std5array17__T8AppenderTAyaZ8AppenderiKS3std6format18__T10FormatSpecTaZ10FormatSpecZv12__dgliteral5MFNaNbNfZAya 00000001400151e0 f i Framework.exe.obj
 0001:00014200       _D3std3uni25__T16SliceOverIndexedTAiZ16SliceOverIndexed69__T8opEqualsTxS3std3uni25__T16SliceOverIndexedTAiZ16SliceOverIndexedZ8opEqualsMxFNaNbNfKxS3std3uni25__T16SliceOverIndexedTAiZ16SliceOverIndexedZb 0000000140015200 f i Framework.exe.obj
 0001:00014320       _D4main9__modtestFZv       0000000140015320 f i Framework.exe.obj
 0001:00014360       _D4main15__unittest_failFiZv 0000000140015360 f i Framework.exe.obj
 0001:00014390       main                       0000000140015390 f i Framework.exe.obj
 0001:000143b0       _D6System6_Class4Type4Type23GetTypeFromHandleUnsafeFS6System6IntPtrZC6System11RuntimeType 00000001400153b0 f i Framework.exe.obj
 0001:000143d0       _D6System6_Class5Int325Int326__ctorMFZC6System6_Class5Int325Int32 00000001400153d0 f i Framework.exe.obj
 0001:000143e0       _D6System6_Class5Int325Int326opCastMFZi 00000001400153e0 f i Framework.exe.obj
 0001:00014440       _D6System6_Class5Int325Int326opCallFiZC6System6_Class5Int325Int32 0000000140015440 f i Framework.exe.obj
 0001:00014490       _D6System6_Class5Int325Int329CompareToMFC6ObjectZi 0000000140015490 f i Framework.exe.obj
 0001:00014670       _D6System6_Class5Int325Int329CompareToMFiZi 0000000140015670 f i Framework.exe.obj
 0001:00014700       _D6System6_Class5Int325Int326EqualsMFC6ObjectZb 0000000140015700 f i Framework.exe.obj
 0001:00014820       _D6System6_Class5Int325Int326EqualsMFiZb 0000000140015820 f i Framework.exe.obj
 0001:00014890       _D6System6_Class5Int3215__unittestL65_2FZv 0000000140015890 f i Framework.exe.obj
 0001:00014ad0       _D6System6_Class5Int329__modtestFZv 0000000140015ad0 f i Framework.exe.obj
 0001:00014af0       _D6System6_Class5Int3215__unittest_failFiZv 0000000140015af0 f i Framework.exe.obj
 0001:00014b20       _D6System7_Struct11ArgIterator11ArgIterator6__ctorMFNcS6System6IntPtrZS6System7_Struct11ArgIterator11ArgIterator 0000000140015b20 f i Framework.exe.obj
 0001:00014b30       _D6System7_Struct11ArgIterator11ArgIterator6__ctorMFNcS6System6IntPtrPvZS6System7_Struct11ArgIterator11ArgIterator 0000000140015b30 f i Framework.exe.obj
 0001:00014b40       _D6System7_Struct11ArgIterator11ArgIterator15FCallGetNextArgMFPvZv 0000000140015b40 f i Framework.exe.obj
 0001:00014b50       _D6System7_Struct11ArgIterator11ArgIterator18InternalGetNextArgMFPvC6System11RuntimeTypeZv 0000000140015b50 f i Framework.exe.obj
 0001:00014b60       _D6System7_Struct11ArgIterator11ArgIterator17GetRemainingCountMFZi 0000000140015b60 f i Framework.exe.obj
 0001:00014ba0       _D6System7_Struct11ArgIterator11ArgIterator15_GetNextArgTypeMFZPv 0000000140015ba0 f i Framework.exe.obj
 0001:00014bb0       _D6System7_Struct11ArgIterator11ArgIterator6__ctorMFNcS6System7_Struct21RuntimeArgumentHandle21RuntimeArgumentHandleZS6System7_Struct11ArgIterator11ArgIterator 0000000140015bb0 f i Framework.exe.obj
 0001:00014c10       _D6System7_Struct11ArgIterator11ArgIterator6__ctorMFNcS6System7_Struct21RuntimeArgumentHandle21RuntimeArgumentHandlePvZS6System7_Struct11ArgIterator11ArgIterator 0000000140015c10 f i Framework.exe.obj
 0001:00014c80       _D6System7_Struct11ArgIterator11ArgIterator10GetNextArgMFZS6System14TypedReference 0000000140015c80 f i Framework.exe.obj
 0001:00014cf0       _D6System7_Struct11ArgIterator11ArgIterator10GetNextArgMFC6System17RuntimeTypeHandleZS6System14TypedReference 0000000140015cf0 f i Framework.exe.obj
 0001:00014e20       _D6System7_Struct11ArgIterator11ArgIterator3EndMFZv 0000000140015e20 f i Framework.exe.obj
 0001:00014e60       _D6System7_Struct11ArgIterator11ArgIterator14GetNextArgTypeMFZC6System17RuntimeTypeHandle 0000000140015e60 f i Framework.exe.obj
 0001:00014f10       _D6System7_Struct11ArgIterator11ArgIterator11GetHashCodeMFZi 0000000140015f10 f i Framework.exe.obj
 0001:00014f70       _D6System7_Struct11ArgIterator11ArgIterator6EqualsMFC6ObjectZb 0000000140015f70 f i Framework.exe.obj
 0001:00015040       _D6System6_Class22ConsoleCancelEventArgs22ConsoleCancelEventArgs6CancelMFNdZb 0000000140016040 f i Framework.exe.obj
 0001:000150a0       _D6System6_Class22ConsoleCancelEventArgs22ConsoleCancelEventArgs6CancelMFNdbZv 00000001400160a0 f i Framework.exe.obj
 0001:00015100       _D6System6_Class22ConsoleCancelEventArgs22ConsoleCancelEventArgs10SpecialKeyMFNdZE6System5_Enum17ConsoleSpecialKey17ConsoleSpecialKey 0000000140016100 f i Framework.exe.obj
 0001:00015160       _D6System6_Class22ConsoleCancelEventArgs22ConsoleCancelEventArgs6__ctorMFE6System5_Enum17ConsoleSpecialKey17ConsoleSpecialKeyZC6System6_Class22ConsoleCancelEventArgs22ConsoleCancelEventArgs 0000000140016160 f i Framework.exe.obj
 0001:000151a0       _D6System6_Class22ConsoleCancelEventArgs15__unittestL31_3FZv 00000001400161a0 f i Framework.exe.obj
 0001:00015260       _D6System6_Class22ConsoleCancelEventArgs9__modtestFZv 0000000140016260 f i Framework.exe.obj
 0001:00015280       _D6System6_Class22ConsoleCancelEventArgs15__unittest_failFiZv 0000000140016280 f i Framework.exe.obj
 0001:000152b0       _D6System9_Delegate12EventHandler7__arrayZ 00000001400162b0 f i Framework.exe.obj
 0001:000152d0       _D6System9_Delegate12EventHandler8__assertFiZv 00000001400162d0 f i Framework.exe.obj
 0001:000152f0       _D6System9_Delegate12EventHandler15__unittest_failFiZv 00000001400162f0 f i Framework.exe.obj
 0001:00015320       _D6System9_Delegate6Action7__arrayZ 0000000140016320 f i Framework.exe.obj
 0001:00015340       _D6System9_Delegate6Action8__assertFiZv 0000000140016340 f i Framework.exe.obj
 0001:00015360       _D6System9_Delegate6Action15__unittest_failFiZv 0000000140016360 f i Framework.exe.obj
 0001:00015390       _D6System10_Interface11IComparable7__arrayZ 0000000140016390 f i Framework.exe.obj
 0001:000153b0       _D6System10_Interface11IComparable8__assertFiZv 00000001400163b0 f i Framework.exe.obj
 0001:000153d0       _D6System10_Interface11IComparable15__unittest_failFiZv 00000001400163d0 f i Framework.exe.obj
 0001:00015400       _D6System6_Class9EventArgs9EventArgs6__ctorMFZC6System6_Class9EventArgs9EventArgs 0000000140016400 f i Framework.exe.obj
 0001:00015410       _D6System10_Interface9IProgress7__arrayZ 0000000140016410 f i Framework.exe.obj
 0001:00015430       _D6System10_Interface9IProgress8__assertFiZv 0000000140016430 f i Framework.exe.obj
 0001:00015450       _D6System10_Interface9IProgress15__unittest_failFiZv 0000000140016450 f i Framework.exe.obj
 0001:00015480       _D6System7_Struct21RuntimeArgumentHandle21RuntimeArgumentHandle5ValueMFNdZS6System6IntPtr 0000000140016480 f i Framework.exe.obj
 0001:000154e0       _D6System10_Interface9IObserver7__arrayZ 00000001400164e0 f i Framework.exe.obj
 0001:00015500       _D6System10_Interface9IObserver8__assertFiZv 0000000140016500 f i Framework.exe.obj
 0001:00015520       _D6System10_Interface9IObserver15__unittest_failFiZv 0000000140016520 f i Framework.exe.obj
 0001:00015550       _D6System27UnhandledExceptionEventArgs6__ctorMFZC6System27UnhandledExceptionEventArgs 0000000140016550 f i Framework.exe.obj
 0001:00015580       _D6System21AssemblyLoadEventArgs6__ctorMFZC6System21AssemblyLoadEventArgs 0000000140016580 f i Framework.exe.obj
 0001:000155b0       _D6System17RuntimeTypeHandle14GetRuntimeTypeMFZC6System11RuntimeType 00000001400165b0 f i Framework.exe.obj
 0001:00015610       _D6System17RuntimeTypeHandle6__ctorMFZC6System17RuntimeTypeHandle 0000000140016610 f i Framework.exe.obj
 0001:00015620       _D6System17RuntimeTypeHandle6__ctorMFC6System11RuntimeTypeZC6System17RuntimeTypeHandle 0000000140016620 f i Framework.exe.obj
 0001:00015630       _D6System21ArgumentNullException6__ctorMFZC6System21ArgumentNullException 0000000140016630 f i Framework.exe.obj
 0001:000156c0       _D6System17ArgumentException6__ctorMFAyaZC6System17ArgumentException 00000001400166c0 f i Framework.exe.obj
 0001:00015740       _D6System17ArgumentException6__ctorMFZC6System17ArgumentException 0000000140016740 f i Framework.exe.obj
 0001:000157d0       _D6System21NotSupportedException6__ctorMFZC6System21NotSupportedException 00000001400167d0 f i Framework.exe.obj
 0001:00015860       _D6System21NotSupportedException6__ctorMFAyaZC6System21NotSupportedException 0000000140016860 f i Framework.exe.obj
 0001:000158e0       _D6System9ValueType16GetHashCodeOfPtrFS6System6IntPtrZi 00000001400168e0 f i Framework.exe.obj
 0001:000158f0       _D6System11Environment17GetResourceStringFAyaZAya 00000001400168f0 f i Framework.exe.obj
 0001:00015900       _D6System10_Interface10IEquatable7__arrayZ 0000000140016900 f i Framework.exe.obj
 0001:00015920       _D6System10_Interface10IEquatable8__assertFiZv 0000000140016920 f i Framework.exe.obj
 0001:00015940       _D6System10_Interface10IEquatable15__unittest_failFiZv 0000000140016940 f i Framework.exe.obj
 0001:00015970       _D6System10_Interface11IObservable7__arrayZ 0000000140016970 f i Framework.exe.obj
 0001:00015990       _D6System10_Interface11IObservable8__assertFiZv 0000000140016990 f i Framework.exe.obj
 0001:000159b0       _D6System10_Interface11IObservable15__unittest_failFiZv 00000001400169b0 f i Framework.exe.obj
 0001:000159e0       _adDupT                    00000001400169e0 f i druntime64:lifetime_4c5_2a1.obj
 0001:00015b90       _D6object14TypeInfo_Class8toStringMxFZAya 0000000140016b90 f i druntime64:object__10_583.obj
 0001:00015bb0       _D6object14TypeInfo_Class8opEqualsMFC6ObjectZb 0000000140016bb0 f i druntime64:object__10_583.obj
 0001:00015c80       _D6object14TypeInfo_Class7getHashMxFNbNexPvZm 0000000140016c80 f i druntime64:object__10_583.obj
 0001:00015cb0       _D6object14TypeInfo_Class6equalsMxFxPvxPvZb 0000000140016cb0 f i druntime64:object__10_583.obj
 0001:00015cf0       _D6object14TypeInfo_Class7compareMxFxPvxPvZi 0000000140016cf0 f i druntime64:object__10_583.obj
 0001:00015d50       _D6object14TypeInfo_Class5tsizeMxFNaNbNdNfZm 0000000140016d50 f i druntime64:object__10_583.obj
 0001:00015d60       _D6object14TypeInfo_Class5flagsMxFNaNbNdNfZk 0000000140016d60 f i druntime64:object__10_583.obj
 0001:00015d70       _D6object14TypeInfo_Class5offTiMxFNaNbNdZAxS6object14OffsetTypeInfo 0000000140016d70 f i druntime64:object__10_583.obj
 0001:00015d90       _D6object14TypeInfo_Class4infoMxFNaNbNdNfZxC14TypeInfo_Class 0000000140016d90 f i druntime64:object__10_583.obj
 0001:00015da0       _D6object14TypeInfo_Class8typeinfoMxFNaNbNdNfZxC14TypeInfo_Class 0000000140016da0 f i druntime64:object__10_583.obj
 0001:00015db0       _D6object14TypeInfo_Class6rtInfoMxFNaNbNdNfZPyv 0000000140016db0 f i druntime64:object__10_583.obj
 0001:00015dc0       _D6object14TypeInfo_Class4findFxAaZxC14TypeInfo_Class 0000000140016dc0 f i druntime64:object__10_583.obj
 0001:00015e10       _D6object14TypeInfo_Class4findFxAaZxC14TypeInfo_Class14__foreachbody2MFKPS6object10ModuleInfoZi 0000000140016e10 f i druntime64:object__10_583.obj
 0001:00015eb0       _D6object14TypeInfo_Class6createMxFZC6Object 0000000140016eb0 f i druntime64:object__10_583.obj
 0001:00015f30       _D6object6Object8ToStringMFZAya 0000000140016f30 f i druntime64:object__1_257.obj
 0001:00015f50       _D6object6Object11GetHashCodeMFZi 0000000140016f50 f i druntime64:object__1_257.obj
 0001:00015f70       _D6object6Object8FinalizeMFZv 0000000140016f70 f i druntime64:object__1_257.obj
 0001:00015f80       _D6object6Object15MemberwiseCloneMFZC6Object 0000000140016f80 f i druntime64:object__1_257.obj
 0001:00016050       _D6object6Object6EqualsMFC6ObjectZb 0000000140017050 f i druntime64:object__1_257.obj
 0001:00016060       _D6object6Object15ReferenceEqualsFC6ObjectC6ObjectZb 0000000140017060 f i druntime64:object__1_257.obj
 0001:00016070       _D6object6Object6EqualsFC6ObjectC6ObjectZb 0000000140017070 f i druntime64:object__1_257.obj
 0001:000160c0       _D6object6Object8toStringMFZAya 00000001400170c0 f i druntime64:object__1_257.obj
 0001:000160e0       _D6object6Object6toHashMFNbNeZm 00000001400170e0 f i druntime64:object__1_257.obj
 0001:000160f0       _D6object6Object5opCmpMFC6ObjectZi 00000001400170f0 f i druntime64:object__1_257.obj
 0001:000161a0       _D6object6Object8opEqualsMFC6ObjectZb 00000001400171a0 f i druntime64:object__1_257.obj
 0001:000161b0       _D6object6Object7factoryFAyaZC6Object 00000001400171b0 f i druntime64:object__1_257.obj
 0001:00016210       _D2rt8typeinfo7ti_void10TypeInfo_v8toStringMxFNaNbNeZAya 0000000140017210 f i druntime64:ti_void_5d1_403.obj
 0001:00016230       _D2rt8typeinfo7ti_void10TypeInfo_v7getHashMxFNaNbNexPvZm 0000000140017230 f i druntime64:ti_void_5d1_403.obj
 0001:00016240       _D2rt8typeinfo7ti_void10TypeInfo_v6equalsMxFNaNbNexPvxPvZb 0000000140017240 f i druntime64:ti_void_5d1_403.obj
 0001:00016260       _D2rt8typeinfo7ti_void10TypeInfo_v7compareMxFNaNbNexPvxPvZi 0000000140017260 f i druntime64:ti_void_5d1_403.obj
 0001:00016280       _D2rt8typeinfo7ti_void10TypeInfo_v5tsizeMxFNaNbNdNeZm 0000000140017280 f i druntime64:ti_void_5d1_403.obj
 0001:00016290       _D2rt8typeinfo7ti_void10TypeInfo_v4swapMxFNaNbNePvPvZv 0000000140017290 f i druntime64:ti_void_5d1_403.obj
 0001:000162a0       _D2rt8typeinfo7ti_void10TypeInfo_v5flagsMxFNaNbNdNeZk 00000001400172a0 f i druntime64:ti_void_5d1_403.obj
 0001:000162b0       _D2rt8typeinfo5ti_Ag11TypeInfo_Aa8toStringMxFZAya 00000001400172b0 f i druntime64:ti_Ag_583_42f.obj
 0001:000162d0       _D2rt8typeinfo5ti_Ag11TypeInfo_Aa7getHashMxFNbNexPvZm 00000001400172d0 f i druntime64:ti_Ag_583_42f.obj
 0001:00016320       _D2rt8typeinfo5ti_Ag11TypeInfo_Aa4nextMNgFNaNbNdZNgC8TypeInfo 0000000140017320 f i druntime64:ti_Ag_583_42f.obj
 0001:00016330       _D2rt8typeinfo7ti_byte10TypeInfo_g8toStringMxFNaNbNeZAya 0000000140017330 f i druntime64:ti_byte_5a3_3f4.obj
 0001:00016350       _D2rt8typeinfo7ti_byte10TypeInfo_g7getHashMxFNaNbNexPvZm 0000000140017350 f i druntime64:ti_byte_5a3_3f4.obj
 0001:00016360       _D2rt8typeinfo7ti_byte10TypeInfo_g6equalsMxFNaNbNexPvxPvZb 0000000140017360 f i druntime64:ti_byte_5a3_3f4.obj
 0001:00016380       _D2rt8typeinfo7ti_byte10TypeInfo_g7compareMxFNaNbNexPvxPvZi 0000000140017380 f i druntime64:ti_byte_5a3_3f4.obj
 0001:000163a0       _D2rt8typeinfo7ti_byte10TypeInfo_g5tsizeMxFNaNbNdNeZm 00000001400173a0 f i druntime64:ti_byte_5a3_3f4.obj
 0001:000163b0       _D2rt8typeinfo7ti_byte10TypeInfo_g4swapMxFNaNbNePvPvZv 00000001400173b0 f i druntime64:ti_byte_5a3_3f4.obj
 0001:000163c0       _D6object9Exception6__ctorMFNaNbNfAyaAyamC6object9ThrowableZC9Exception 00000001400173c0 f i druntime64:object__1f_3af.obj
 0001:00016410       _D6object9Exception6__ctorMFNaNbNfAyaC6object9ThrowableAyamZC9Exception 0000000140017410 f i druntime64:object__1f_3af.obj
 0001:00016460       _d_run_main                0000000140017460 f i druntime64:dmain2_491_47b.obj
 0001:000168d0       _D2rt6dmain211_d_run_mainUiPPaPUAAaZiZi7tryExecMFMDFZvZv 00000001400178d0 f i druntime64:dmain2_491_47b.obj
 0001:00016950       _D2rt6dmain211_d_run_mainUiPPaPUAAaZiZi6runAllMFZv 0000000140017950 f i druntime64:dmain2_491_47b.obj
 0001:000169e0       _D2rt6dmain211_d_run_mainUiPPaPUAAaZiZi6runAllMFZv9__lambda1MFZv 00000001400179e0 f i druntime64:dmain2_491_47b.obj
 0001:00016a20       _d_unittest_msg            0000000140017a20 f i druntime64:exception_d1_648.obj
 0001:00016a80       _D2rt8typeinfo5ti_Ag12TypeInfo_Aya8toStringMxFZAya 0000000140017a80 f i druntime64:ti_Ag_584_4a8.obj
 0001:00016aa0       _D2rt8typeinfo5ti_Ag12TypeInfo_Aya4nextMNgFNaNbNdZNgC8TypeInfo 0000000140017aa0 f i druntime64:ti_Ag_584_4a8.obj
 0001:00016ab0       _D6object9Throwable6__ctorMFNaNbNfAyaC6object9ThrowableZC6object9Throwable 0000000140017ab0 f i druntime64:object__1b_3a8.obj
 0001:00016ae0       _D6object9Throwable6__ctorMFNaNbNfAyaAyamC6object9ThrowableZC6object9Throwable 0000000140017ae0 f i druntime64:object__1b_3a8.obj
 0001:00016b20       _D6object9Throwable8toStringMFZAya 0000000140017b20 f i druntime64:object__1b_3a8.obj
 0001:00016b80       _D6object9Throwable8toStringMFZAya18__T9__lambda1TxAaZ9__lambda1MFNbNfxAaZv 0000000140017b80 f i druntime64:object__1b_3a8.obj
 0001:00016bb0       _D6object9Throwable8toStringMxFMDFxAaZvZv 0000000140017bb0 f i druntime64:object__1b_3a8.obj
 0001:00016e30       _D6object9Throwable8toStringMxFMDFxAaZvZv14__foreachbody2MFKxAaZi 0000000140017e30 f i druntime64:object__1b_3a8.obj
[...]
 0003:00019d30       _D4core9exception14_assertHandlerPFNbAyamAyaZv 000000014009ed30     druntime64:exception.obj
 0003:00019d40       _D2rt8monitor_6initedi     000000014009ed40     druntime64:monitor_.obj
 0003:00019d50       _D2rt8monitor_16_monitor_critsecS4core3sys7windows7windows21_RTL_CRITICAL_SECTION 000000014009ed50     druntime64:monitor_.obj
 0003:00019d80       _D2rt9critical_8dcs_listPS2rt9critical_18D_CRITICAL_SECTION 000000014009ed80     druntime64:critical_.obj
 0003:00019d90       _D2rt9critical_16critical_sectionS2rt9critical_18D_CRITICAL_SECTION 000000014009ed90     druntime64:critical_.obj
 0003:00019dc0       _D2rt9critical_6initedi    000000014009edc0     druntime64:critical_.obj
 0003:00019dd0       _D2rt5minfo11ModuleGroup6__initZ 000000014009edd0     druntime64:minfo_4e4_473.obj
 0003:00019e00       _D2rt5minfo11ModuleGroup9sortCtorsMFZv8StackRec6__initZ 000000014009ee00     druntime64:minfo_4e4_473.obj
 0003:00019e20       _D4core6thread6Thread12PRIORITY_MINxi 000000014009ee20     druntime64:thread.obj
 0003:00019e24       _D4core6thread6Thread12PRIORITY_MAXxi 000000014009ee24     druntime64:thread.obj
 0003:00019e28       _D4core6thread6Thread16PRIORITY_DEFAULTxi 000000014009ee28     druntime64:thread.obj
 0003:00019e30       _D4core6thread6Thread7sm_mainC4core6thread6Thread 000000014009ee30     druntime64:thread.obj
 0003:00019e40       _D4core6thread6Thread6_locksG2G72g 000000014009ee40     druntime64:thread.obj
 0003:00019ed0       _D4core6thread6Thread7sm_cbegPS4core6thread6Thread7Context 000000014009eed0     druntime64:thread.obj
 0003:00019ed8       _D4core6thread6Thread7sm_clenm 000000014009eed8     druntime64:thread.obj
 0003:00019ee0       _D4core6thread6Thread7sm_tbegC4core6thread6Thread 000000014009eee0     druntime64:thread.obj
 0003:00019ee8       _D4core6thread6Thread7sm_tlenm 000000014009eee8     druntime64:thread.obj
 0003:00019ef0       _D4core6thread17multiThreadedFlagb 000000014009eef0     druntime64:thread.obj
 0003:00019ef4       _D4core6thread12suspendDepthk 000000014009eef4     druntime64:thread.obj
 0003:00019ef8       _D4core6thread8PAGESIZExm  000000014009eef8     druntime64:thread.obj
 0003:00019f00       _D4core3sys7windows10stacktrace24RtlCaptureStackBackTracePWkkPPvPkZt 000000014009ef00     druntime64:stacktrace.obj
 0003:00019f08       _D4core3sys7windows10stacktrace11initializedyb 000000014009ef08     druntime64:stacktrace.obj
 0003:00019f10       _D2gc2gc2GC4linem          000000014009ef10     druntime64:gc_321_8a.obj
 0003:00019f18       _D2gc2gc2GC4filePa         000000014009ef18     druntime64:gc_321_8a.obj
 0003:00019f20       _D2gc2gc2GC6gcLockC2gc2gc7GCMutex 000000014009ef20     druntime64:gc_321_8a.obj
 0003:00019f30       _D2gc2gc2GC12mutexStorageG72g 000000014009ef30     druntime64:gc_321_8a.obj
 0003:00019f80       _D4core4time12TickDuration6__initZ 000000014009ef80     druntime64:time.obj
 0003:00019f88       _D4core4time12TickDuration11ticksPerSecyl 000000014009ef88     druntime64:time.obj
 0003:00019f90       _D4core4time12TickDuration9appOriginyS4core4time12TickDuration 000000014009ef90     druntime64:time.obj
 0003:00019fa0       _D4core3sys7windows7dbghelp7DbgHelp6__initZ 000000014009efa0     druntime64:dbghelp.obj
 0003:0001a020       _D4core3sys7windows7dbghelp7DbgHelp7sm_instS4core3sys7windows7dbghelp7DbgHelp 000000014009f020     druntime64:dbghelp.obj
 0003:0001a0a0       _D4core3sys7windows7dbghelp7DbgHelp7sm_hndlPv 000000014009f0a0     druntime64:dbghelp.obj
 0003:0001a0b0       _D4core4sync5mutex5Mutex12MonitorProxy6__initZ 000000014009f0b0     druntime64:mutex_222_213.obj
 0003:0001a0c0       _D2gc2gc3Gcx6__initZ       000000014009f0c0     druntime64:gc_324_122.obj
 0003:0001a1b0       _D2gc2gc14SENTINEL_EXTRAxk 000000014009f1b0     druntime64:gc.obj
 0003:0001a1c0       _D2gc2gc4Pool6__initZ      000000014009f1c0     druntime64:gc_325_19a.obj
 0003:0001a2b0       _D4core4time8Duration6__initZ 000000014009f2b0     druntime64:time_15c_346.obj
 0003:0001a2c0       _D4core4time7FracSec6__initZ 000000014009f2c0     druntime64:time_16a_297.obj
 0003:0001a2d0       _D2rt3aaA4Impl6__initZ     000000014009f2d0     druntime64:aaA_379_192.obj
 0003:0001a310       _D3std5stdio5stdinS3std5stdio4File 000000014009f310     phobos64:stdio.obj
 0003:0001a330       _D3std5stdio6stdoutS3std5stdio4File 000000014009f330     phobos64:stdio.obj
 0003:0001a350       _D3std5stdio6stderrS3std5stdio4File 000000014009f350     phobos64:stdio.obj
 0003:0001a370       _D3std3uni17CodepointInterval6__initZ 000000014009f370     phobos64:uni_8bd_6ea.obj
 0003:0001a380       _aenvptr                   000000014009f380     LIBCMT:crt0.obj
 0003:0001a388       _wenvptr                   000000014009f388     LIBCMT:crt0.obj
 0003:0001a390       _outputformat              000000014009f390     LIBCMT:outputformat.obj
 0003:0001a394       _cflush                    000000014009f394     LIBCMT:_file.obj
 0003:0001a398       _tls_index                 000000014009f398     LIBCMT:tlssup.obj
 0003:0001a3b8       __fastflag                 000000014009f3b8     LIBCMT:fpinit.obj
 0003:0001a3bc       __favor                    000000014009f3bc     LIBCMT:cpu_disp.obj
 0003:0001a3c0       _crtheap                   000000014009f3c0     LIBCMT:heapinit.obj
 0003:0001a3c8       __pInvalidArgHandler       000000014009f3c8     LIBCMT:invarg.obj
 0003:0001a3d0       _stdbuf                    000000014009f3d0     LIBCMT:_sftbuf.obj
 0003:0001a3e0       __pioinfo                  000000014009f3e0     LIBCMT:ioinit.obj
 0003:0001a5e0       _C_Exit_Done               000000014009f5e0     LIBCMT:crt0dat.obj
 0003:0001a5e4       __argc                     000000014009f5e4     LIBCMT:crt0dat.obj
 0003:0001a5e8       __argv                     000000014009f5e8     LIBCMT:crt0dat.obj
 0003:0001a5f0       __wargv                    000000014009f5f0     LIBCMT:crt0dat.obj
 0003:0001a5f8       _environ                   000000014009f5f8     LIBCMT:crt0dat.obj
 0003:0001a600       _wenviron                  000000014009f600     LIBCMT:crt0dat.obj
 0003:0001a608       _pgmptr                    000000014009f608     LIBCMT:crt0dat.obj
 0003:0001a610       _wpgmptr                   000000014009f610     LIBCMT:crt0dat.obj
 0003:0001a618       _umaskval                  000000014009f618     LIBCMT:crt0dat.obj
 0003:0001a61c       _exitflag                  000000014009f61c     LIBCMT:crt0dat.obj
 0003:0001a620       _C_Termination_Done        000000014009f620     LIBCMT:crt0dat.obj
 0003:0001a628       __winitenv                 000000014009f628     LIBCMT:crt0dat.obj
 0003:0001a630       __initenv                  000000014009f630     LIBCMT:crt0dat.obj
 0003:0001a750       __app_type                 000000014009f750     LIBCMT:crt0msg.obj
 0003:0001ad88       __error_mode               000000014009fd88     LIBCMT:errmode.obj
 0003:0001ad90       ?_pnhHeap@@3P6AH_K@ZEA     000000014009fd90     LIBCMT:handler.obj
 0003:0001ad98       _newmode                   000000014009fd98     LIBCMT:_newmode.obj
 0003:0001afd0       _maxwait                   000000014009ffd0     LIBCMT:crtheap.obj
 0003:0001afd8       __mbcodepage               000000014009ffd8     LIBCMT:mbctype.obj
 0003:0001afdc       __ismbcodepage             000000014009ffdc     LIBCMT:mbctype.obj
 0003:0001afe0       __mbulinfo                 000000014009ffe0     LIBCMT:mbctype.obj
 0003:0001aff0       __mblocalename             000000014009fff0     LIBCMT:mbctype.obj
 0003:0001b008       ?__pInconsistency@@3P6AXXZEA 00000001400a0008     LIBCMT:hooks.obj
 0003:0001b010       __pPurecall                00000001400a0010     LIBCMT:inithelp.obj
 0003:0001b070       __lconv_static_null        00000001400a0070     LIBCMT:lconv.obj
 0003:0001b074       __lconv_static_W_null      00000001400a0074     LIBCMT:lconv.obj
 0003:0001b078       __locale_changed           00000001400a0078     LIBCMT:wsetloca.obj
 0003:0001b600       __unguarded_readlc_active  00000001400a0600     <common>
 0003:0001b610       __setlc_active             00000001400a0610     <common>
 0003:0001b614       _debugger_hook_dummy       00000001400a0614     <common>
 0003:0001b620       encodedKERNEL32Functions   00000001400a0620     <common>
 0003:0001b768       __dyn_tls_init_callback    00000001400a0768     <common>
 0003:0001b780       __onexitend                00000001400a0780     <common>
 0003:0001b788       __onexitbegin              00000001400a0788     <common>
 0003:0001b790       __mbctype_initialized      00000001400a0790     <common>
 0003:0001b794       __env_initialized          00000001400a0794     <common>
 0003:0001b798       _nhandle                   00000001400a0798     <common>
 0003:0001b7a8       _pDestructExceptionObject  00000001400a07a8     <common>
 0003:0001b7c0       __piob                     00000001400a07c0     <common>
 0003:0001bb08       _nstream                   00000001400a0b08     <common>
 0003:0001bb20       _bufin                     00000001400a0b20     <common>
 0003:0001cb20       _acmdln                    00000001400a1b20     <common>
 0005:00000000       __imp_GetStartupInfoW      00000001400aa000     kernel32:KERNEL32.dll
 0005:00000008       __imp_CreateFileW          00000001400aa008     kernel32:KERNEL32.dll
 0005:00000010       __imp_LocalFree            00000001400aa010     kernel32:KERNEL32.dll
 0005:00000018       __imp_IsDebuggerPresent    00000001400aa018     kernel32:KERNEL32.dll
 0005:00000020       __imp_WideCharToMultiByte  00000001400aa020     kernel32:KERNEL32.dll
 0005:00000028       __imp_GetCommandLineW      00000001400aa028     kernel32:KERNEL32.dll
 0005:00000030       __imp_FreeLibrary          00000001400aa030     kernel32:KERNEL32.dll
 0005:00000038       __imp_MultiByteToWideChar  00000001400aa038     kernel32:KERNEL32.dll
 0005:00000040       __imp_LoadLibraryW         00000001400aa040     kernel32:KERNEL32.dll
 0005:00000048       __imp_GetConsoleWindow     00000001400aa048     kernel32:KERNEL32.dll
 0005:00000050       __imp_GetProcAddress       00000001400aa050     kernel32:KERNEL32.dll
 0005:00000058       __imp_DeleteCriticalSection 00000001400aa058     kernel32:KERNEL32.dll
 0005:00000060       __imp_InitializeCriticalSection 00000001400aa060     kernel32:KERNEL32.dll
 0005:00000068       __imp_EnterCriticalSection 00000001400aa068     kernel32:KERNEL32.dll
 0005:00000070       __imp_LeaveCriticalSection 00000001400aa070     kernel32:KERNEL32.dll
 0005:00000078       __imp_GetSystemInfo        00000001400aa078     kernel32:KERNEL32.dll
 0005:00000080       __imp_GetExitCodeThread    00000001400aa080     kernel32:KERNEL32.dll
 0005:00000088       __imp_WaitForSingleObject  00000001400aa088     kernel32:KERNEL32.dll
 0005:00000090       __imp_CloseHandle          00000001400aa090     kernel32:KERNEL32.dll
 0005:00000098       __imp_GetCurrentProcess    00000001400aa098     kernel32:KERNEL32.dll
 0005:000000a0       __imp_LoadLibraryA         00000001400aa0a0     kernel32:KERNEL32.dll
 0005:000000a8       __imp_QueryPerformanceFrequency 00000001400aa0a8     kernel32:KERNEL32.dll
 0005:000000b0       __imp_VirtualFree          00000001400aa0b0     kernel32:KERNEL32.dll
 0005:000000b8       __imp_VirtualAlloc         00000001400aa0b8     kernel32:KERNEL32.dll
 0005:000000c0       __imp_GetCurrentThread     00000001400aa0c0     kernel32:KERNEL32.dll
 0005:000000c8       __imp_RtlCaptureContext    00000001400aa0c8     kernel32:KERNEL32.dll
 0005:000000d0       __imp_GetEnvironmentVariableA 00000001400aa0d0     kernel32:KERNEL32.dll
 0005:000000d8       __imp_DuplicateHandle      00000001400aa0d8     kernel32:KERNEL32.dll
 0005:000000e0       __imp_GetCurrentThreadId   00000001400aa0e0     kernel32:KERNEL32.dll
 0005:000000e8       __imp_TryEnterCriticalSection 00000001400aa0e8     kernel32:KERNEL32.dll
 0005:000000f0       __imp_ResumeThread         00000001400aa0f0     kernel32:KERNEL32.dll
 0005:000000f8       __imp_QueryPerformanceCounter 00000001400aa0f8     kernel32:KERNEL32.dll
 0005:00000100       __imp_SwitchToThread       00000001400aa100     kernel32:KERNEL32.dll
 0005:00000108       __imp_GetThreadContext     00000001400aa108     kernel32:KERNEL32.dll
 0005:00000110       __imp_SuspendThread        00000001400aa110     kernel32:KERNEL32.dll
 0005:00000118       __imp_Sleep                00000001400aa118     kernel32:KERNEL32.dll
 0005:00000120       __imp_GetLastError         00000001400aa120     kernel32:KERNEL32.dll
 0005:00000128       __imp_HeapFree             00000001400aa128     kernel32:KERNEL32.dll
 0005:00000130       __imp_GetCommandLineA      00000001400aa130     kernel32:KERNEL32.dll
 0005:00000138       __imp_HeapAlloc            00000001400aa138     kernel32:KERNEL32.dll
 0005:00000140       __imp_HeapReAlloc          00000001400aa140     kernel32:KERNEL32.dll
 0005:00000148       __imp_EncodePointer        00000001400aa148     kernel32:KERNEL32.dll
 0005:00000150       __imp_DecodePointer        00000001400aa150     kernel32:KERNEL32.dll
 0005:00000158       __imp_CreateThread         00000001400aa158     kernel32:KERNEL32.dll
 0005:00000160       __imp_ExitThread           00000001400aa160     kernel32:KERNEL32.dll
 0005:00000168       __imp_LoadLibraryExW       00000001400aa168     kernel32:KERNEL32.dll
 0005:00000170       __imp_GetProcessHeap       00000001400aa170     kernel32:KERNEL32.dll
 0005:00000178       __imp_IsProcessorFeaturePresent 00000001400aa178     kernel32:KERNEL32.dll
 0005:00000180       __imp_RtlUnwindEx          00000001400aa180     kernel32:KERNEL32.dll
 0005:00000188       __imp_GetStdHandle         00000001400aa188     kernel32:KERNEL32.dll
 0005:00000190       __imp_GetFileType          00000001400aa190     kernel32:KERNEL32.dll
 0005:00000198       __imp_SetLastError         00000001400aa198     kernel32:KERNEL32.dll
 0005:000001a0       __imp_ExitProcess          00000001400aa1a0     kernel32:KERNEL32.dll
 0005:000001a8       __imp_GetModuleHandleExW   00000001400aa1a8     kernel32:KERNEL32.dll
 0005:000001b0       __imp_AreFileApisANSI      00000001400aa1b0     kernel32:KERNEL32.dll
 0005:000001b8       __imp_GetModuleFileNameA   00000001400aa1b8     kernel32:KERNEL32.dll
 0005:000001c0       __imp_WriteFile            00000001400aa1c0     kernel32:KERNEL32.dll
 0005:000001c8       __imp_GetModuleFileNameW   00000001400aa1c8     kernel32:KERNEL32.dll
 0005:000001d0       __imp_GetCurrentProcessId  00000001400aa1d0     kernel32:KERNEL32.dll
 0005:000001d8       __imp_GetSystemTimeAsFileTime 00000001400aa1d8     kernel32:KERNEL32.dll
 0005:000001e0       __imp_GetEnvironmentStringsW 00000001400aa1e0     kernel32:KERNEL32.dll
 0005:000001e8       __imp_FreeEnvironmentStringsW 00000001400aa1e8     kernel32:KERNEL32.dll
 0005:000001f0       __imp_FatalAppExitA        00000001400aa1f0     kernel32:KERNEL32.dll
 0005:000001f8       __imp_FlushFileBuffers     00000001400aa1f8     kernel32:KERNEL32.dll
 0005:00000200       __imp_GetConsoleCP         00000001400aa200     kernel32:KERNEL32.dll
 0005:00000208       __imp_GetConsoleMode       00000001400aa208     kernel32:KERNEL32.dll
 0005:00000210       __imp_RtlLookupFunctionEntry 00000001400aa210     kernel32:KERNEL32.dll
 0005:00000218       __imp_RtlVirtualUnwind     00000001400aa218     kernel32:KERNEL32.dll
 0005:00000220       __imp_UnhandledExceptionFilter 00000001400aa220     kernel32:KERNEL32.dll
 0005:00000228       __imp_SetUnhandledExceptionFilter 00000001400aa228     kernel32:KERNEL32.dll
 0005:00000230       __imp_InitializeCriticalSectionAndSpinCount 00000001400aa230     kernel32:KERNEL32.dll
 0005:00000238       __imp_CreateEventW         00000001400aa238     kernel32:KERNEL32.dll
 0005:00000240       __imp_TerminateProcess     00000001400aa240     kernel32:KERNEL32.dll
 0005:00000248       __imp_TlsAlloc             00000001400aa248     kernel32:KERNEL32.dll
 0005:00000250       __imp_TlsGetValue          00000001400aa250     kernel32:KERNEL32.dll
 0005:00000258       __imp_TlsSetValue          00000001400aa258     kernel32:KERNEL32.dll
 0005:00000260       __imp_TlsFree              00000001400aa260     kernel32:KERNEL32.dll
 0005:00000268       __imp_GetTickCount         00000001400aa268     kernel32:KERNEL32.dll
 0005:00000270       __imp_GetModuleHandleW     00000001400aa270     kernel32:KERNEL32.dll
 0005:00000278       __imp_CreateSemaphoreW     00000001400aa278     kernel32:KERNEL32.dll
 0005:00000280       __imp_IsValidCodePage      00000001400aa280     kernel32:KERNEL32.dll
 0005:00000288       __imp_GetACP               00000001400aa288     kernel32:KERNEL32.dll
 0005:00000290       __imp_GetOEMCP             00000001400aa290     kernel32:KERNEL32.dll
 0005:00000298       __imp_GetCPInfo            00000001400aa298     kernel32:KERNEL32.dll
 0005:000002a0       __imp_SetConsoleCtrlHandler 00000001400aa2a0     kernel32:KERNEL32.dll
 0005:000002a8       __imp_OutputDebugStringW   00000001400aa2a8     kernel32:KERNEL32.dll
 0005:000002b0       __imp_SetStdHandle         00000001400aa2b0     kernel32:KERNEL32.dll
 0005:000002b8       __imp_SetFilePointerEx     00000001400aa2b8     kernel32:KERNEL32.dll
 0005:000002c0       __imp_WriteConsoleW        00000001400aa2c0     kernel32:KERNEL32.dll
 0005:000002c8       __imp_GetStringTypeW       00000001400aa2c8     kernel32:KERNEL32.dll
 0005:000002d0       __imp_HeapSize             00000001400aa2d0     kernel32:KERNEL32.dll
 0005:000002d8       __imp_GetDateFormatW       00000001400aa2d8     kernel32:KERNEL32.dll
 0005:000002e0       __imp_GetTimeFormatW       00000001400aa2e0     kernel32:KERNEL32.dll
 0005:000002e8       __imp_CompareStringW       00000001400aa2e8     kernel32:KERNEL32.dll
 0005:000002f0       __imp_LCMapStringW         00000001400aa2f0     kernel32:KERNEL32.dll
 0005:000002f8       __imp_GetLocaleInfoW       00000001400aa2f8     kernel32:KERNEL32.dll
 0005:00000300       __imp_IsValidLocale        00000001400aa300     kernel32:KERNEL32.dll
 0005:00000308       __imp_GetUserDefaultLCID   00000001400aa308     kernel32:KERNEL32.dll
 0005:00000310       __imp_EnumSystemLocalesW   00000001400aa310     kernel32:KERNEL32.dll
 0005:00000318       \177KERNEL32_NULL_THUNK_DATA 00000001400aa318     kernel32:KERNEL32.dll
 0005:00000408       __imp_CommandLineToArgvW   00000001400aa408     shell32:SHELL32.dll
 0005:00000410       \177SHELL32_NULL_THUNK_DATA 00000001400aa410     shell32:SHELL32.dll
 0005:00000468       __IMPORT_DESCRIPTOR_SHELL32 00000001400aa468     shell32:SHELL32.dll
 0005:0000047c       __IMPORT_DESCRIPTOR_KERNEL32 00000001400aa47c     kernel32:KERNEL32.dll
 0005:00000490       __NULL_IMPORT_DESCRIPTOR   00000001400aa490     shell32:SHELL32.dll
 0006:00000000       _deh_beg                   00000001400ac000     Framework.exe.obj
 0006:000009b0       _deh_end                   00000001400ac9b0     Framework.exe.obj
 0007:00000000       _minfo_beg                 00000001400ad000     Framework.exe.obj
 0007:000004d0       _minfo_end                 00000001400ad4d0     Framework.exe.obj
 0008:00000000       _tls_start                 00000001400ae000     LIBCMT:tlssup.obj
 0008:00000110       _D2rt8lifetime18__blkcache_storagePS2rt8lifetime7BlkInfo 00000001400ae110     druntime64:lifetime.obj
 0008:00000118       _D2rt8lifetime12__nextBlkIdxi 00000001400ae118     druntime64:lifetime.obj
 0008:00000120       _D2rt15deh_win64_posix10__inflightPS2rt15deh_win64_posix8InFlight 00000001400ae120     druntime64:deh_win64_posix.obj
 0008:00000130       gc_atomic                  00000001400ae130     druntime64:thread.obj
 0008:00000138       _D4core6thread6Thread7sm_thisC4core6thread6Thread 00000001400ae138     druntime64:thread.obj
 0008:00000140       _D4core6thread5Fiber7sm_thisC4core6thread5Fiber 00000001400ae140     druntime64:thread_14b_1e8.obj
 0008:00000253       _tls_end                   00000001400ae253     LIBCMT:tlssup.obj

 entry point at        0001:00051c00

