 Framework.exe

 Timestamp is 536f20a6 (Sun May 11 09:03:02 2014)

 Preferred load address is 0000000140000000

 Start         Length     Name                   Class
 0001:00000000 000521fdH .text                   CODE
 0001:00052200 00020803H .text$mn                CODE
 0001:00072a10 000015b5H .text$x                 CODE
 0002:00000000 00000109H .CRT$XCA                DATA
 0002:00000110 00000109H .CRT$XCZ                DATA
 0002:00000220 00000109H .CRT$XIA                DATA
 0002:00000330 00000126H .CRT$XIC                DATA
 0002:00000458 00000109H .CRT$XIY                DATA
 0002:00000568 00000109H .CRT$XIZ                DATA
 0002:00000678 00000008H .CRT$XLA                DATA
 0002:00000680 00000008H .CRT$XLZ                DATA
 0002:00000688 00000109H .CRT$XPA                DATA
 0002:00000798 00000113H .CRT$XPX                DATA
 0002:000008b0 00000109H .CRT$XPXA               DATA
 0002:000009c0 00000109H .CRT$XPZ                DATA
 0002:00000ad0 00000109H .CRT$XTA                DATA
 0002:00000be0 00000109H .CRT$XTZ                DATA
 0002:00000cf0 00007e79H .rdata                  DATA
 0002:00008b70 00000130H .rdata$T                DATA
 0002:00008ca0 0000017cH .rdata$debug            DATA
 0002:00008e20 00000109H .rtc$IAA                DATA
 0002:00008f30 00000109H .rtc$IZZ                DATA
 0002:00009040 00000109H .rtc$TAA                DATA
 0002:00009150 00000109H .rtc$TZZ                DATA
 0002:00009260 00006140H .xdata                  DATA
 0002:0000f3a0 00000000H .edata                  DATA
 0003:00000000 0001b3f1H .data                   DATA
 0003:0001b400 00003051H .bss                    DATA
 0004:00000000 00006c9cH .pdata                  DATA
 0005:00000000 00000468H .idata$5                DATA
 0005:00000468 00000028H .idata$2                DATA
 0005:00000490 00000014H .idata$3                DATA
 0005:000004a8 00000468H .idata$4                DATA
 0005:00000910 00000925H .idata$6                DATA
 0006:00000000 0000011cH ._deh$A                 DATA
 0006:00000120 0000088fH ._deh$B                 DATA
 0006:000009b0 00000109H ._deh$C                 DATA
 0007:00000000 00000109H .minfo$A                DATA
 0007:00000110 0000040eH .minfo$B                DATA
 0007:00000520 00000109H .minfo$C                DATA
 0008:00000000 00000101H .tls                    DATA
 0008:00000110 00000143H .tls$AAB                DATA
 0008:00000253 00000101H .tls$ZZZ                DATA

  Address         Publics by Value              Rva+Base               Lib:Object

 0000:00000000       __guard_flags              0000000000000000     <absolute>
 0000:00000000       __guard_fids_table         0000000000000000     <absolute>
 0000:00000000       ___safe_se_handler_count   0000000000000000     <absolute>
 0000:00000000       ___safe_se_handler_table   0000000000000000     <absolute>
 0000:00000000       __guard_fids_count         0000000000000000     <absolute>
 0000:00000000       __ImageBase                0000000140000000     <linker-defined>
 0001:000012e0       _Dmain                     00000001400022e0 f i Framework.exe.obj
 0001:00001360       _D4main15__unittestL38_1FZv 0000000140002360 f i Framework.exe.obj
 0001:00001460       _D3std6traits15__T8DemangleTkZ8Demangle11__xopEqualsFKxS3std6traits15__T8DemangleTkZ8DemangleKxS3std6traits15__T8DemangleTkZ8DemangleZb 0000000140002460 f i Framework.exe.obj
 0001:000014d0       _D3std8internal14unicode_tables25__T9TrieEntryTbVi8Vi4Vi9Z9TrieEntry11__xopEqualsFNfKxS3std8internal14unicode_tables25__T9TrieEntryTbVi8Vi4Vi9Z9TrieEntryKxS3std8internal14unicode_tables25__T9TrieEntryTbVi8Vi4Vi9Z9TrieEntryZb 00000001400024d0 f i Framework.exe.obj
 0001:00001590       _D3std8internal14unicode_tables25__T9TrieEntryTtVi8Vi7Vi6Z9TrieEntry11__xopEqualsFNfKxS3std8internal14unicode_tables25__T9TrieEntryTtVi8Vi7Vi6Z9TrieEntryKxS3std8internal14unicode_tables25__T9TrieEntryTtVi8Vi7Vi6Z9TrieEntryZb 0000000140002590 f i Framework.exe.obj
 0001:00001650       _D3std8internal14unicode_tables25__T9TrieEntryTbVi8Vi5Vi8Z9TrieEntry11__xopEqualsFNfKxS3std8internal14unicode_tables25__T9TrieEntryTbVi8Vi5Vi8Z9TrieEntryKxS3std8internal14unicode_tables25__T9TrieEntryTbVi8Vi5Vi8Z9TrieEntryZb 0000000140002650 f i Framework.exe.obj
 0001:00001710       _D3std8internal14unicode_tables25__T9TrieEntryTbVi8Vi6Vi7Z9TrieEntry11__xopEqualsFNfKxS3std8internal14unicode_tables25__T9TrieEntryTbVi8Vi6Vi7Z9TrieEntryKxS3std8internal14unicode_tables25__T9TrieEntryTbVi8Vi6Vi7Z9TrieEntryZb 0000000140002710 f i Framework.exe.obj
 0001:000017d0       _D3std8internal14unicode_tables28__T9TrieEntryTbVi7Vi4Vi4Vi6Z9TrieEntry11__xopEqualsFNfKxS3std8internal14unicode_tables28__T9TrieEntryTbVi7Vi4Vi4Vi6Z9TrieEntryKxS3std8internal14unicode_tables28__T9TrieEntryTbVi7Vi4Vi4Vi6Z9TrieEntryZb 00000001400027d0 f i Framework.exe.obj
 0001:00001890       _D3std3uni13ReallocPolicy14__T7destroyThZ7destroyFNbNeKAhZv 0000000140002890 f i Framework.exe.obj
 0001:000018e0       _D3std3uni42__T11Uint24ArrayTS3std3uni13ReallocPolicyZ11Uint24Array13__T8opEqualsZ8opEqualsMxFNbNexS3std3uni42__T11Uint24ArrayTS3std3uni13ReallocPolicyZ11Uint24ArrayZb 00000001400028e0 f i Framework.exe.obj
 0001:00001af0       _D3std3uni8GcPolicy15__T7destroyTAhZ7destroyFNaNbNeKAhZv 0000000140002af0 f i Framework.exe.obj
 0001:00001b00       _D3std3uni36__T11Uint24ArrayTS3std3uni8GcPolicyZ11Uint24Array13__T8opEqualsZ8opEqualsMxFNaNbNexS3std3uni36__T11Uint24ArrayTS3std3uni8GcPolicyZ11Uint24ArrayZb 0000000140002b00 f i Framework.exe.obj
 0001:00001d10       _D3std3uni17CodepointInterval42__T8opEqualsTS3std3uni17CodepointIntervalZ8opEqualsMxFNaNbNfS3std3uni17CodepointIntervalZb 0000000140002d10 f i Framework.exe.obj
 0001:00001d80       _D3std6format18__T10FormatSpecTaZ10FormatSpec6flDashMxFNaNbNdNfZb 0000000140002d80 f i Framework.exe.obj
 0001:00001dd0       _D3std6format18__T10FormatSpecTaZ10FormatSpec6flDashMFNaNbNdNfbZv 0000000140002dd0 f i Framework.exe.obj
 0001:00001e30       _D3std6format18__T10FormatSpecTaZ10FormatSpec6flZeroMxFNaNbNdNfZb 0000000140002e30 f i Framework.exe.obj
 0001:00001e80       _D3std6format18__T10FormatSpecTaZ10FormatSpec6flZeroMFNaNbNdNfbZv 0000000140002e80 f i Framework.exe.obj
 0001:00001ee0       _D3std6format18__T10FormatSpecTaZ10FormatSpec7flSpaceMxFNaNbNdNfZb 0000000140002ee0 f i Framework.exe.obj
 0001:00001f30       _D3std6format18__T10FormatSpecTaZ10FormatSpec7flSpaceMFNaNbNdNfbZv 0000000140002f30 f i Framework.exe.obj
 0001:00001f90       _D3std6format18__T10FormatSpecTaZ10FormatSpec6flPlusMxFNaNbNdNfZb 0000000140002f90 f i Framework.exe.obj
 0001:00001fe0       _D3std6format18__T10FormatSpecTaZ10FormatSpec6flPlusMFNaNbNdNfbZv 0000000140002fe0 f i Framework.exe.obj
 0001:00002040       _D3std6format18__T10FormatSpecTaZ10FormatSpec6flHashMxFNaNbNdNfZb 0000000140003040 f i Framework.exe.obj
 0001:00002090       _D3std6format18__T10FormatSpecTaZ10FormatSpec6flHashMFNaNbNdNfbZv 0000000140003090 f i Framework.exe.obj
 0001:000020f0       _D3std6format18__T10FormatSpecTaZ10FormatSpec6__ctorMFNaNcNfxAaZS3std6format18__T10FormatSpecTaZ10FormatSpec 00000001400030f0 f i Framework.exe.obj
 0001:00002110       _D3std6format18__T10FormatSpecTaZ10FormatSpec19__unittestL807_1349FNaNfZv 0000000140003110 f i Framework.exe.obj
 0001:00002b70       _D3std6format18__T10FormatSpecTaZ10FormatSpec19__unittestL807_1349FNaNfZv12__dgliteral1MFNaNfZb 0000000140003b70 f i Framework.exe.obj
 0001:00002ba0       _D3std6format18__T10FormatSpecTaZ10FormatSpec6fillUpMFNaNfZv 0000000140003ba0 f i Framework.exe.obj
 0001:00004260       _D3std6format18__T10FormatSpecTaZ10FormatSpec6fillUpMFNaNfZv12__dgliteral1MFNaNfZAxa 0000000140005260 f i Framework.exe.obj
 0001:00004330       _D3std6format18__T10FormatSpecTaZ10FormatSpec6fillUpMFNaNfZv12__dgliteral2MFNaNbNfZAya 0000000140005330 f i Framework.exe.obj
 0001:00004350       _D3std6format18__T10FormatSpecTaZ10FormatSpec6fillUpMFNaNfZv12__dgliteral3MFNaNfZAya 0000000140005350 f i Framework.exe.obj
 0001:00004420       _D3std6format18__T10FormatSpecTaZ10FormatSpec6fillUpMFNaNfZv12__dgliteral4MFNaNbNfZAya 0000000140005420 f i Framework.exe.obj
 0001:00004440       _D3std6format18__T10FormatSpecTaZ10FormatSpec6fillUpMFNaNfZv12__dgliteral5MFNaNbNfZAya 0000000140005440 f i Framework.exe.obj
 0001:00004460       _D3std6format18__T10FormatSpecTaZ10FormatSpec12getCurFmtStrMxFNaNfZAya 0000000140005460 f i Framework.exe.obj
 0001:000046e0       _D3std6format18__T10FormatSpecTaZ10FormatSpec20__unittestL1113_1350FNaNfZv 00000001400056e0 f i Framework.exe.obj
 0001:000047f0       _D3std6format18__T10FormatSpecTaZ10FormatSpec16headUpToNextSpecMFNaZAxa 00000001400057f0 f i Framework.exe.obj
 0001:00004970       _D3std6format18__T10FormatSpecTaZ10FormatSpec8toStringMFNaNfZAya 0000000140005970 f i Framework.exe.obj
 0001:00004cc0       _D3std6format18__T10FormatSpecTaZ10FormatSpec11__xopEqualsFKxS3std6format18__T10FormatSpecTaZ10FormatSpecKxS3std6format18__T10FormatSpecTaZ10FormatSpecZb 0000000140005cc0 f i Framework.exe.obj
 0001:00004df0       _D3std5range13__T4onlyTgTiZ4onlyFNaNbNfgiZS3std5range21__T10OnlyResultTiVm2Z10OnlyResult 0000000140005df0 f i Framework.exe.obj
 0001:00004e60       _D3std5range21__T10OnlyResultTiVm2Z10OnlyResult5emptyMFNaNbNdNfZb 0000000140005e60 f i Framework.exe.obj
 0001:00004eb0       _D3std5range21__T10OnlyResultTiVm2Z10OnlyResult5frontMFNaNbNdNfZi 0000000140005eb0 f i Framework.exe.obj
 0001:00004f50       _D3std5range21__T10OnlyResultTiVm2Z10OnlyResult8popFrontMFNaNbNfZv 0000000140005f50 f i Framework.exe.obj
 0001:00004fc0       _D3std5range21__T10OnlyResultTiVm2Z10OnlyResult4backMFNaNbNdNfZi 0000000140005fc0 f i Framework.exe.obj
 0001:00005060       _D3std5range21__T10OnlyResultTiVm2Z10OnlyResult7popBackMFNaNbNfZv 0000000140006060 f i Framework.exe.obj
 0001:000050d0       _D3std5range21__T10OnlyResultTiVm2Z10OnlyResult4saveMFNaNbNdNfZS3std5range21__T10OnlyResultTiVm2Z10OnlyResult 00000001400060d0 f i Framework.exe.obj
 0001:00005130       _D3std5range21__T10OnlyResultTiVm2Z10OnlyResult6lengthMFNaNbNdNfZm 0000000140006130 f i Framework.exe.obj
 0001:00005170       _D3std5range21__T10OnlyResultTiVm2Z10OnlyResult7opIndexMFNaNbNfmZi 0000000140006170 f i Framework.exe.obj
 0001:00005270       _D3std5range21__T10OnlyResultTiVm2Z10OnlyResult7opSliceMFNaNbNfZS3std5range21__T10OnlyResultTiVm2Z10OnlyResult 0000000140006270 f i Framework.exe.obj
 0001:000052d0       _D3std5range21__T10OnlyResultTiVm2Z10OnlyResult7opSliceMFNaNbNfmmZS3std5range21__T10OnlyResultTiVm2Z10OnlyResult 00000001400062d0 f i Framework.exe.obj
 0001:000053e0       _D3std5range21__T10OnlyResultTiVm2Z10OnlyResult15__T6__ctorTgTiZ6__ctorMFNaNbNcNfKgKiZS3std5range21__T10OnlyResultTiVm2Z10OnlyResult 00000001400063e0 f i Framework.exe.obj
 0001:00005410       _D3std5range13__T4onlyTiTgZ4onlyFNaNbNfigZS3std5range21__T10OnlyResultTiVm2Z10OnlyResult 0000000140006410 f i Framework.exe.obj
 0001:00005480       _D3std5range21__T10OnlyResultTiVm2Z10OnlyResult15__T6__ctorTiTgZ6__ctorMFNaNbNcNfKiKgZS3std5range21__T10OnlyResultTiVm2Z10OnlyResult 0000000140006480 f i Framework.exe.obj
 0001:000054b0       _D3std5range17__T4onlyTAxaTAyaZ4onlyFNaNbNfAxaAyaZS3std5range23__T10OnlyResultTAxaVm2Z10OnlyResult 00000001400064b0 f i Framework.exe.obj
 0001:00005520       _D3std5range23__T10OnlyResultTAxaVm2Z10OnlyResult5emptyMFNaNbNdNfZb 0000000140006520 f i Framework.exe.obj
 0001:00005570       _D3std5range23__T10OnlyResultTAxaVm2Z10OnlyResult5frontMFNaNbNdNfZAxa 0000000140006570 f i Framework.exe.obj
 0001:00005610       _D3std5range23__T10OnlyResultTAxaVm2Z10OnlyResult8popFrontMFNaNbNfZv 0000000140006610 f i Framework.exe.obj
 0001:00005680       _D3std5range23__T10OnlyResultTAxaVm2Z10OnlyResult4backMFNaNbNdNfZAxa 0000000140006680 f i Framework.exe.obj
 0001:00005730       _D3std5range23__T10OnlyResultTAxaVm2Z10OnlyResult7popBackMFNaNbNfZv 0000000140006730 f i Framework.exe.obj
 0001:000057a0       _D3std5range23__T10OnlyResultTAxaVm2Z10OnlyResult4saveMFNaNbNdNfZS3std5range23__T10OnlyResultTAxaVm2Z10OnlyResult 00000001400067a0 f i Framework.exe.obj
 0001:00005800       _D3std5range23__T10OnlyResultTAxaVm2Z10OnlyResult6lengthMFNaNbNdNfZm 0000000140006800 f i Framework.exe.obj
 0001:00005840       _D3std5range23__T10OnlyResultTAxaVm2Z10OnlyResult7opIndexMFNaNbNfmZAxa 0000000140006840 f i Framework.exe.obj
 0001:00005950       _D3std5range23__T10OnlyResultTAxaVm2Z10OnlyResult7opSliceMFNaNbNfZS3std5range23__T10OnlyResultTAxaVm2Z10OnlyResult 0000000140006950 f i Framework.exe.obj
 0001:000059b0       _D3std5range23__T10OnlyResultTAxaVm2Z10OnlyResult7opSliceMFNaNbNfmmZS3std5range23__T10OnlyResultTAxaVm2Z10OnlyResult 00000001400069b0 f i Framework.exe.obj
 0001:00005ad0       _D3std5range23__T10OnlyResultTAxaVm2Z10OnlyResult19__T6__ctorTAxaTAyaZ6__ctorMFNaNbNcNfKAxaKAyaZS3std5range23__T10OnlyResultTAxaVm2Z10OnlyResult 0000000140006ad0 f i Framework.exe.obj
 0001:00005b20       _D3std5range17__T4onlyTAxaTAxaZ4onlyFNaNbNfAxaAxaZS3std5range23__T10OnlyResultTAxaVm2Z10OnlyResult 0000000140006b20 f i Framework.exe.obj
 0001:00005b90       _D3std5range23__T10OnlyResultTAxaVm2Z10OnlyResult19__T6__ctorTAxaTAxaZ6__ctorMFNaNbNcNfKAxaKAxaZS3std5range23__T10OnlyResultTAxaVm2Z10OnlyResult 0000000140006b90 f i Framework.exe.obj
 0001:00005be0       _D3std3uni25__T16SliceOverIndexedTAiZ16SliceOverIndexed7opIndexMxFNaNbNfmZxi 0000000140006be0 f i Framework.exe.obj
 0001:00005c90       _D3std3uni25__T16SliceOverIndexedTAiZ16SliceOverIndexed13opIndexAssignMFNaNbNfimZv 0000000140006c90 f i Framework.exe.obj
 0001:00005d40       _D3std3uni25__T16SliceOverIndexedTAiZ16SliceOverIndexed7opSliceMFNaNbNfmmZS3std3uni25__T16SliceOverIndexedTAiZ16SliceOverIndexed 0000000140006d40 f i Framework.exe.obj
 0001:00005dc0       _D3std3uni25__T16SliceOverIndexedTAiZ16SliceOverIndexed7opSliceMFNaNbNfZS3std3uni25__T16SliceOverIndexedTAiZ16SliceOverIndexed 0000000140006dc0 f i Framework.exe.obj
 0001:00005e20       _D3std3uni25__T16SliceOverIndexedTAiZ16SliceOverIndexed6lengthMxFNaNbNdNfZm 0000000140006e20 f i Framework.exe.obj
 0001:00005e60       _D3std3uni25__T16SliceOverIndexedTAiZ16SliceOverIndexed8opDollarMxFNaNbNfZm 0000000140006e60 f i Framework.exe.obj
 0001:00005eb0       _D3std3uni25__T16SliceOverIndexedTAiZ16SliceOverIndexed5emptyMxFNaNbNdNfZb 0000000140006eb0 f i Framework.exe.obj
 0001:00005f00       _D3std3uni25__T16SliceOverIndexedTAiZ16SliceOverIndexed5frontMxFNaNbNdNfZxi 0000000140006f00 f i Framework.exe.obj
 0001:00005f80       _D3std3uni25__T16SliceOverIndexedTAiZ16SliceOverIndexed5frontMFNaNbNdNfiZv 0000000140006f80 f i Framework.exe.obj
 0001:00006010       _D3std3uni25__T16SliceOverIndexedTAiZ16SliceOverIndexed4backMxFNaNbNdNfZxi 0000000140007010 f i Framework.exe.obj
 0001:000060a0       _D3std3uni25__T16SliceOverIndexedTAiZ16SliceOverIndexed4backMFNaNbNdNfiZv 00000001400070a0 f i Framework.exe.obj
 0001:00006130       _D3std3uni25__T16SliceOverIndexedTAiZ16SliceOverIndexed4saveMNgFNaNbNdNfZNgS3std3uni25__T16SliceOverIndexedTAiZ16SliceOverIndexed 0000000140007130 f i Framework.exe.obj
 0001:00006190       _D3std3uni25__T16SliceOverIndexedTAiZ16SliceOverIndexed8popFrontMFNaNbNfZv 0000000140007190 f i Framework.exe.obj
 0001:000061e0       _D3std3uni25__T16SliceOverIndexedTAiZ16SliceOverIndexed7popBackMFNaNbNfZv 00000001400071e0 f i Framework.exe.obj
 0001:00006230       _D3std3uni25__T16SliceOverIndexedTAiZ16SliceOverIndexed11__xopEqualsFKxS3std3uni25__T16SliceOverIndexedTAiZ16SliceOverIndexedKxS3std3uni25__T16SliceOverIndexedTAiZ16SliceOverIndexedZb 0000000140007230 f i Framework.exe.obj
 0001:00006260       _D3std3uni25__T16SliceOverIndexedTAiZ16SliceOverIndexed68__T8opEqualsTS3std3uni25__T16SliceOverIndexedTAiZ16SliceOverIndexedZ8opEqualsMxFNaNbNfS3std3uni25__T16SliceOverIndexedTAiZ16SliceOverIndexedZb 0000000140007260 f i Framework.exe.obj
 0001:00006380       _D3std5array15__T8popFrontTiZ8popFrontFNaNbNfKAiZv 0000000140007380 f i Framework.exe.obj
 0001:00006410       _D3std5array16__T8popFrontTyiZ8popFrontFNaNbNfKAyiZv 0000000140007410 f i Framework.exe.obj
 0001:000064a0       _D3std5array15__T7popBackTyiZ7popBackFNaNbNfKAyiZv 00000001400074a0 f i Framework.exe.obj
 0001:00006520       _D3std5array14__T7popBackTiZ7popBackFNaNbNfKAiZv 0000000140007520 f i Framework.exe.obj
 0001:000065a0       _D3std5stdio16__T7writelnTAyaZ7writelnFAyaZv 00000001400075a0 f i Framework.exe.obj
 0001:00006650       _D3std5stdio16__T7writelnTAyaZ7writelnFAyaZv12__dgliteral3MFNaNbNfZAxa 0000000140007650 f i Framework.exe.obj
 0001:00006660       _D3std9exception14__T7enforceTbZ7enforceFNaNfbLAxaAyamZb 0000000140007660 f i Framework.exe.obj
 0001:000066f0       _D3std5array18__T8appenderTAaTaZ8appenderFNaNbNfZS3std5array16__T8AppenderTAaZ8Appender 00000001400076f0 f i Framework.exe.obj
 0001:00006760       _D3std5array16__T8AppenderTAaZ8Appender4Data11__xopEqualsFKxS3std5array16__T8AppenderTAaZ8Appender4DataKxS3std5array16__T8AppenderTAaZ8Appender4DataZb 0000000140007760 f i Framework.exe.obj
 0001:000067d0       _D3std5array16__T8AppenderTAaZ8Appender6__ctorMFNaNbNcNfAaZS3std5array16__T8AppenderTAaZ8Appender 00000001400077d0 f i Framework.exe.obj
 0001:000068e0       _D3std5array16__T8AppenderTAaZ8Appender6__ctorMFNaNbNcNfAaZS3std5array16__T8AppenderTAaZ8Appender9__lambda2MFNbNeZm 00000001400078e0 f i Framework.exe.obj
 0001:00006920       _D3std5array16__T8AppenderTAaZ8Appender6__ctorMFNaNbNcNfAaZS3std5array16__T8AppenderTAaZ8Appender9__lambda3MFNbNeZAa 0000000140007920 f i Framework.exe.obj
 0001:00006940       _D3std5array16__T8AppenderTAaZ8Appender7reserveMFNaNbNfmZv 0000000140007940 f i Framework.exe.obj
 0001:000069c0       _D3std5array16__T8AppenderTAaZ8Appender8capacityMxFNaNbNdNfZm 00000001400079c0 f i Framework.exe.obj
 0001:00006a10       _D3std5array16__T8AppenderTAaZ8Appender4dataMNgFNaNbNdNeZANga 0000000140007a10 f i Framework.exe.obj
 0001:00006a70       _D3std5array16__T8AppenderTAaZ8Appender13ensureAddableMFNaNbNfmZv 0000000140007a70 f i Framework.exe.obj
 0001:00006c60       _D3std5array16__T8AppenderTAaZ8Appender13ensureAddableMFNaNbNfmZv9__lambda2MFNbNeZm 0000000140007c60 f i Framework.exe.obj
 0001:00006c80       _D3std5array16__T8AppenderTAaZ8Appender13ensureAddableMFNaNbNfmZv9__lambda3MFNbNeZm 0000000140007c80 f i Framework.exe.obj
 0001:00006ce0       _D3std5array16__T8AppenderTAaZ8Appender13ensureAddableMFNaNbNfmZv9__lambda4MFNbNeZS4core6memory8BlkInfo_ 0000000140007ce0 f i Framework.exe.obj
 0001:00006d90       _D3std5array16__T8AppenderTAaZ8Appender13ensureAddableMFNaNbNfmZv9__lambda5MFNbNeZv 0000000140007d90 f i Framework.exe.obj
 0001:00006de0       _D3std5array16__T8AppenderTAaZ8Appender13ensureAddableMFNaNbNfmZv9__lambda6MFNbNeZAa 0000000140007de0 f i Framework.exe.obj
 0001:00006e00       _D3std5array16__T8AppenderTAaZ8Appender5clearMFNaNbNfZv 0000000140007e00 f i Framework.exe.obj
 0001:00006ea0       _D3std5array16__T8AppenderTAaZ8Appender5clearMFNaNbNfZv9__lambda1MFNbNeZAa 0000000140007ea0 f i Framework.exe.obj
 0001:00006ed0       _D3std5array16__T8AppenderTAaZ8Appender8shrinkToMFNaNfmZv 0000000140007ed0 f i Framework.exe.obj
 0001:00007050       _D3std5array16__T8AppenderTAaZ8Appender8shrinkToMFNaNfmZv12__dgliteral2MFNaNbNfZAxa 0000000140008050 f i Framework.exe.obj
 0001:00007060       _D3std5array16__T8AppenderTAaZ8Appender8shrinkToMFNaNfmZv9__lambda3MFNbNeZAa 0000000140008060 f i Framework.exe.obj
 0001:00007090       _D3std5array16__T8AppenderTAaZ8Appender8shrinkToMFNaNfmZv12__dgliteral4MFNaNbNfZAxa 0000000140008090 f i Framework.exe.obj
 0001:000070a0       _D6object15__T8capacityTaZ8capacityFNaNbNdAaZm 00000001400080a0 f i Framework.exe.obj
 0001:000070d0       _D3std6format18__T10FormatSpecTaZ10FormatSpec62__T17writeUpToNextSpecTS3std5array16__T8AppenderTAaZ8AppenderZ17writeUpToNextSpecMFNaNfS3std5array16__T8AppenderTAaZ8AppenderZb 00000001400080d0 f i Framework.exe.obj
 0001:00007420       _D3std6format18__T10FormatSpecTaZ10FormatSpec62__T17writeUpToNextSpecTS3std5array16__T8AppenderTAaZ8AppenderZ17writeUpToNextSpecMFNaNfS3std5array16__T8AppenderTAaZ8AppenderZb12__dgliteral2MFNaNbNfZAya 0000000140008420 f i Framework.exe.obj
 0001:00007440       _D3std5array12__T5emptyTaZ5emptyFNaNbNdNfxAaZb 0000000140008440 f i Framework.exe.obj
 0001:00007460       _D3std5range51__T3putTS3std5array16__T8AppenderTAaZ8AppenderTAxaZ3putFNaNbNfKS3std5array16__T8AppenderTAaZ8AppenderAxaZv 0000000140008460 f i Framework.exe.obj
 0001:00007480       _D3std5range53__T5doPutTS3std5array16__T8AppenderTAaZ8AppenderTAxaZ5doPutFNaNbNfKS3std5array16__T8AppenderTAaZ8AppenderKAxaZv 0000000140008480 f i Framework.exe.obj
 0001:000074d0       _D3std5array16__T8popFrontTxaZ8popFrontFNaNbNeKAxaZv 00000001400084d0 f i Framework.exe.obj
 0001:00007630       _D3std5array13__T5frontTxaZ5frontFNaNdNfAxaZw 0000000140008630 f i Framework.exe.obj
 0001:00007690       _D3std3utf15__T6decodeTAxaZ6decodeFNaNeKAxaKmZw 0000000140008690 f i Framework.exe.obj
 0001:000077a0       _D3std3utf23__T10decodeImplVb1TAxaZ10decodeImplFNaKAxaKmZw 00000001400087a0 f i Framework.exe.obj
 0001:00007ae0       _D3std3utf23__T10decodeImplVb1TAxaZ10decodeImplFNaKAxaKmZw10invalidUTFMFZC3std3utf12UTFException 0000000140008ae0 f i Framework.exe.obj
 0001:00007b50       _D3std3utf23__T10decodeImplVb1TAxaZ10decodeImplFNaKAxaKmZw11outOfBoundsMFZC3std3utf12UTFException 0000000140008b50 f i Framework.exe.obj
 0001:00007bc0       _D3std3utf23__T10decodeImplVb1TAxaZ10decodeImplFNaKAxaKmZw18__T9exceptionTAxaZ9exceptionFNaNfAxaAyaZC3std3utf12UTFException 0000000140008bc0 f i Framework.exe.obj
 0001:00007d60       _D3std5array16__T8AppenderTAaZ8Appender10__T3putTwZ3putMFNaNfwZv 0000000140008d60 f i Framework.exe.obj
 0001:00007e20       _D3std5array15__T8popFrontTaZ8popFrontFNaNbNeKAaZv 0000000140008e20 f i Framework.exe.obj
 0001:00007f80       _D3std5array12__T5frontTaZ5frontFNaNdNfAaZw 0000000140008f80 f i Framework.exe.obj
 0001:00007fe0       _D3std3utf14__T6decodeTAaZ6decodeFNaNeKAaKmZw 0000000140008fe0 f i Framework.exe.obj
 0001:000080f0       _D3std3utf22__T10decodeImplVb1TAaZ10decodeImplFNaKAaKmZw 00000001400090f0 f i Framework.exe.obj
 0001:00008430       _D3std3utf22__T10decodeImplVb1TAaZ10decodeImplFNaKAaKmZw10invalidUTFMFZC3std3utf12UTFException 0000000140009430 f i Framework.exe.obj
 0001:000084a0       _D3std3utf22__T10decodeImplVb1TAaZ10decodeImplFNaKAaKmZw11outOfBoundsMFZC3std3utf12UTFException 00000001400094a0 f i Framework.exe.obj
 0001:00008510       _D3std3utf22__T10decodeImplVb1TAaZ10decodeImplFNaKAaKmZw17__T9exceptionTAaZ9exceptionFNaNfAaAyaZC3std3utf12UTFException 0000000140009510 f i Framework.exe.obj
 0001:000086b0       _D3std5array16__T8AppenderTAaZ8Appender11__T3putTAaZ3putMFNaNbNfAaZv 00000001400096b0 f i Framework.exe.obj
 0001:000087f0       _D3std5array16__T8AppenderTAaZ8Appender11__T3putTAaZ3putMFNaNbNfAaZv10bigDataFunMFNaNbNeZAa 00000001400097f0 f i Framework.exe.obj
 0001:00008820       _D3std5array28__T19appenderNewCapacityVm1Z19appenderNewCapacityFNaNbNfmmZm 0000000140009820 f i Framework.exe.obj
 0001:00008910       _D3std9algorithm12__T3maxTmTiZ3maxFNaNbNfmiZm 0000000140009910 f i Framework.exe.obj
 0001:00008940       _D3std9algorithm12__T3maxTmTmZ3maxFNaNbNfmmZm 0000000140009940 f i Framework.exe.obj
 0001:00008960       _D3std5array16__T8AppenderTAaZ8Appender12__T3putTAxaZ3putMFNaNbNfAxaZv 0000000140009960 f i Framework.exe.obj
 0001:00008aa0       _D3std5array16__T8AppenderTAaZ8Appender12__T3putTAxaZ3putMFNaNbNfAxaZv10bigDataFunMFNaNbNeZAa 0000000140009aa0 f i Framework.exe.obj
 0001:00008ad0       _D3std9exception44__T9enforceExTC3std6format15FormatExceptionZ16__T9enforceExTbZ9enforceExFNaNfbLAyaAyamZb 0000000140009ad0 f i Framework.exe.obj
 0001:00008ba0       _D3std4conv17__T4textTAyaTAxaZ4textFNaNfAyaAxaZAya 0000000140009ba0 f i Framework.exe.obj
 0001:00008c00       _D3std4conv25__T8textImplTAyaTAyaTAxaZ8textImplFNaNfAyaAxaZAya 0000000140009c00 f i Framework.exe.obj
 0001:00008cb0       _D3std4conv11__T2toTAyaZ11__T2toTAyaZ2toFNaNbNfAyaZAya 0000000140009cb0 f i Framework.exe.obj
 0001:00008cf0       _D3std4conv19__T6toImplTAyaTAyaZ6toImplFNaNbNfAyaZAya 0000000140009cf0 f i Framework.exe.obj
 0001:00008d00       _D3std4conv11__T2toTAyaZ11__T2toTAxaZ2toFNaNfAxaZAya 0000000140009d00 f i Framework.exe.obj
 0001:00008d40       _D3std4conv19__T6toImplTAyaTAxaZ6toImplFNaNfAxaZAya 0000000140009d40 f i Framework.exe.obj
 0001:00008d90       _D3std4conv11__T2toTAxaZ11__T2toTAxaZ2toFNaNbNfAxaZAxa 0000000140009d90 f i Framework.exe.obj
 0001:00008dd0       _D3std4conv19__T6toImplTAxaTAxaZ6toImplFNaNbNfAxaZAxa 0000000140009dd0 f i Framework.exe.obj
 0001:00008de0       _D3std4conv16__T5parseTiTAxaZ5parseFNaNfKAxaZi 0000000140009de0 f i Framework.exe.obj
 0001:00009070       _D3std4conv20__T9convErrorTAxaTiZ9convErrorFNaNfAxaAyamZC3std4conv13ConvException 000000014000a070 f i Framework.exe.obj
 0001:000091a0       _D3std4conv30__T20convError_unexpectedTAxaZ20convError_unexpectedFNaNfAxaZAya 000000014000a1a0 f i Framework.exe.obj
 0001:00009290       _D3std4conv19__T4textTAyaTwTAyaZ4textFNaNfAyawAyaZAya 000000014000a290 f i Framework.exe.obj
 0001:000092f0       _D3std4conv27__T8textImplTAyaTAyaTwTAyaZ8textImplFNaNfAyawAyaZAya 000000014000a2f0 f i Framework.exe.obj
 0001:000093f0       _D3std4conv11__T2toTAyaZ9__T2toTwZ2toFNaNfwZAya 000000014000a3f0 f i Framework.exe.obj
 0001:00009410       _D3std4conv17__T6toImplTAyaTwZ6toImplFNaNfwZAya 000000014000a410 f i Framework.exe.obj
 0001:00009430       _D3std4conv16__T5toStrTAyaTwZ5toStrFNaNfwZAya 000000014000a430 f i Framework.exe.obj
 0001:000094b0       _D3std5array20__T8appenderTAyaTyaZ8appenderFNaNbNfZS3std5array17__T8AppenderTAyaZ8Appender 000000014000a4b0 f i Framework.exe.obj
 0001:00009520       _D3std5array17__T8AppenderTAyaZ8Appender4Data11__xopEqualsFKxS3std5array17__T8AppenderTAyaZ8Appender4DataKxS3std5array17__T8AppenderTAyaZ8Appender4DataZb 000000014000a520 f i Framework.exe.obj
 0001:00009590       _D3std5array17__T8AppenderTAyaZ8Appender6__ctorMFNaNbNcNfAaZS3std5array17__T8AppenderTAyaZ8Appender 000000014000a590 f i Framework.exe.obj
 0001:000096a0       _D3std5array17__T8AppenderTAyaZ8Appender6__ctorMFNaNbNcNfAaZS3std5array17__T8AppenderTAyaZ8Appender9__lambda2MFNbNeZm 000000014000a6a0 f i Framework.exe.obj
 0001:000096e0       _D3std5array17__T8AppenderTAyaZ8Appender6__ctorMFNaNbNcNfAaZS3std5array17__T8AppenderTAyaZ8Appender9__lambda3MFNbNeZAa 000000014000a6e0 f i Framework.exe.obj
 0001:00009700       _D3std5array17__T8AppenderTAyaZ8Appender7reserveMFNaNbNfmZv 000000014000a700 f i Framework.exe.obj
 0001:00009780       _D3std5array17__T8AppenderTAyaZ8Appender8capacityMxFNaNbNdNfZm 000000014000a780 f i Framework.exe.obj
 0001:000097d0       _D3std5array17__T8AppenderTAyaZ8Appender4dataMNgFNaNbNdNeZAya 000000014000a7d0 f i Framework.exe.obj
 0001:00009830       _D3std5array17__T8AppenderTAyaZ8Appender13ensureAddableMFNaNbNfmZv 000000014000a830 f i Framework.exe.obj
 0001:00009a20       _D3std5array17__T8AppenderTAyaZ8Appender13ensureAddableMFNaNbNfmZv9__lambda2MFNbNeZm 000000014000aa20 f i Framework.exe.obj
 0001:00009a40       _D3std5array17__T8AppenderTAyaZ8Appender13ensureAddableMFNaNbNfmZv9__lambda3MFNbNeZm 000000014000aa40 f i Framework.exe.obj
 0001:00009aa0       _D3std5array17__T8AppenderTAyaZ8Appender13ensureAddableMFNaNbNfmZv9__lambda4MFNbNeZS4core6memory8BlkInfo_ 000000014000aaa0 f i Framework.exe.obj
 0001:00009b50       _D3std5array17__T8AppenderTAyaZ8Appender13ensureAddableMFNaNbNfmZv9__lambda5MFNbNeZv 000000014000ab50 f i Framework.exe.obj
 0001:00009ba0       _D3std5array17__T8AppenderTAyaZ8Appender13ensureAddableMFNaNbNfmZv9__lambda6MFNbNeZAa 000000014000aba0 f i Framework.exe.obj
 0001:00009bc0       _D3std6format61__T11formatValueTS3std5array17__T8AppenderTAyaZ8AppenderTwTaZ11formatValueFNaNfS3std5array17__T8AppenderTAyaZ8AppenderwKS3std6format18__T10FormatSpecTaZ10FormatSpecZv 000000014000abc0 f i Framework.exe.obj
 0001:00009c10       _D3std5range50__T3putTS3std5array17__T8AppenderTAyaZ8AppenderTwZ3putFNaNfKS3std5array17__T8AppenderTAyaZ8AppenderwZv 000000014000ac10 f i Framework.exe.obj
 0001:00009c40       _D3std5range52__T5doPutTS3std5array17__T8AppenderTAyaZ8AppenderTwZ5doPutFNaNfKS3std5array17__T8AppenderTAyaZ8AppenderKwZv 000000014000ac40 f i Framework.exe.obj
 0001:00009c70       _D3std5array17__T8AppenderTAyaZ8Appender10__T3putTwZ3putMFNaNfwZv 000000014000ac70 f i Framework.exe.obj
 0001:00009d30       _D3std5array17__T8AppenderTAyaZ8Appender11__T3putTAaZ3putMFNaNbNfAaZv 000000014000ad30 f i Framework.exe.obj
 0001:00009e70       _D3std5array17__T8AppenderTAyaZ8Appender11__T3putTAaZ3putMFNaNbNfAaZv10bigDataFunMFNaNbNeZAa 000000014000ae70 f i Framework.exe.obj
 0001:00009ea0       _D3std6format61__T11formatValueTS3std5array17__T8AppenderTAyaZ8AppenderTkTaZ11formatValueFNaNfS3std5array17__T8AppenderTAyaZ8AppenderkKS3std6format18__T10FormatSpecTaZ10FormatSpecZv 000000014000aea0 f i Framework.exe.obj
 0001:0000a0f0       _D3std6format61__T11formatValueTS3std5array17__T8AppenderTAyaZ8AppenderTkTaZ11formatValueFNaNfS3std5array17__T8AppenderTAyaZ8AppenderkKS3std6format18__T10FormatSpecTaZ10FormatSpecZv16__T9__lambda4TkZ9__lambda4FNaNbNeKkZAxa 000000014000b0f0 f i Framework.exe.obj
 0001:0000a110       _D3std6format61__T11formatValueTS3std5array17__T8AppenderTAyaZ8AppenderTkTaZ11formatValueFNaNfS3std5array17__T8AppenderTAyaZ8AppenderkKS3std6format18__T10FormatSpecTaZ10FormatSpecZv12__dgliteral5MFNaNbNfZAya 000000014000b110 f i Framework.exe.obj
 0001:0000a130       _D3std5range51__T3putTS3std5array17__T8AppenderTAyaZ8AppenderTxaZ3putFNaNbNfKS3std5array17__T8AppenderTAyaZ8AppenderxaZv 000000014000b130 f i Framework.exe.obj
 0001:0000a160       _D3std5range53__T5doPutTS3std5array17__T8AppenderTAyaZ8AppenderTxaZ5doPutFNaNbNfKS3std5array17__T8AppenderTAyaZ8AppenderKxaZv 000000014000b160 f i Framework.exe.obj
 0001:0000a190       _D3std5array17__T8AppenderTAyaZ8Appender11__T3putTxaZ3putMFNaNbNfxaZv 000000014000b190 f i Framework.exe.obj
 0001:0000a2a0       _D3std5array17__T8AppenderTAyaZ8Appender11__T3putTxaZ3putMFNaNbNfxaZv10bigDataFunMFNaNbNeZAa 000000014000b2a0 f i Framework.exe.obj
 0001:0000a2e0       _D3std5array17__T8AppenderTAyaZ8Appender11__T3putTxaZ3putMFNaNbNfxaZv5uitemMFNaNbNdNeZa 000000014000b2e0 f i Framework.exe.obj
 0001:0000a2f0       _D3std6format64__T14formatIntegralTS3std5array17__T8AppenderTAyaZ8AppenderTmTaZ14formatIntegralFNaNbNfS3std5array17__T8AppenderTAyaZ8AppenderxmKS3std6format18__T10FormatSpecTaZ10FormatSpeckmZv 000000014000b2f0 f i Framework.exe.obj
 0001:0000a350       _D3std6format62__T14formatUnsignedTS3std5array17__T8AppenderTAyaZ8AppenderTaZ14formatUnsignedFNaNbNfS3std5array17__T8AppenderTAyaZ8AppendermKS3std6format18__T10FormatSpecTaZ10FormatSpeckbZv 000000014000b350 f i Framework.exe.obj
 0001:0000a8d0       _D3std5range50__T3putTS3std5array17__T8AppenderTAyaZ8AppenderTaZ3putFNaNbNfKS3std5array17__T8AppenderTAyaZ8AppenderaZv 000000014000b8d0 f i Framework.exe.obj
 0001:0000a900       _D3std5range52__T5doPutTS3std5array17__T8AppenderTAyaZ8AppenderTaZ5doPutFNaNbNfKS3std5array17__T8AppenderTAyaZ8AppenderKaZv 000000014000b900 f i Framework.exe.obj
 0001:0000a930       _D3std5array17__T8AppenderTAyaZ8Appender10__T3putTaZ3putMFNaNbNfaZv 000000014000b930 f i Framework.exe.obj
 0001:0000aa40       _D3std5array17__T8AppenderTAyaZ8Appender10__T3putTaZ3putMFNaNbNfaZv10bigDataFunMFNaNbNeZAa 000000014000ba40 f i Framework.exe.obj
 0001:0000aa80       _D3std5array17__T8AppenderTAyaZ8Appender10__T3putTaZ3putMFNaNbNfaZv5uitemMFNbNdNeZa 000000014000ba80 f i Framework.exe.obj
 0001:0000aa90       _D3std5range51__T3putTS3std5array17__T8AppenderTAyaZ8AppenderTAaZ3putFNaNbNfKS3std5array17__T8AppenderTAyaZ8AppenderAaZv 000000014000ba90 f i Framework.exe.obj
 0001:0000aab0       _D3std5range53__T5doPutTS3std5array17__T8AppenderTAyaZ8AppenderTAaZ5doPutFNaNbNfKS3std5array17__T8AppenderTAyaZ8AppenderKAaZv 000000014000bab0 f i Framework.exe.obj
 0001:0000ab00       _D3std4conv21__T4textTAyaTAyaTAyaZ4textFNaNbNfAyaAyaAyaZAya 000000014000bb00 f i Framework.exe.obj
 0001:0000ab80       _D3std4conv29__T8textImplTAyaTAyaTAyaTAyaZ8textImplFNaNbNfAyaAyaAyaZAya 000000014000bb80 f i Framework.exe.obj
 0001:0000ac90       _D3std4conv16__T5parseTkTAxaZ5parseFNaNfKAxaZk 000000014000bc90 f i Framework.exe.obj
 0001:0000aea0       _D3std4conv20__T9convErrorTAxaTkZ9convErrorFNaNfAxaAyamZC3std4conv13ConvException 000000014000bea0 f i Framework.exe.obj
 0001:0000afd0       _D3std9exception44__T9enforceExTC3std6format15FormatExceptionZ16__T9enforceExTmZ9enforceExFNaNfmLAyaAyamZm 000000014000bfd0 f i Framework.exe.obj
 0001:0000b0a0       _D3std10functional33__T9binaryFunVAyaa6_61203d3d2062Z18__T9binaryFunTwTaZ9binaryFunFNaNbNfwaZb 000000014000c0a0 f i Framework.exe.obj
 0001:0000b0c0       _D3std9algorithm41__T10startsWithVAyaa6_61203d3d2062TAxaTaZ10startsWithFNaNfAxaaZb 000000014000c0c0 f i Framework.exe.obj
 0001:0000b160       _D3std4conv9__T2toThZ10__T2toTxkZ2toFNaNfxkZh 000000014000c160 f i Framework.exe.obj
 0001:0000b180       _D3std4conv16__T6toImplThTxkZ6toImplFNaNfxkZh 000000014000c180 f i Framework.exe.obj
 0001:0000b250       _D3std4conv16__T6toImplThTxkZ6toImplFNaNfxkZh17__T9__lambda2TxkZ9__lambda2FNaNbNeKxkZh 000000014000c250 f i Framework.exe.obj
 0001:0000b260       _D3std4conv16__T5parseThTAxaZ5parseFNaNfKAxaZh 000000014000c260 f i Framework.exe.obj
 0001:0000b3b0       _D3std4conv16__T5parseThTAxaZ5parseFNaNfKAxaZh9__lambda2MFNbNeZh 000000014000c3b0 f i Framework.exe.obj
 0001:0000b3c0       _D3std4conv20__T9convErrorTAxaThZ9convErrorFNaNfAxaAyamZC3std4conv13ConvException 000000014000c3c0 f i Framework.exe.obj
 0001:0000b4f0       _D3std4conv9__T2toTiZ10__T2toTxkZ2toFNaNfxkZi 000000014000c4f0 f i Framework.exe.obj
 0001:0000b510       _D3std4conv16__T6toImplTiTxkZ6toImplFNaNfxkZi 000000014000c510 f i Framework.exe.obj
 0001:0000b570       _D3std4conv16__T6toImplTiTxkZ6toImplFNaNfxkZi12__dgliteral2MFNaNbNfZC6object9Throwable 000000014000c570 f i Framework.exe.obj
 0001:0000b600       _D3std9exception14__T7enforceTbZ7enforceFNaNfbLC6object9ThrowableZb 000000014000c600 f i Framework.exe.obj
 0001:0000b650       _D3std4conv13__T4textTAxaZ4textFNaNfAxaZAya 000000014000c650 f i Framework.exe.obj
 0001:0000b690       _D3std4conv21__T8textImplTAyaTAxaZ8textImplFNaNfAxaZAya 000000014000c690 f i Framework.exe.obj
 0001:0000b6d0       _D3std9exception50__T12assertThrownTC3std6format15FormatExceptionTbZ12assertThrownFNaNfLbAyaAyamZv 000000014000c6d0 f i Framework.exe.obj
 0001:0000b8c0       _D3std6string25__T6formatTaTAyaTAyaTAyaZ6formatFNaNfxAaAyaAyaAyaZAya 000000014000c8c0 f i Framework.exe.obj
 0001:0000b9e0       _D3std6string25__T6formatTaTAyaTAyaTAyaZ6formatFNaNfxAaAyaAyaAyaZAya12__dgliteral6MFNaNfZC6object9Throwable 000000014000c9e0 f i Framework.exe.obj
 0001:0000bb10       _D3std6format74__T14formattedWriteTS3std5array17__T8AppenderTAyaZ8AppenderTaTAyaTAyaTAyaZ14formattedWriteFNaNfS3std5array17__T8AppenderTAyaZ8AppenderxAaAyaAyaAyaZk 000000014000cb10 f i Framework.exe.obj
 0001:0000c290       _D3std6format74__T14formattedWriteTS3std5array17__T8AppenderTAyaZ8AppenderTaTAyaTAyaTAyaZ14formattedWriteFNaNfS3std5array17__T8AppenderTAyaZ8AppenderxAaAyaAyaAyaZk9__lambda7FNaNbNeZPFNaNbNfS3std5array17__T8AppenderTAyaZ8AppenderPxvKS3std6format18__T10FormatSpecTaZ10FormatSpecZv 000000014000d290 f i Framework.exe.obj
 0001:0000c2a0       _D3std6format74__T14formattedWriteTS3std5array17__T8AppenderTAyaZ8AppenderTaTAyaTAyaTAyaZ14formattedWriteFNaNfS3std5array17__T8AppenderTAyaZ8AppenderxAaAyaAyaAyaZk18__T9__lambda8TAyaZ9__lambda8FNaNbNeKAyaZxPv 000000014000d2a0 f i Framework.exe.obj
 0001:0000c2b0       _D3std6format74__T14formattedWriteTS3std5array17__T8AppenderTAyaZ8AppenderTaTAyaTAyaTAyaZ14formattedWriteFNaNfS3std5array17__T8AppenderTAyaZ8AppenderxAaAyaAyaAyaZk9__lambda9FNaNbNeZPFNaNbNfS3std5array17__T8AppenderTAyaZ8AppenderPxvKS3std6format18__T10FormatSpecTaZ10FormatSpecZv 000000014000d2b0 f i Framework.exe.obj
 0001:0000c2c0       _D3std6format74__T14formattedWriteTS3std5array17__T8AppenderTAyaZ8AppenderTaTAyaTAyaTAyaZ14formattedWriteFNaNfS3std5array17__T8AppenderTAyaZ8AppenderxAaAyaAyaAyaZk20__T10__lambda10TAyaZ10__lambda10FNaNbNeKAyaZxPv 000000014000d2c0 f i Framework.exe.obj
 0001:0000c2d0       _D3std6format74__T14formattedWriteTS3std5array17__T8AppenderTAyaZ8AppenderTaTAyaTAyaTAyaZ14formattedWriteFNaNfS3std5array17__T8AppenderTAyaZ8AppenderxAaAyaAyaAyaZk10__lambda11FNaNbNeZPFNaNbNfS3std5array17__T8AppenderTAyaZ8AppenderPxvKS3std6format18__T10FormatSpecTaZ10FormatSpecZv 000000014000d2d0 f i Framework.exe.obj
 0001:0000c2e0       _D3std6format74__T14formattedWriteTS3std5array17__T8AppenderTAyaZ8AppenderTaTAyaTAyaTAyaZ14formattedWriteFNaNfS3std5array17__T8AppenderTAyaZ8AppenderxAaAyaAyaAyaZk20__T10__lambda12TAyaZ10__lambda12FNaNbNeKAyaZxPv 000000014000d2e0 f i Framework.exe.obj
 0001:0000c2f0       _D3std6format74__T14formattedWriteTS3std5array17__T8AppenderTAyaZ8AppenderTaTAyaTAyaTAyaZ14formattedWriteFNaNfS3std5array17__T8AppenderTAyaZ8AppenderxAaAyaAyaAyaZk13__dgliteral13MFNaNfZAya 000000014000d2f0 f i Framework.exe.obj
 0001:0000c360       _D3std6format65__T13formatGenericTS3std5array17__T8AppenderTAyaZ8AppenderTAyaTaZ13formatGenericFNaS3std5array17__T8AppenderTAyaZ8AppenderPxvKS3std6format18__T10FormatSpecTaZ10FormatSpecZv 000000014000d360 f i Framework.exe.obj
 0001:0000c3a0       _D3std6format63__T11formatValueTS3std5array17__T8AppenderTAyaZ8AppenderTAyaTaZ11formatValueFNaNfS3std5array17__T8AppenderTAyaZ8AppenderAyaKS3std6format18__T10FormatSpecTaZ10FormatSpecZv 000000014000d3a0 f i Framework.exe.obj
 0001:0000c3f0       _D3std5array16__T8popFrontTyaZ8popFrontFNaNbNeKAyaZv 000000014000d3f0 f i Framework.exe.obj
 0001:0000c550       _D3std5array13__T5frontTyaZ5frontFNaNdNfAyaZw 000000014000d550 f i Framework.exe.obj
 0001:0000c5b0       _D3std3utf15__T6decodeTAyaZ6decodeFNaNeKAyaKmZw 000000014000d5b0 f i Framework.exe.obj
 0001:0000c6c0       _D3std3utf23__T10decodeImplVb1TAyaZ10decodeImplFNaKAyaKmZw 000000014000d6c0 f i Framework.exe.obj
 0001:0000ca00       _D3std3utf23__T10decodeImplVb1TAyaZ10decodeImplFNaKAyaKmZw10invalidUTFMFZC3std3utf12UTFException 000000014000da00 f i Framework.exe.obj
 0001:0000ca70       _D3std3utf23__T10decodeImplVb1TAyaZ10decodeImplFNaKAyaKmZw11outOfBoundsMFZC3std3utf12UTFException 000000014000da70 f i Framework.exe.obj
 0001:0000cae0       _D3std3utf23__T10decodeImplVb1TAyaZ10decodeImplFNaKAyaKmZw18__T9exceptionTAyaZ9exceptionFNaNfAyaAyaZC3std3utf12UTFException 000000014000dae0 f i Framework.exe.obj
 0001:0000cc80       _D3std6format63__T11formatRangeTS3std5array17__T8AppenderTAyaZ8AppenderTAyaTaZ11formatRangeFNaNfKS3std5array17__T8AppenderTAyaZ8AppenderKAyaKS3std6format18__T10FormatSpecTaZ10FormatSpecZv 000000014000dc80 f i Framework.exe.obj
 0001:0000d2b0       _D3std5range52__T3putTS3std5array17__T8AppenderTAyaZ8AppenderTAyaZ3putFNaNbNfKS3std5array17__T8AppenderTAyaZ8AppenderAyaZv 000000014000e2b0 f i Framework.exe.obj
 0001:0000d2d0       _D3std5range54__T5doPutTS3std5array17__T8AppenderTAyaZ8AppenderTAyaZ5doPutFNaNbNfKS3std5array17__T8AppenderTAyaZ8AppenderKAyaZv 000000014000e2d0 f i Framework.exe.obj
 0001:0000d320       _D3std5array17__T8AppenderTAyaZ8Appender12__T3putTAyaZ3putMFNaNbNfAyaZv 000000014000e320 f i Framework.exe.obj
 0001:0000d460       _D3std5array17__T8AppenderTAyaZ8Appender12__T3putTAyaZ3putMFNaNbNfAyaZv10bigDataFunMFNaNbNeZAa 000000014000e460 f i Framework.exe.obj
 0001:0000d490       _D3std6format62__T11formatValueTS3std5array17__T8AppenderTAyaZ8AppenderTyaTaZ11formatValueFNaNfS3std5array17__T8AppenderTAyaZ8AppenderyaKS3std6format18__T10FormatSpecTaZ10FormatSpecZv 000000014000e490 f i Framework.exe.obj
 0001:0000d4e0       _D3std5range51__T3putTS3std5array17__T8AppenderTAyaZ8AppenderTyaZ3putFNaNbNfKS3std5array17__T8AppenderTAyaZ8AppenderyaZv 000000014000e4e0 f i Framework.exe.obj
 0001:0000d510       _D3std5range53__T5doPutTS3std5array17__T8AppenderTAyaZ8AppenderTyaZ5doPutFNaNbNfKS3std5array17__T8AppenderTAyaZ8AppenderKyaZv 000000014000e510 f i Framework.exe.obj
 0001:0000d540       _D3std5array17__T8AppenderTAyaZ8Appender11__T3putTyaZ3putMFNaNbNfyaZv 000000014000e540 f i Framework.exe.obj
 0001:0000d650       _D3std5array17__T8AppenderTAyaZ8Appender11__T3putTyaZ3putMFNaNbNfyaZv10bigDataFunMFNaNbNeZAa 000000014000e650 f i Framework.exe.obj
 0001:0000d690       _D3std5array17__T8AppenderTAyaZ8Appender11__T3putTyaZ3putMFNaNbNfyaZv5uitemMFNaNbNdNeZa 000000014000e690 f i Framework.exe.obj
 0001:0000d6a0       _D3std6format61__T11formatValueTS3std5array17__T8AppenderTAyaZ8AppenderThTaZ11formatValueFNaNfS3std5array17__T8AppenderTAyaZ8AppenderhKS3std6format18__T10FormatSpecTaZ10FormatSpecZv 000000014000e6a0 f i Framework.exe.obj
 0001:0000d8f0       _D3std6format61__T11formatValueTS3std5array17__T8AppenderTAyaZ8AppenderThTaZ11formatValueFNaNfS3std5array17__T8AppenderTAyaZ8AppenderhKS3std6format18__T10FormatSpecTaZ10FormatSpecZv16__T9__lambda4ThZ9__lambda4FNaNbNeKhZAxa 000000014000e8f0 f i Framework.exe.obj
 0001:0000d910       _D3std6format61__T11formatValueTS3std5array17__T8AppenderTAyaZ8AppenderThTaZ11formatValueFNaNfS3std5array17__T8AppenderTAyaZ8AppenderhKS3std6format18__T10FormatSpecTaZ10FormatSpecZv12__dgliteral5MFNaNbNfZAya 000000014000e910 f i Framework.exe.obj
 0001:0000d930       _D3std6format18__T10FormatSpecTaZ10FormatSpec63__T17writeUpToNextSpecTS3std5array17__T8AppenderTAyaZ8AppenderZ17writeUpToNextSpecMFNaNfS3std5array17__T8AppenderTAyaZ8AppenderZb 000000014000e930 f i Framework.exe.obj
 0001:0000dc80       _D3std6format18__T10FormatSpecTaZ10FormatSpec63__T17writeUpToNextSpecTS3std5array17__T8AppenderTAyaZ8AppenderZ17writeUpToNextSpecMFNaNfS3std5array17__T8AppenderTAyaZ8AppenderZb12__dgliteral2MFNaNbNfZAya 000000014000ec80 f i Framework.exe.obj
 0001:0000dca0       _D3std5range52__T3putTS3std5array17__T8AppenderTAyaZ8AppenderTAxaZ3putFNaNbNfKS3std5array17__T8AppenderTAyaZ8AppenderAxaZv 000000014000eca0 f i Framework.exe.obj
 0001:0000dcc0       _D3std5range54__T5doPutTS3std5array17__T8AppenderTAyaZ8AppenderTAxaZ5doPutFNaNbNfKS3std5array17__T8AppenderTAyaZ8AppenderKAxaZv 000000014000ecc0 f i Framework.exe.obj
 0001:0000dd10       _D3std5array17__T8AppenderTAyaZ8Appender12__T3putTAxaZ3putMFNaNbNfAxaZv 000000014000ed10 f i Framework.exe.obj
 0001:0000de50       _D3std5array17__T8AppenderTAyaZ8Appender12__T3putTAxaZ3putMFNaNbNfAxaZv10bigDataFunMFNaNbNeZAa 000000014000ee50 f i Framework.exe.obj
 0001:0000de80       _D3std6format63__T13formatElementTS3std5array17__T8AppenderTAyaZ8AppenderTwTaZ13formatElementFNaNfS3std5array17__T8AppenderTAyaZ8AppenderwKS3std6format18__T10FormatSpecTaZ10FormatSpecZv 000000014000ee80 f i Framework.exe.obj
 0001:0000df10       _D3std6format56__T10formatCharTS3std5array17__T8AppenderTAyaZ8AppenderZ10formatCharFNaNfS3std5array17__T8AppenderTAyaZ8AppenderxwxaZv 000000014000ef10 f i Framework.exe.obj
 0001:0000e220       _D3std5range51__T3putTS3std5array17__T8AppenderTAyaZ8AppenderTxwZ3putFNaNfKS3std5array17__T8AppenderTAyaZ8AppenderxwZv 000000014000f220 f i Framework.exe.obj
 0001:0000e250       _D3std5range53__T5doPutTS3std5array17__T8AppenderTAyaZ8AppenderTxwZ5doPutFNaNfKS3std5array17__T8AppenderTAyaZ8AppenderKxwZv 000000014000f250 f i Framework.exe.obj
 0001:0000e280       _D3std5array17__T8AppenderTAyaZ8Appender11__T3putTxwZ3putMFNaNfxwZv 000000014000f280 f i Framework.exe.obj
 0001:0000e340       _D3std6format64__T14formattedWriteTS3std5array17__T8AppenderTAyaZ8AppenderTaTkZ14formattedWriteFNaNfS3std5array17__T8AppenderTAyaZ8AppenderxAakZk 000000014000f340 f i Framework.exe.obj
 0001:0000e850       _D3std6format64__T14formattedWriteTS3std5array17__T8AppenderTAyaZ8AppenderTaTkZ14formattedWriteFNaNfS3std5array17__T8AppenderTAyaZ8AppenderxAakZk9__lambda5FNaNbNeZPFNaNbNfS3std5array17__T8AppenderTAyaZ8AppenderPxvKS3std6format18__T10FormatSpecTaZ10FormatSpecZv 000000014000f850 f i Framework.exe.obj
 0001:0000e860       _D3std6format64__T14formattedWriteTS3std5array17__T8AppenderTAyaZ8AppenderTaTkZ14formattedWriteFNaNfS3std5array17__T8AppenderTAyaZ8AppenderxAakZk16__T9__lambda6TkZ9__lambda6FNaNbNeKkZxPv 000000014000f860 f i Framework.exe.obj
 0001:0000e870       _D3std6format64__T14formattedWriteTS3std5array17__T8AppenderTAyaZ8AppenderTaTkZ14formattedWriteFNaNfS3std5array17__T8AppenderTAyaZ8AppenderxAakZk12__dgliteral7MFNaNfZAya 000000014000f870 f i Framework.exe.obj
 0001:0000e8e0       _D3std6format63__T13formatGenericTS3std5array17__T8AppenderTAyaZ8AppenderTkTaZ13formatGenericFNaS3std5array17__T8AppenderTAyaZ8AppenderPxvKS3std6format18__T10FormatSpecTaZ10FormatSpecZv 000000014000f8e0 f i Framework.exe.obj
 0001:0000e900       _D3std6format16__T9getNthIntTkZ9getNthIntFNaNfkkZi 000000014000f900 f i Framework.exe.obj
 0001:0000e940       _D3std6format14__T9getNthIntZ9getNthIntFNaNfkZi 000000014000f940 f i Framework.exe.obj
 0001:0000e9f0       _D3std4conv9__T2toTiZ9__T2toTkZ2toFNaNfkZi 000000014000f9f0 f i Framework.exe.obj
 0001:0000ea10       _D3std4conv15__T6toImplTiTkZ6toImplFNaNfkZi 000000014000fa10 f i Framework.exe.obj
 0001:0000ea70       _D3std4conv15__T6toImplTiTkZ6toImplFNaNfkZi12__dgliteral2MFNaNbNfZC6object9Throwable 000000014000fa70 f i Framework.exe.obj
 0001:0000eb00       _D3std4conv9__T2toTiZ9__T2toTiZ2toFNaNbNfiZi 000000014000fb00 f i Framework.exe.obj
 0001:0000eb20       _D3std4conv15__T6toImplTiTiZ6toImplFNaNbNfiZi 000000014000fb20 f i Framework.exe.obj
 0001:0000eb30       _D3std6format58__T9formatNthTS3std5array17__T8AppenderTAyaZ8AppenderTaTkZ9formatNthFNaNfS3std5array17__T8AppenderTAyaZ8AppenderKS3std6format18__T10FormatSpecTaZ10FormatSpecmkZv 000000014000fb30 f i Framework.exe.obj
 0001:0000ec10       _D3std6format58__T9formatNthTS3std5array17__T8AppenderTAyaZ8AppenderTaTkZ9formatNthFNaNfS3std5array17__T8AppenderTAyaZ8AppenderKS3std6format18__T10FormatSpecTaZ10FormatSpecmkZv15__T7gencodeVm1Z7gencodeFNaNfZAya 000000014000fc10 f i Framework.exe.obj
 0001:0000ed10       _D3std4conv11__T2toTAyaZ9__T2toTmZ2toFNaNfmZAya 000000014000fd10 f i Framework.exe.obj
 0001:0000ed30       _D3std4conv17__T6toImplTAyaTmZ6toImplFNaNfmZAya 000000014000fd30 f i Framework.exe.obj
 0001:0000ed60       _D3std4conv17__T6toImplTAyaTmZ6toImplFNaNemkE3std5ascii10LetterCaseZAya 000000014000fd60 f i Framework.exe.obj
 0001:0000eeb0       _D3std4conv17__T6toImplTAyaTmZ6toImplFNaNemkE3std5ascii10LetterCaseZAya12__dgliteral4MFNaNbNfZC6object9Throwable 000000014000feb0 f i Framework.exe.obj
 0001:0000ef40       _D3std4conv17__T6toImplTAyaTmZ6toImplFNaNemkE3std5ascii10LetterCaseZAya37__T20toStringRadixConvertVm25Vi10Vb1Z20toStringRadixConvertMFkZAya 000000014000ff40 f i Framework.exe.obj
 0001:0000f090       _D3std4conv15__T8unsignedTmZ8unsignedFNaNbNfmZm 0000000140010090 f i Framework.exe.obj
 0001:0000f0a0       _D3std4conv17__T6toImplTAyaTmZ6toImplFNaNemkE3std5ascii10LetterCaseZAya34__T20toStringRadixConvertVm24Vi10Z20toStringRadixConvertMFkZAya 00000001400100a0 f i Framework.exe.obj
 0001:0000f1c0       _D3std4conv17__T6toImplTAyaTmZ6toImplFNaNemkE3std5ascii10LetterCaseZAya34__T20toStringRadixConvertVm16Vi16Z20toStringRadixConvertMFkZAya 00000001400101c0 f i Framework.exe.obj
 0001:0000f300       _D3std4conv17__T6toImplTAyaTmZ6toImplFNaNemkE3std5ascii10LetterCaseZAya33__T20toStringRadixConvertVm64Vi2Z20toStringRadixConvertMFkZAya 0000000140010300 f i Framework.exe.obj
 0001:0000f400       _D3std4conv17__T6toImplTAyaTmZ6toImplFNaNemkE3std5ascii10LetterCaseZAya33__T20toStringRadixConvertVm24Vi8Z20toStringRadixConvertMFkZAya 0000000140010400 f i Framework.exe.obj
 0001:0000f510       _D3std4conv17__T6toImplTAyaTmZ6toImplFNaNemkE3std5ascii10LetterCaseZAya30__T20toStringRadixConvertVm48Z20toStringRadixConvertMFkZAya 0000000140010510 f i Framework.exe.obj
 0001:0000f660       _D3std4conv15__T4textTAyaTaZ4textFNaNfAyaaZAya 0000000140010660 f i Framework.exe.obj
 0001:0000f6a0       _D3std4conv23__T8textImplTAyaTAyaTaZ8textImplFNaNfAyaaZAya 00000001400106a0 f i Framework.exe.obj
 0001:0000f740       _D3std4conv11__T2toTAyaZ9__T2toTaZ2toFNaNfaZAya 0000000140010740 f i Framework.exe.obj
 0001:0000f760       _D3std4conv17__T6toImplTAyaTaZ6toImplFNaNfaZAya 0000000140010760 f i Framework.exe.obj
 0001:0000f780       _D3std4conv16__T5toStrTAyaTaZ5toStrFNaNfaZAya 0000000140010780 f i Framework.exe.obj
 0001:0000f800       _D3std6format61__T11formatValueTS3std5array17__T8AppenderTAyaZ8AppenderTaTaZ11formatValueFNaNfS3std5array17__T8AppenderTAyaZ8AppenderaKS3std6format18__T10FormatSpecTaZ10FormatSpecZv 0000000140010800 f i Framework.exe.obj
 0001:0000f850       _D3std6format26__T9getNthIntTAyaTAyaTAyaZ9getNthIntFNaNfkAyaAyaAyaZi 0000000140010850 f i Framework.exe.obj
 0001:0000f960       _D3std6format22__T9getNthIntTAyaTAyaZ9getNthIntFNaNfkAyaAyaZi 0000000140010960 f i Framework.exe.obj
 0001:0000fa50       _D3std6format18__T9getNthIntTAyaZ9getNthIntFNaNfkAyaZi 0000000140010a50 f i Framework.exe.obj
 0001:0000fb30       _D3std6format68__T9formatNthTS3std5array17__T8AppenderTAyaZ8AppenderTaTAyaTAyaTAyaZ9formatNthFNaNfS3std5array17__T8AppenderTAyaZ8AppenderKS3std6format18__T10FormatSpecTaZ10FormatSpecmAyaAyaAyaZv 0000000140010b30 f i Framework.exe.obj
 0001:0000fca0       _D3std6format68__T9formatNthTS3std5array17__T8AppenderTAyaZ8AppenderTaTAyaTAyaTAyaZ9formatNthFNaNfS3std5array17__T8AppenderTAyaZ8AppenderKS3std6format18__T10FormatSpecTaZ10FormatSpecmAyaAyaAyaZv15__T7gencodeVm3Z7gencodeFNaNfZAya 0000000140010ca0 f i Framework.exe.obj
 0001:0000fda0       _D3std4conv25__T4textTAyaTkTAyaTmTAyaZ4textFNaNfAyakAyamAyaZAya 0000000140010da0 f i Framework.exe.obj
 0001:0000fe20       _D3std4conv33__T8textImplTAyaTAyaTkTAyaTmTAyaZ8textImplFNaNfAyakAyamAyaZAya 0000000140010e20 f i Framework.exe.obj
 0001:0000ffd0       _D3std4conv11__T2toTAyaZ9__T2toTkZ2toFNaNfkZAya 0000000140010fd0 f i Framework.exe.obj
 0001:0000fff0       _D3std4conv17__T6toImplTAyaTkZ6toImplFNaNfkZAya 0000000140010ff0 f i Framework.exe.obj
 0001:00010020       _D3std4conv17__T6toImplTAyaTkZ6toImplFNaNekkE3std5ascii10LetterCaseZAya 0000000140011020 f i Framework.exe.obj
 0001:00010170       _D3std4conv17__T6toImplTAyaTkZ6toImplFNaNekkE3std5ascii10LetterCaseZAya12__dgliteral4MFNaNbNfZC6object9Throwable 0000000140011170 f i Framework.exe.obj
 0001:00010200       _D3std4conv17__T6toImplTAyaTkZ6toImplFNaNekkE3std5ascii10LetterCaseZAya37__T20toStringRadixConvertVm13Vi10Vb1Z20toStringRadixConvertMFkZAya 0000000140011200 f i Framework.exe.obj
 0001:00010360       _D3std4conv15__T8unsignedTkZ8unsignedFNaNbNfkZk 0000000140011360 f i Framework.exe.obj
 0001:00010370       _D3std4conv17__T6toImplTAyaTkZ6toImplFNaNekkE3std5ascii10LetterCaseZAya34__T20toStringRadixConvertVm12Vi10Z20toStringRadixConvertMFkZAya 0000000140011370 f i Framework.exe.obj
 0001:00010490       _D3std4conv17__T6toImplTAyaTkZ6toImplFNaNekkE3std5ascii10LetterCaseZAya33__T20toStringRadixConvertVm8Vi16Z20toStringRadixConvertMFkZAya 0000000140011490 f i Framework.exe.obj
 0001:000105c0       _D3std4conv17__T6toImplTAyaTkZ6toImplFNaNekkE3std5ascii10LetterCaseZAya33__T20toStringRadixConvertVm32Vi2Z20toStringRadixConvertMFkZAya 00000001400115c0 f i Framework.exe.obj
 0001:000106c0       _D3std4conv17__T6toImplTAyaTkZ6toImplFNaNekkE3std5ascii10LetterCaseZAya33__T20toStringRadixConvertVm12Vi8Z20toStringRadixConvertMFkZAya 00000001400116c0 f i Framework.exe.obj
 0001:000107c0       _D3std4conv17__T6toImplTAyaTkZ6toImplFNaNekkE3std5ascii10LetterCaseZAya30__T20toStringRadixConvertVm24Z20toStringRadixConvertMFkZAya 00000001400117c0 f i Framework.exe.obj
 0001:00010910       _D3std6format62__T11formatValueTS3std5array17__T8AppenderTAyaZ8AppenderTxhTaZ11formatValueFNaNfS3std5array17__T8AppenderTAyaZ8AppenderxhKS3std6format18__T10FormatSpecTaZ10FormatSpecZv 0000000140011910 f i Framework.exe.obj
 0001:00010b60       _D3std6format62__T11formatValueTS3std5array17__T8AppenderTAyaZ8AppenderTxhTaZ11formatValueFNaNfS3std5array17__T8AppenderTAyaZ8AppenderxhKS3std6format18__T10FormatSpecTaZ10FormatSpecZv17__T9__lambda4TxhZ9__lambda4FNaNbNeKxhZAxa 0000000140011b60 f i Framework.exe.obj
 0001:00010b80       _D3std6format62__T11formatValueTS3std5array17__T8AppenderTAyaZ8AppenderTxhTaZ11formatValueFNaNfS3std5array17__T8AppenderTAyaZ8AppenderxhKS3std6format18__T10FormatSpecTaZ10FormatSpecZv12__dgliteral5MFNaNbNfZAya 0000000140011b80 f i Framework.exe.obj
 0001:00010ba0       _D3std6format62__T11formatValueTS3std5array17__T8AppenderTAyaZ8AppenderTxiTaZ11formatValueFNaNfS3std5array17__T8AppenderTAyaZ8AppenderxiKS3std6format18__T10FormatSpecTaZ10FormatSpecZv 0000000140011ba0 f i Framework.exe.obj
 0001:00010df0       _D3std6format62__T11formatValueTS3std5array17__T8AppenderTAyaZ8AppenderTxiTaZ11formatValueFNaNfS3std5array17__T8AppenderTAyaZ8AppenderxiKS3std6format18__T10FormatSpecTaZ10FormatSpecZv17__T9__lambda4TxiZ9__lambda4FNaNbNeKxiZAxa 0000000140011df0 f i Framework.exe.obj
 0001:00010e10       _D3std6format62__T11formatValueTS3std5array17__T8AppenderTAyaZ8AppenderTxiTaZ11formatValueFNaNfS3std5array17__T8AppenderTAyaZ8AppenderxiKS3std6format18__T10FormatSpecTaZ10FormatSpecZv12__dgliteral5MFNaNbNfZAya 0000000140011e10 f i Framework.exe.obj
 0001:00010e30       _D3std6format64__T14formatIntegralTS3std5array17__T8AppenderTAyaZ8AppenderTlTaZ14formatIntegralFNaNbNfS3std5array17__T8AppenderTAyaZ8AppenderxlKS3std6format18__T10FormatSpecTaZ10FormatSpeckmZv 0000000140011e30 f i Framework.exe.obj
 0001:00010ec0       _D3std5array20__T8appenderTAxaTxaZ8appenderFNaNbNfZS3std5array17__T8AppenderTAxaZ8Appender 0000000140011ec0 f i Framework.exe.obj
 0001:00010f30       _D3std5array17__T8AppenderTAxaZ8Appender4Data11__xopEqualsFKxS3std5array17__T8AppenderTAxaZ8Appender4DataKxS3std5array17__T8AppenderTAxaZ8Appender4DataZb 0000000140011f30 f i Framework.exe.obj
 0001:00010fa0       _D3std5array17__T8AppenderTAxaZ8Appender6__ctorMFNaNbNcNfAaZS3std5array17__T8AppenderTAxaZ8Appender 0000000140011fa0 f i Framework.exe.obj
 0001:000110b0       _D3std5array17__T8AppenderTAxaZ8Appender6__ctorMFNaNbNcNfAaZS3std5array17__T8AppenderTAxaZ8Appender9__lambda2MFNbNeZm 00000001400120b0 f i Framework.exe.obj
 0001:000110f0       _D3std5array17__T8AppenderTAxaZ8Appender6__ctorMFNaNbNcNfAaZS3std5array17__T8AppenderTAxaZ8Appender9__lambda3MFNbNeZAa 00000001400120f0 f i Framework.exe.obj
 0001:00011110       _D3std5array17__T8AppenderTAxaZ8Appender7reserveMFNaNbNfmZv 0000000140012110 f i Framework.exe.obj
 0001:00011190       _D3std5array17__T8AppenderTAxaZ8Appender8capacityMxFNaNbNdNfZm 0000000140012190 f i Framework.exe.obj
 0001:000111e0       _D3std5array17__T8AppenderTAxaZ8Appender4dataMNgFNaNbNdNeZANgxa 00000001400121e0 f i Framework.exe.obj
 0001:00011240       _D3std5array17__T8AppenderTAxaZ8Appender13ensureAddableMFNaNbNfmZv 0000000140012240 f i Framework.exe.obj
 0001:00011430       _D3std5array17__T8AppenderTAxaZ8Appender13ensureAddableMFNaNbNfmZv9__lambda2MFNbNeZm 0000000140012430 f i Framework.exe.obj
 0001:00011450       _D3std5array17__T8AppenderTAxaZ8Appender13ensureAddableMFNaNbNfmZv9__lambda3MFNbNeZm 0000000140012450 f i Framework.exe.obj
 0001:000114b0       _D3std5array17__T8AppenderTAxaZ8Appender13ensureAddableMFNaNbNfmZv9__lambda4MFNbNeZS4core6memory8BlkInfo_ 00000001400124b0 f i Framework.exe.obj
 0001:00011560       _D3std5array17__T8AppenderTAxaZ8Appender13ensureAddableMFNaNbNfmZv9__lambda5MFNbNeZv 0000000140012560 f i Framework.exe.obj
 0001:000115b0       _D3std5array17__T8AppenderTAxaZ8Appender13ensureAddableMFNaNbNfmZv9__lambda6MFNbNeZAa 00000001400125b0 f i Framework.exe.obj
 0001:000115d0       _D3std5array17__T8AppenderTAxaZ8Appender10__T3putTaZ3putMFNaNbNfaZv 00000001400125d0 f i Framework.exe.obj
 0001:000116e0       _D3std5array17__T8AppenderTAxaZ8Appender10__T3putTaZ3putMFNaNbNfaZv10bigDataFunMFNaNbNeZAa 00000001400126e0 f i Framework.exe.obj
 0001:00011720       _D3std5array17__T8AppenderTAxaZ8Appender10__T3putTaZ3putMFNaNbNfaZv5uitemMFNbNdNeZa 0000000140012720 f i Framework.exe.obj
 0001:00011730       _D3std5array17__T8AppenderTAxaZ8Appender10__T3putTwZ3putMFNaNfwZv 0000000140012730 f i Framework.exe.obj
 0001:000117f0       _D3std5array17__T8AppenderTAxaZ8Appender11__T3putTAaZ3putMFNaNbNfAaZv 00000001400127f0 f i Framework.exe.obj
 0001:00011930       _D3std5array17__T8AppenderTAxaZ8Appender11__T3putTAaZ3putMFNaNbNfAaZv10bigDataFunMFNaNbNeZAa 0000000140012930 f i Framework.exe.obj
 0001:00011960       _D3std4conv96__T4textTAyaTPvTAyaTiTAyaTiTAyaTaTAyaThTAyaThTAyaTbTAyaTbTAyaTbTAyaTbTAyaTbTAyaTAxaTAyaTAxaTAyaZ4textFNaNfAyaPvAyaiAyaiAyaaAyahAyahAyabAyabAyabAyabAyabAyaAxaAyaAxaAyaZAya 0000000140012960 f i Framework.exe.obj
 0001:00011c30       _D3std4conv104__T8textImplTAyaTAyaTPvTAyaTiTAyaTiTAyaTaTAyaThTAyaThTAyaTbTAyaTbTAyaTbTAyaTbTAyaTbTAyaTAxaTAyaTAxaTAyaZ8textImplFNaNfAyaPvAyaiAyaiAyaaAyahAyahAyabAyabAyabAyabAyabAyaAxaAyaAxaAyaZAya 0000000140012c30 f i Framework.exe.obj
 0001:00012670       _D3std4conv11__T2toTAyaZ10__T2toTPvZ2toFNaNfPvZAya 0000000140013670 f i Framework.exe.obj
 0001:00012690       _D3std4conv18__T6toImplTAyaTPvZ6toImplFNaNfPvZAya 0000000140013690 f i Framework.exe.obj
 0001:000126b0       _D3std4conv17__T5toStrTAyaTPvZ5toStrFNaNfPvZAya 00000001400136b0 f i Framework.exe.obj
 0001:00012730       _D3std6format62__T11formatValueTS3std5array17__T8AppenderTAyaZ8AppenderTPvTaZ11formatValueFNaNfS3std5array17__T8AppenderTAyaZ8AppenderPvKS3std6format18__T10FormatSpecTaZ10FormatSpecZv 0000000140013730 f i Framework.exe.obj
 0001:000128b0       _D3std6format62__T11formatValueTS3std5array17__T8AppenderTAyaZ8AppenderTPvTaZ11formatValueFNaNfS3std5array17__T8AppenderTAyaZ8AppenderPvKS3std6format18__T10FormatSpecTaZ10FormatSpecZv9__lambda4MFNbNeZm 00000001400138b0 f i Framework.exe.obj
 0001:000128c0       _D3std6format62__T11formatValueTS3std5array17__T8AppenderTAyaZ8AppenderTPvTaZ11formatValueFNaNfS3std5array17__T8AppenderTAyaZ8AppenderPvKS3std6format18__T10FormatSpecTaZ10FormatSpecZv12__dgliteral5MFNaNbNfZAya 00000001400138c0 f i Framework.exe.obj
 0001:000128e0       _D3std6format62__T11formatValueTS3std5array17__T8AppenderTAyaZ8AppenderTxmTaZ11formatValueFNaNfS3std5array17__T8AppenderTAyaZ8AppenderxmKS3std6format18__T10FormatSpecTaZ10FormatSpecZv 00000001400138e0 f i Framework.exe.obj
 0001:00012b30       _D3std6format62__T11formatValueTS3std5array17__T8AppenderTAyaZ8AppenderTxmTaZ11formatValueFNaNfS3std5array17__T8AppenderTAyaZ8AppenderxmKS3std6format18__T10FormatSpecTaZ10FormatSpecZv17__T9__lambda4TxmZ9__lambda4FNaNbNeKxmZAxa 0000000140013b30 f i Framework.exe.obj
 0001:00012b50       _D3std6format62__T11formatValueTS3std5array17__T8AppenderTAyaZ8AppenderTxmTaZ11formatValueFNaNfS3std5array17__T8AppenderTAyaZ8AppenderxmKS3std6format18__T10FormatSpecTaZ10FormatSpecZv12__dgliteral5MFNaNbNfZAya 0000000140013b50 f i Framework.exe.obj
 0001:00012b70       _D3std4conv11__T2toTAyaZ9__T2toTiZ2toFNaNfiZAya 0000000140013b70 f i Framework.exe.obj
 0001:00012b90       _D3std4conv17__T6toImplTAyaTiZ6toImplFNaNfiZAya 0000000140013b90 f i Framework.exe.obj
 0001:00012bc0       _D3std4conv17__T6toImplTAyaTiZ6toImplFNaNeikE3std5ascii10LetterCaseZAya 0000000140013bc0 f i Framework.exe.obj
 0001:00012d40       _D3std4conv17__T6toImplTAyaTiZ6toImplFNaNeikE3std5ascii10LetterCaseZAya12__dgliteral4MFNaNbNfZC6object9Throwable 0000000140013d40 f i Framework.exe.obj
 0001:00012dd0       _D3std4conv17__T6toImplTAyaTiZ6toImplFNaNeikE3std5ascii10LetterCaseZAya37__T20toStringRadixConvertVm13Vi10Vb1Z20toStringRadixConvertMFkZAya 0000000140013dd0 f i Framework.exe.obj
 0001:00012f30       _D3std4conv15__T8unsignedTiZ8unsignedFNaNbNfiZk 0000000140013f30 f i Framework.exe.obj
 0001:00012f40       _D3std4conv17__T6toImplTAyaTiZ6toImplFNaNeikE3std5ascii10LetterCaseZAya34__T20toStringRadixConvertVm12Vi10Z20toStringRadixConvertMFkZAya 0000000140013f40 f i Framework.exe.obj
 0001:00013060       _D3std4conv17__T6toImplTAyaTiZ6toImplFNaNeikE3std5ascii10LetterCaseZAya33__T20toStringRadixConvertVm8Vi16Z20toStringRadixConvertMFkZAya 0000000140014060 f i Framework.exe.obj
 0001:00013190       _D3std4conv17__T6toImplTAyaTiZ6toImplFNaNeikE3std5ascii10LetterCaseZAya33__T20toStringRadixConvertVm32Vi2Z20toStringRadixConvertMFkZAya 0000000140014190 f i Framework.exe.obj
 0001:00013290       _D3std4conv17__T6toImplTAyaTiZ6toImplFNaNeikE3std5ascii10LetterCaseZAya33__T20toStringRadixConvertVm12Vi8Z20toStringRadixConvertMFkZAya 0000000140014290 f i Framework.exe.obj
 0001:00013390       _D3std4conv17__T6toImplTAyaTiZ6toImplFNaNeikE3std5ascii10LetterCaseZAya30__T20toStringRadixConvertVm24Z20toStringRadixConvertMFkZAya 0000000140014390 f i Framework.exe.obj
 0001:000134e0       _D3std4conv11__T2toTAyaZ9__T2toThZ2toFNaNfhZAya 00000001400144e0 f i Framework.exe.obj
 0001:00013500       _D3std4conv17__T6toImplTAyaThZ6toImplFNaNfhZAya 0000000140014500 f i Framework.exe.obj
 0001:00013530       _D3std4conv17__T6toImplTAyaThZ6toImplFNaNehkE3std5ascii10LetterCaseZAya 0000000140014530 f i Framework.exe.obj
 0001:00013680       _D3std4conv17__T6toImplTAyaThZ6toImplFNaNehkE3std5ascii10LetterCaseZAya12__dgliteral4MFNaNbNfZC6object9Throwable 0000000140014680 f i Framework.exe.obj
 0001:00013710       _D3std4conv17__T6toImplTAyaThZ6toImplFNaNehkE3std5ascii10LetterCaseZAya36__T20toStringRadixConvertVm4Vi10Vb1Z20toStringRadixConvertMFkZAya 0000000140014710 f i Framework.exe.obj
 0001:00013880       _D3std4conv15__T8unsignedThZ8unsignedFNaNbNfhZh 0000000140014880 f i Framework.exe.obj
 0001:00013890       _D3std4conv17__T6toImplTAyaThZ6toImplFNaNehkE3std5ascii10LetterCaseZAya33__T20toStringRadixConvertVm3Vi10Z20toStringRadixConvertMFkZAya 0000000140014890 f i Framework.exe.obj
 0001:000139c0       _D3std4conv17__T6toImplTAyaThZ6toImplFNaNehkE3std5ascii10LetterCaseZAya33__T20toStringRadixConvertVm2Vi16Z20toStringRadixConvertMFkZAya 00000001400149c0 f i Framework.exe.obj
 0001:00013b10       _D3std4conv17__T6toImplTAyaThZ6toImplFNaNehkE3std5ascii10LetterCaseZAya32__T20toStringRadixConvertVm8Vi2Z20toStringRadixConvertMFkZAya 0000000140014b10 f i Framework.exe.obj
 0001:00013c20       _D3std4conv17__T6toImplTAyaThZ6toImplFNaNehkE3std5ascii10LetterCaseZAya32__T20toStringRadixConvertVm3Vi8Z20toStringRadixConvertMFkZAya 0000000140014c20 f i Framework.exe.obj
 0001:00013d30       _D3std4conv17__T6toImplTAyaThZ6toImplFNaNehkE3std5ascii10LetterCaseZAya29__T20toStringRadixConvertVm6Z20toStringRadixConvertMFkZAya 0000000140014d30 f i Framework.exe.obj
 0001:00013e90       _D3std4conv11__T2toTAyaZ9__T2toTbZ2toFNaNfbZAya 0000000140014e90 f i Framework.exe.obj
 0001:00013eb0       _D3std4conv17__T6toImplTAyaTbZ6toImplFNaNfbZAya 0000000140014eb0 f i Framework.exe.obj
 0001:00013ed0       _D3std4conv16__T5toStrTAyaTbZ5toStrFNaNfbZAya 0000000140014ed0 f i Framework.exe.obj
 0001:00013f50       _D3std6format61__T11formatValueTS3std5array17__T8AppenderTAyaZ8AppenderTbTaZ11formatValueFNaNfS3std5array17__T8AppenderTAyaZ8AppenderbKS3std6format18__T10FormatSpecTaZ10FormatSpecZv 0000000140014f50 f i Framework.exe.obj
 0001:000140d0       _D3std6format61__T11formatValueTS3std5array17__T8AppenderTAyaZ8AppenderTiTaZ11formatValueFNaNfS3std5array17__T8AppenderTAyaZ8AppenderiKS3std6format18__T10FormatSpecTaZ10FormatSpecZv 00000001400150d0 f i Framework.exe.obj
 0001:00014320       _D3std6format61__T11formatValueTS3std5array17__T8AppenderTAyaZ8AppenderTiTaZ11formatValueFNaNfS3std5array17__T8AppenderTAyaZ8AppenderiKS3std6format18__T10FormatSpecTaZ10FormatSpecZv16__T9__lambda4TiZ9__lambda4FNaNbNeKiZAxa 0000000140015320 f i Framework.exe.obj
 0001:00014340       _D3std6format61__T11formatValueTS3std5array17__T8AppenderTAyaZ8AppenderTiTaZ11formatValueFNaNfS3std5array17__T8AppenderTAyaZ8AppenderiKS3std6format18__T10FormatSpecTaZ10FormatSpecZv12__dgliteral5MFNaNbNfZAya 0000000140015340 f i Framework.exe.obj
 0001:00014360       _D3std3uni25__T16SliceOverIndexedTAiZ16SliceOverIndexed69__T8opEqualsTxS3std3uni25__T16SliceOverIndexedTAiZ16SliceOverIndexedZ8opEqualsMxFNaNbNfKxS3std3uni25__T16SliceOverIndexedTAiZ16SliceOverIndexedZb 0000000140015360 f i Framework.exe.obj
 0001:00014480       _D4main9__modtestFZv       0000000140015480 f i Framework.exe.obj
 0001:000144c0       _D4main15__unittest_failFiZv 00000001400154c0 f i Framework.exe.obj
 0001:000144f0       main                       00000001400154f0 f i Framework.exe.obj
 0001:00014510       _D6System6_Class4Type4Type23GetTypeFromHandleUnsafeFS6System6IntPtrZC6System11RuntimeType 0000000140015510 f i Framework.exe.obj
 0001:00014530       _D6System6_Class5Int325Int326__ctorMFZC6System6_Class5Int325Int32 0000000140015530 f i Framework.exe.obj
 0001:00014540       _D6System6_Class5Int325Int326opCastMFZi 0000000140015540 f i Framework.exe.obj
 0001:000145a0       _D6System6_Class5Int325Int326opCallFiZC6System6_Class5Int325Int32 00000001400155a0 f i Framework.exe.obj
 0001:000145f0       _D6System6_Class5Int325Int329CompareToMFC6ObjectZi 00000001400155f0 f i Framework.exe.obj
 0001:000147d0       _D6System6_Class5Int325Int329CompareToMFiZi 00000001400157d0 f i Framework.exe.obj
 0001:00014860       _D6System6_Class5Int325Int326EqualsMFC6ObjectZb 0000000140015860 f i Framework.exe.obj
 0001:00014980       _D6System6_Class5Int325Int326EqualsMFiZb 0000000140015980 f i Framework.exe.obj
 0001:000149f0       _D6System6_Class5Int325Int3211GetHashCodeMFZi 00000001400159f0 f i Framework.exe.obj
 0001:00014a50       _D6System6_Class5Int3215__unittestL70_2FZv 0000000140015a50 f i Framework.exe.obj
 0001:00014c90       _D6System6_Class5Int329__modtestFZv 0000000140015c90 f i Framework.exe.obj
 0001:00014cb0       _D6System6_Class5Int3215__unittest_failFiZv 0000000140015cb0 f i Framework.exe.obj
 0001:00014ce0       _D6System6_Class17ArgumentException17ArgumentException9ParamNameMFNdZAya 0000000140015ce0 f i Framework.exe.obj
 0001:00014d40       _D6System6_Class17ArgumentException17ArgumentException6__ctorMFZC6System6_Class17ArgumentException17ArgumentException 0000000140015d40 f i Framework.exe.obj
 0001:00014dd0       _D6System6_Class17ArgumentException17ArgumentException6__ctorMFAyaZC6System6_Class17ArgumentException17ArgumentException 0000000140015dd0 f i Framework.exe.obj
 0001:00014e40       _D6System6_Class17ArgumentException17ArgumentException6__ctorMFAyaAyaZC6System6_Class17ArgumentException17ArgumentException 0000000140015e40 f i Framework.exe.obj
 0001:00014ec0       _D6System6_Class17ArgumentException17ArgumentException6__ctorMFAyaC9ExceptionZC6System6_Class17ArgumentException17ArgumentException 0000000140015ec0 f i Framework.exe.obj
 0001:00014f30       _D6System6_Class17ArgumentException17ArgumentException6__ctorMFAyaAyaC9ExceptionZC6System6_Class17ArgumentException17ArgumentException 0000000140015f30 f i Framework.exe.obj
 0001:00014fc0       _D6System6_Class17ArgumentException17ArgumentException6__ctorMFC6System17SerializationInfoS6System16StreamingContextZC6System6_Class17ArgumentException17ArgumentException 0000000140015fc0 f i Framework.exe.obj
 0001:00014ff0       _D6System7_Struct11ArgIterator11ArgIterator6__ctorMFNcS6System6IntPtrZS6System7_Struct11ArgIterator11ArgIterator 0000000140015ff0 f i Framework.exe.obj
 0001:00015000       _D6System7_Struct11ArgIterator11ArgIterator6__ctorMFNcS6System6IntPtrPvZS6System7_Struct11ArgIterator11ArgIterator 0000000140016000 f i Framework.exe.obj
 0001:00015010       _D6System7_Struct11ArgIterator11ArgIterator15FCallGetNextArgMFPvZv 0000000140016010 f i Framework.exe.obj
 0001:00015020       _D6System7_Struct11ArgIterator11ArgIterator18InternalGetNextArgMFPvC6System11RuntimeTypeZv 0000000140016020 f i Framework.exe.obj
 0001:00015030       _D6System7_Struct11ArgIterator11ArgIterator17GetRemainingCountMFZi 0000000140016030 f i Framework.exe.obj
 0001:00015070       _D6System7_Struct11ArgIterator11ArgIterator15_GetNextArgTypeMFZPv 0000000140016070 f i Framework.exe.obj
 0001:00015080       _D6System7_Struct11ArgIterator11ArgIterator6__ctorMFNcS6System7_Struct21RuntimeArgumentHandle21RuntimeArgumentHandleZS6System7_Struct11ArgIterator11ArgIterator 0000000140016080 f i Framework.exe.obj
 0001:000150e0       _D6System7_Struct11ArgIterator11ArgIterator6__ctorMFNcS6System7_Struct21RuntimeArgumentHandle21RuntimeArgumentHandlePvZS6System7_Struct11ArgIterator11ArgIterator 00000001400160e0 f i Framework.exe.obj
 0001:00015150       _D6System7_Struct11ArgIterator11ArgIterator10GetNextArgMFZS6System14TypedReference 0000000140016150 f i Framework.exe.obj
 0001:000151c0       _D6System7_Struct11ArgIterator11ArgIterator10GetNextArgMFC6System17RuntimeTypeHandleZS6System14TypedReference 00000001400161c0 f i Framework.exe.obj
 0001:000152f0       _D6System7_Struct11ArgIterator11ArgIterator3EndMFZv 00000001400162f0 f i Framework.exe.obj
 0001:00015330       _D6System7_Struct11ArgIterator11ArgIterator14GetNextArgTypeMFZC6System17RuntimeTypeHandle 0000000140016330 f i Framework.exe.obj
 0001:000153e0       _D6System7_Struct11ArgIterator11ArgIterator11GetHashCodeMFZi 00000001400163e0 f i Framework.exe.obj
 0001:00015440       _D6System7_Struct11ArgIterator11ArgIterator6EqualsMFC6ObjectZb 0000000140016440 f i Framework.exe.obj
 0001:00015510       _D6System6_Class22ConsoleCancelEventArgs22ConsoleCancelEventArgs6CancelMFNdZb 0000000140016510 f i Framework.exe.obj
 0001:00015570       _D6System6_Class22ConsoleCancelEventArgs22ConsoleCancelEventArgs6CancelMFNdbZv 0000000140016570 f i Framework.exe.obj
 0001:000155d0       _D6System6_Class22ConsoleCancelEventArgs22ConsoleCancelEventArgs10SpecialKeyMFNdZE6System5_Enum17ConsoleSpecialKey17ConsoleSpecialKey 00000001400165d0 f i Framework.exe.obj
 0001:00015630       _D6System6_Class22ConsoleCancelEventArgs22ConsoleCancelEventArgs6__ctorMFE6System5_Enum17ConsoleSpecialKey17ConsoleSpecialKeyZC6System6_Class22ConsoleCancelEventArgs22ConsoleCancelEventArgs 0000000140016630 f i Framework.exe.obj
 0001:00015670       _D6System6_Class22ConsoleCancelEventArgs15__unittestL31_3FZv 0000000140016670 f i Framework.exe.obj
 0001:00015730       _D6System6_Class22ConsoleCancelEventArgs9__modtestFZv 0000000140016730 f i Framework.exe.obj
 0001:00015750       _D6System6_Class22ConsoleCancelEventArgs15__unittest_failFiZv 0000000140016750 f i Framework.exe.obj
 0001:00015780       _D6System9_Delegate12EventHandler7__arrayZ 0000000140016780 f i Framework.exe.obj
 0001:000157a0       _D6System9_Delegate12EventHandler8__assertFiZv 00000001400167a0 f i Framework.exe.obj
 0001:000157c0       _D6System9_Delegate12EventHandler15__unittest_failFiZv 00000001400167c0 f i Framework.exe.obj
 0001:000157f0       _D6System6_Class26ArrayTypeMismatchException26ArrayTypeMismatchException6__ctorMFZC6System6_Class26ArrayTypeMismatchException26ArrayTypeMismatchException 00000001400167f0 f i Framework.exe.obj
 0001:00015880       _D6System6_Class26ArrayTypeMismatchException26ArrayTypeMismatchException6__ctorMFAyaZC6System6_Class26ArrayTypeMismatchException26ArrayTypeMismatchException 0000000140016880 f i Framework.exe.obj
 0001:000158f0       _D6System6_Class26ArrayTypeMismatchException26ArrayTypeMismatchException6__ctorMFAyaC9ExceptionZC6System6_Class26ArrayTypeMismatchException26ArrayTypeMismatchException 00000001400168f0 f i Framework.exe.obj
 0001:00015960       _D6System6_Class26ArrayTypeMismatchException26ArrayTypeMismatchException6__ctorMFC6System17SerializationInfoS6System16StreamingContextZC6System6_Class26ArrayTypeMismatchException26ArrayTypeMismatchException 0000000140016960 f i Framework.exe.obj
 0001:00015990       _D6System9_Delegate6Action7__arrayZ 0000000140016990 f i Framework.exe.obj
 0001:000159b0       _D6System9_Delegate6Action8__assertFiZv 00000001400169b0 f i Framework.exe.obj
 0001:000159d0       _D6System9_Delegate6Action15__unittest_failFiZv 00000001400169d0 f i Framework.exe.obj
 0001:00015a00       _D6System6_Class26AppDomainUnloadedException26AppDomainUnloadedException6__ctorMFZC6System6_Class26AppDomainUnloadedException26AppDomainUnloadedException 0000000140016a00 f i Framework.exe.obj
 0001:00015a90       _D6System6_Class26AppDomainUnloadedException26AppDomainUnloadedException6__ctorMFAyaZC6System6_Class26AppDomainUnloadedException26AppDomainUnloadedException 0000000140016a90 f i Framework.exe.obj
 0001:00015b00       _D6System6_Class26AppDomainUnloadedException26AppDomainUnloadedException6__ctorMFAyaC9ExceptionZC6System6_Class26AppDomainUnloadedException26AppDomainUnloadedException 0000000140016b00 f i Framework.exe.obj
 0001:00015b70       _D6System6_Class26AppDomainUnloadedException26AppDomainUnloadedException6__ctorMFC6System17SerializationInfoS6System16StreamingContextZC6System6_Class26AppDomainUnloadedException26AppDomainUnloadedException 0000000140016b70 f i Framework.exe.obj
 0001:00015ba0       _D6System10_Interface11IComparable7__arrayZ 0000000140016ba0 f i Framework.exe.obj
 0001:00015bc0       _D6System10_Interface11IComparable8__assertFiZv 0000000140016bc0 f i Framework.exe.obj
 0001:00015be0       _D6System10_Interface11IComparable15__unittest_failFiZv 0000000140016be0 f i Framework.exe.obj
 0001:00015c10       _D6System6_Class9EventArgs9EventArgs6__ctorMFZC6System6_Class9EventArgs9EventArgs 0000000140016c10 f i Framework.exe.obj
 0001:00015c20       _D6System6_Class9Exception13BaseException7HResultMFNdZi 0000000140016c20 f i Framework.exe.obj
 0001:00015c80       _D6System6_Class9Exception13BaseException6__ctorMFZC6System6_Class9Exception13BaseException 0000000140016c80 f i Framework.exe.obj
 0001:00015d10       _D6System6_Class9Exception13BaseException6__ctorMFAyaZC6System6_Class9Exception13BaseException 0000000140016d10 f i Framework.exe.obj
 0001:00015d90       _D6System6_Class9Exception13BaseException6__ctorMFAyaC9ExceptionZC6System6_Class9Exception13BaseException 0000000140016d90 f i Framework.exe.obj
 0001:00015e20       _D6System6_Class9Exception13BaseException6__ctorMFC6System17SerializationInfoS6System16StreamingContextZC6System6_Class9Exception13BaseException 0000000140016e20 f i Framework.exe.obj
 0001:00015eb0       _D6System6_Class9Exception13BaseException12SetErrorCodeMFiZv 0000000140016eb0 f i Framework.exe.obj
 0001:00015f10       _D6System6_Class15SystemException15SystemException6__ctorMFZC6System6_Class15SystemException15SystemException 0000000140016f10 f i Framework.exe.obj
 0001:00015fa0       _D6System6_Class15SystemException15SystemException6__ctorMFAyaZC6System6_Class15SystemException15SystemException 0000000140016fa0 f i Framework.exe.obj
 0001:00016010       _D6System6_Class15SystemException15SystemException6__ctorMFAyaC9ExceptionZC6System6_Class15SystemException15SystemException 0000000140017010 f i Framework.exe.obj
 0001:00016080       _D6System6_Class15SystemException15SystemException6__ctorMFC6System17SerializationInfoS6System16StreamingContextZC6System6_Class15SystemException15SystemException 0000000140017080 f i Framework.exe.obj
 0001:000160b0       _D6System10_Interface9IProgress7__arrayZ 00000001400170b0 f i Framework.exe.obj
 0001:000160d0       _D6System10_Interface9IProgress8__assertFiZv 00000001400170d0 f i Framework.exe.obj
 0001:000160f0       _D6System10_Interface9IProgress15__unittest_failFiZv 00000001400170f0 f i Framework.exe.obj
 0001:00016120       _D6System7_Struct21RuntimeArgumentHandle21RuntimeArgumentHandle5ValueMFNdZS6System6IntPtr 0000000140017120 f i Framework.exe.obj
 0001:00016180       _D6System10_Interface9IObserver7__arrayZ 0000000140017180 f i Framework.exe.obj
 0001:000161a0       _D6System10_Interface9IObserver8__assertFiZv 00000001400171a0 f i Framework.exe.obj
 0001:000161c0       _D6System10_Interface9IObserver15__unittest_failFiZv 00000001400171c0 f i Framework.exe.obj
 0001:000161f0       _D6System6_Class24AccessViolationException24AccessViolationException6__ctorMFZC6System6_Class24AccessViolationException24AccessViolationException 00000001400171f0 f i Framework.exe.obj
 0001:00016280       _D6System6_Class24AccessViolationException24AccessViolationException6__ctorMFAyaZC6System6_Class24AccessViolationException24AccessViolationException 0000000140017280 f i Framework.exe.obj
 0001:000162f0       _D6System6_Class24AccessViolationException24AccessViolationException6__ctorMFAyaC9ExceptionZC6System6_Class24AccessViolationException24AccessViolationException 00000001400172f0 f i Framework.exe.obj
 0001:00016360       _D6System6_Class24AccessViolationException24AccessViolationException6__ctorMFC6System17SerializationInfoS6System16StreamingContextZC6System6_Class24AccessViolationException24AccessViolationException 0000000140017360 f i Framework.exe.obj
 0001:00016390       _D6System27UnhandledExceptionEventArgs6__ctorMFZC6System27UnhandledExceptionEventArgs 0000000140017390 f i Framework.exe.obj
 0001:000163c0       _D6System21AssemblyLoadEventArgs6__ctorMFZC6System21AssemblyLoadEventArgs 00000001400173c0 f i Framework.exe.obj
 0001:000163f0       _D6System17RuntimeTypeHandle14GetRuntimeTypeMFZC6System11RuntimeType 00000001400173f0 f i Framework.exe.obj
 0001:00016450       _D6System17RuntimeTypeHandle6__ctorMFZC6System17RuntimeTypeHandle 0000000140017450 f i Framework.exe.obj
 0001:00016460       _D6System17RuntimeTypeHandle6__ctorMFC6System11RuntimeTypeZC6System17RuntimeTypeHandle 0000000140017460 f i Framework.exe.obj
 0001:00016470       _D6System21ArgumentNullException6__ctorMFZC6System21ArgumentNullException 0000000140017470 f i Framework.exe.obj
 0001:00016500       _D6System17ArgumentException6__ctorMFAyaZC6System17ArgumentException 0000000140017500 f i Framework.exe.obj
 0001:00016580       _D6System17ArgumentException6__ctorMFZC6System17ArgumentException 0000000140017580 f i Framework.exe.obj
 0001:00016610       _D6System21NotSupportedException6__ctorMFZC6System21NotSupportedException 0000000140017610 f i Framework.exe.obj
 0001:000166a0       _D6System21NotSupportedException6__ctorMFAyaZC6System21NotSupportedException 00000001400176a0 f i Framework.exe.obj
 0001:00016720       _D6System9ValueType16GetHashCodeOfPtrFS6System6IntPtrZi 0000000140017720 f i Framework.exe.obj
 0001:00016730       _D6System11Environment17GetResourceStringFAyaZAya 0000000140017730 f i Framework.exe.obj
 0001:00016740       _D6System10_Interface10IEquatable7__arrayZ 0000000140017740 f i Framework.exe.obj
 0001:00016760       _D6System10_Interface10IEquatable8__assertFiZv 0000000140017760 f i Framework.exe.obj
 0001:00016780       _D6System10_Interface10IEquatable15__unittest_failFiZv 0000000140017780 f i Framework.exe.obj
 0001:000167b0       _D6System6_Class19ArithmeticException19ArithmeticException6__ctorMFZC6System6_Class19ArithmeticException19ArithmeticException 00000001400177b0 f i Framework.exe.obj
 0001:00016840       _D6System6_Class19ArithmeticException19ArithmeticException6__ctorMFAyaZC6System6_Class19ArithmeticException19ArithmeticException 0000000140017840 f i Framework.exe.obj
 0001:000168b0       _D6System6_Class19ArithmeticException19ArithmeticException6__ctorMFAyaC9ExceptionZC6System6_Class19ArithmeticException19ArithmeticException 00000001400178b0 f i Framework.exe.obj
 0001:00016920       _D6System6_Class19ArithmeticException19ArithmeticException6__ctorMFC6System17SerializationInfoS6System16StreamingContextZC6System6_Class19ArithmeticException19ArithmeticException 0000000140017920 f i Framework.exe.obj
 0001:00016950       _D6System10_Interface11IObservable7__arrayZ 0000000140017950 f i Framework.exe.obj
 0001:00016970       _D6System10_Interface11IObservable8__assertFiZv 0000000140017970 f i Framework.exe.obj
 0001:00016990       _D6System10_Interface11IObservable15__unittest_failFiZv 0000000140017990 f i Framework.exe.obj
 0001:000169c0       _D6object6Object8ToStringMFZAya 00000001400179c0 f i druntime64:object__1_257.obj
 0001:000169e0       _D6object6Object11GetHashCodeMFZi 00000001400179e0 f i druntime64:object__1_257.obj
 0001:00016a00       _D6object6Object8FinalizeMFZv 0000000140017a00 f i druntime64:object__1_257.obj
 0001:00016a10       _D6object6Object15MemberwiseCloneMFZC6Object 0000000140017a10 f i druntime64:object__1_257.obj
 0001:00016ae0       _D6object6Object6EqualsMFC6ObjectZb 0000000140017ae0 f i druntime64:object__1_257.obj
[...]
 0003:0001b658       _D4core7runtime7Runtime19sm_moduleUnitTesterPFZb 00000001400a0658     druntime64:runtime_e8_2e4.obj
 0003:0001b660       _D2rt8monitor_6initedi     00000001400a0660     druntime64:monitor_.obj
 0003:0001b670       _D2rt8monitor_16_monitor_critsecS4core3sys7windows7windows21_RTL_CRITICAL_SECTION 00000001400a0670     druntime64:monitor_.obj
 0003:0001b6a0       _D2rt9critical_8dcs_listPS2rt9critical_18D_CRITICAL_SECTION 00000001400a06a0     druntime64:critical_.obj
 0003:0001b6b0       _D2rt9critical_16critical_sectionS2rt9critical_18D_CRITICAL_SECTION 00000001400a06b0     druntime64:critical_.obj
 0003:0001b6e0       _D2rt9critical_6initedi    00000001400a06e0     druntime64:critical_.obj
 0003:0001b6f0       _D2rt5minfo11ModuleGroup6__initZ 00000001400a06f0     druntime64:minfo_4e4_473.obj
 0003:0001b720       _D2rt5minfo11ModuleGroup9sortCtorsMFZv8StackRec6__initZ 00000001400a0720     druntime64:minfo_4e4_473.obj
 0003:0001b740       _D4core6thread6Thread12PRIORITY_MINxi 00000001400a0740     druntime64:thread.obj
 0003:0001b744       _D4core6thread6Thread12PRIORITY_MAXxi 00000001400a0744     druntime64:thread.obj
 0003:0001b748       _D4core6thread6Thread16PRIORITY_DEFAULTxi 00000001400a0748     druntime64:thread.obj
 0003:0001b750       _D4core6thread6Thread7sm_mainC4core6thread6Thread 00000001400a0750     druntime64:thread.obj
 0003:0001b760       _D4core6thread6Thread6_locksG2G72g 00000001400a0760     druntime64:thread.obj
 0003:0001b7f0       _D4core6thread6Thread7sm_cbegPS4core6thread6Thread7Context 00000001400a07f0     druntime64:thread.obj
 0003:0001b7f8       _D4core6thread6Thread7sm_clenm 00000001400a07f8     druntime64:thread.obj
 0003:0001b800       _D4core6thread6Thread7sm_tbegC4core6thread6Thread 00000001400a0800     druntime64:thread.obj
 0003:0001b808       _D4core6thread6Thread7sm_tlenm 00000001400a0808     druntime64:thread.obj
 0003:0001b810       _D4core6thread17multiThreadedFlagb 00000001400a0810     druntime64:thread.obj
 0003:0001b814       _D4core6thread12suspendDepthk 00000001400a0814     druntime64:thread.obj
 0003:0001b818       _D4core6thread8PAGESIZExm  00000001400a0818     druntime64:thread.obj
 0003:0001b820       _D4core3sys7windows10stacktrace24RtlCaptureStackBackTracePWkkPPvPkZt 00000001400a0820     druntime64:stacktrace.obj
 0003:0001b828       _D4core3sys7windows10stacktrace11initializedyb 00000001400a0828     druntime64:stacktrace.obj
 0003:0001b830       _D2gc2gc2GC4linem          00000001400a0830     druntime64:gc_321_8a.obj
 0003:0001b838       _D2gc2gc2GC4filePa         00000001400a0838     druntime64:gc_321_8a.obj
 0003:0001b840       _D2gc2gc2GC6gcLockC2gc2gc7GCMutex 00000001400a0840     druntime64:gc_321_8a.obj
 0003:0001b850       _D2gc2gc2GC12mutexStorageG72g 00000001400a0850     druntime64:gc_321_8a.obj
 0003:0001b8a0       _D4core4time12TickDuration6__initZ 00000001400a08a0     druntime64:time.obj
 0003:0001b8a8       _D4core4time12TickDuration11ticksPerSecyl 00000001400a08a8     druntime64:time.obj
 0003:0001b8b0       _D4core4time12TickDuration9appOriginyS4core4time12TickDuration 00000001400a08b0     druntime64:time.obj
 0003:0001b8c0       _D4core3sys7windows7dbghelp7DbgHelp6__initZ 00000001400a08c0     druntime64:dbghelp.obj
 0003:0001b940       _D4core3sys7windows7dbghelp7DbgHelp7sm_instS4core3sys7windows7dbghelp7DbgHelp 00000001400a0940     druntime64:dbghelp.obj
 0003:0001b9c0       _D4core3sys7windows7dbghelp7DbgHelp7sm_hndlPv 00000001400a09c0     druntime64:dbghelp.obj
 0003:0001b9d0       _D4core4sync5mutex5Mutex12MonitorProxy6__initZ 00000001400a09d0     druntime64:mutex_222_213.obj
 0003:0001b9e0       _D2gc2gc3Gcx6__initZ       00000001400a09e0     druntime64:gc_324_122.obj
 0003:0001bad0       _D2gc2gc14SENTINEL_EXTRAxk 00000001400a0ad0     druntime64:gc.obj
 0003:0001bae0       _D2gc2gc4Pool6__initZ      00000001400a0ae0     druntime64:gc_325_19a.obj
 0003:0001bbd0       _D4core4time8Duration6__initZ 00000001400a0bd0     druntime64:time_15c_346.obj
 0003:0001bbe0       _D4core4time7FracSec6__initZ 00000001400a0be0     druntime64:time_16a_297.obj
 0003:0001bbf0       _D2rt3aaA4Impl6__initZ     00000001400a0bf0     druntime64:aaA_379_192.obj
 0003:0001bc30       _D3std5stdio5stdinS3std5stdio4File 00000001400a0c30     phobos64:stdio.obj
 0003:0001bc50       _D3std5stdio6stdoutS3std5stdio4File 00000001400a0c50     phobos64:stdio.obj
 0003:0001bc70       _D3std5stdio6stderrS3std5stdio4File 00000001400a0c70     phobos64:stdio.obj
 0003:0001bc90       _D3std3uni17CodepointInterval6__initZ 00000001400a0c90     phobos64:uni_8bd_6ea.obj
 0003:0001bca0       _aenvptr                   00000001400a0ca0     LIBCMT:crt0.obj
 0003:0001bca8       _wenvptr                   00000001400a0ca8     LIBCMT:crt0.obj
 0003:0001bcb0       _tls_index                 00000001400a0cb0     LIBCMT:tlssup.obj
 0003:0001bcb4       _outputformat              00000001400a0cb4     LIBCMT:outputformat.obj
 0003:0001bcb8       _cflush                    00000001400a0cb8     LIBCMT:_file.obj
 0003:0001bcd8       __fastflag                 00000001400a0cd8     LIBCMT:fpinit.obj
 0003:0001bcdc       __favor                    00000001400a0cdc     LIBCMT:cpu_disp.obj
 0003:0001bce0       __pInvalidArgHandler       00000001400a0ce0     LIBCMT:invarg.obj
 0003:0001bce8       _stdbuf                    00000001400a0ce8     LIBCMT:_sftbuf.obj
 0003:0001bd00       __pioinfo                  00000001400a0d00     LIBCMT:ioinit.obj
 0003:0001bf00       _crtheap                   00000001400a0f00     LIBCMT:heapinit.obj
 0003:0001bf08       _C_Exit_Done               00000001400a0f08     LIBCMT:crt0dat.obj
 0003:0001bf0c       __argc                     00000001400a0f0c     LIBCMT:crt0dat.obj
 0003:0001bf10       __argv                     00000001400a0f10     LIBCMT:crt0dat.obj
 0003:0001bf18       __wargv                    00000001400a0f18     LIBCMT:crt0dat.obj
 0003:0001bf20       _environ                   00000001400a0f20     LIBCMT:crt0dat.obj
 0003:0001bf28       _wenviron                  00000001400a0f28     LIBCMT:crt0dat.obj
 0003:0001bf30       _pgmptr                    00000001400a0f30     LIBCMT:crt0dat.obj
 0003:0001bf38       _wpgmptr                   00000001400a0f38     LIBCMT:crt0dat.obj
 0003:0001bf40       _umaskval                  00000001400a0f40     LIBCMT:crt0dat.obj
 0003:0001bf44       _exitflag                  00000001400a0f44     LIBCMT:crt0dat.obj
 0003:0001bf48       _C_Termination_Done        00000001400a0f48     LIBCMT:crt0dat.obj
 0003:0001bf50       __winitenv                 00000001400a0f50     LIBCMT:crt0dat.obj
 0003:0001bf58       __initenv                  00000001400a0f58     LIBCMT:crt0dat.obj
 0003:0001c070       __app_type                 00000001400a1070     LIBCMT:crt0msg.obj
 0003:0001c6a8       __error_mode               00000001400a16a8     LIBCMT:errmode.obj
 0003:0001c6b0       ?_pnhHeap@@3P6AH_K@ZEA     00000001400a16b0     LIBCMT:handler.obj
 0003:0001c6b8       _newmode                   00000001400a16b8     LIBCMT:_newmode.obj
 0003:0001c8f0       _maxwait                   00000001400a18f0     LIBCMT:crtheap.obj
 0003:0001c8f8       __mbcodepage               00000001400a18f8     LIBCMT:mbctype.obj
 0003:0001c8fc       __ismbcodepage             00000001400a18fc     LIBCMT:mbctype.obj
 0003:0001c900       __mbulinfo                 00000001400a1900     LIBCMT:mbctype.obj
 0003:0001c910       __mblocalename             00000001400a1910     LIBCMT:mbctype.obj
 0003:0001c928       ?__pInconsistency@@3P6AXXZEA 00000001400a1928     LIBCMT:hooks.obj
 0003:0001c930       __pPurecall                00000001400a1930     LIBCMT:inithelp.obj
 0003:0001c990       __lconv_static_null        00000001400a1990     LIBCMT:lconv.obj
 0003:0001c994       __lconv_static_W_null      00000001400a1994     LIBCMT:lconv.obj
 0003:0001c998       __locale_changed           00000001400a1998     LIBCMT:wsetloca.obj
 0003:0001cf20       __unguarded_readlc_active  00000001400a1f20     <common>
 0003:0001cf30       __setlc_active             00000001400a1f30     <common>
 0003:0001cf34       _debugger_hook_dummy       00000001400a1f34     <common>
 0003:0001cf40       encodedKERNEL32Functions   00000001400a1f40     <common>
 0003:0001d088       __dyn_tls_init_callback    00000001400a2088     <common>
 0003:0001d0a0       __onexitend                00000001400a20a0     <common>
 0003:0001d0a8       __onexitbegin              00000001400a20a8     <common>
 0003:0001d0b0       __mbctype_initialized      00000001400a20b0     <common>
 0003:0001d0b4       __env_initialized          00000001400a20b4     <common>
 0003:0001d0b8       _nhandle                   00000001400a20b8     <common>
 0003:0001d0c8       _pDestructExceptionObject  00000001400a20c8     <common>
 0003:0001d0e0       __piob                     00000001400a20e0     <common>
 0003:0001d428       _nstream                   00000001400a2428     <common>
 0003:0001d440       _bufin                     00000001400a2440     <common>
 0003:0001e440       _acmdln                    00000001400a3440     <common>
 0005:00000000       __imp_GetProcessHeap       00000001400ac000     kernel32:KERNEL32.dll
 0005:00000008       __imp_CreateFileW          00000001400ac008     kernel32:KERNEL32.dll
 0005:00000010       __imp_LocalFree            00000001400ac010     kernel32:KERNEL32.dll
 0005:00000018       __imp_IsDebuggerPresent    00000001400ac018     kernel32:KERNEL32.dll
 0005:00000020       __imp_WideCharToMultiByte  00000001400ac020     kernel32:KERNEL32.dll
 0005:00000028       __imp_GetCommandLineW      00000001400ac028     kernel32:KERNEL32.dll
 0005:00000030       __imp_FreeLibrary          00000001400ac030     kernel32:KERNEL32.dll
 0005:00000038       __imp_MultiByteToWideChar  00000001400ac038     kernel32:KERNEL32.dll
 0005:00000040       __imp_LoadLibraryW         00000001400ac040     kernel32:KERNEL32.dll
 0005:00000048       __imp_GetConsoleWindow     00000001400ac048     kernel32:KERNEL32.dll
 0005:00000050       __imp_GetProcAddress       00000001400ac050     kernel32:KERNEL32.dll
 0005:00000058       __imp_DeleteCriticalSection 00000001400ac058     kernel32:KERNEL32.dll
 0005:00000060       __imp_InitializeCriticalSection 00000001400ac060     kernel32:KERNEL32.dll
 0005:00000068       __imp_EnterCriticalSection 00000001400ac068     kernel32:KERNEL32.dll
 0005:00000070       __imp_LeaveCriticalSection 00000001400ac070     kernel32:KERNEL32.dll
 0005:00000078       __imp_GetSystemInfo        00000001400ac078     kernel32:KERNEL32.dll
 0005:00000080       __imp_GetExitCodeThread    00000001400ac080     kernel32:KERNEL32.dll
 0005:00000088       __imp_WaitForSingleObject  00000001400ac088     kernel32:KERNEL32.dll
 0005:00000090       __imp_CloseHandle          00000001400ac090     kernel32:KERNEL32.dll
 0005:00000098       __imp_GetCurrentProcess    00000001400ac098     kernel32:KERNEL32.dll
 0005:000000a0       __imp_LoadLibraryA         00000001400ac0a0     kernel32:KERNEL32.dll
 0005:000000a8       __imp_QueryPerformanceFrequency 00000001400ac0a8     kernel32:KERNEL32.dll
 0005:000000b0       __imp_VirtualFree          00000001400ac0b0     kernel32:KERNEL32.dll
 0005:000000b8       __imp_VirtualAlloc         00000001400ac0b8     kernel32:KERNEL32.dll
 0005:000000c0       __imp_GetCurrentThread     00000001400ac0c0     kernel32:KERNEL32.dll
 0005:000000c8       __imp_RtlCaptureContext    00000001400ac0c8     kernel32:KERNEL32.dll
 0005:000000d0       __imp_GetEnvironmentVariableA 00000001400ac0d0     kernel32:KERNEL32.dll
 0005:000000d8       __imp_DuplicateHandle      00000001400ac0d8     kernel32:KERNEL32.dll
 0005:000000e0       __imp_GetCurrentThreadId   00000001400ac0e0     kernel32:KERNEL32.dll
 0005:000000e8       __imp_TryEnterCriticalSection 00000001400ac0e8     kernel32:KERNEL32.dll
 0005:000000f0       __imp_ResumeThread         00000001400ac0f0     kernel32:KERNEL32.dll
 0005:000000f8       __imp_QueryPerformanceCounter 00000001400ac0f8     kernel32:KERNEL32.dll
 0005:00000100       __imp_SwitchToThread       00000001400ac100     kernel32:KERNEL32.dll
 0005:00000108       __imp_GetThreadContext     00000001400ac108     kernel32:KERNEL32.dll
 0005:00000110       __imp_SuspendThread        00000001400ac110     kernel32:KERNEL32.dll
 0005:00000118       __imp_Sleep                00000001400ac118     kernel32:KERNEL32.dll
 0005:00000120       __imp_GetLastError         00000001400ac120     kernel32:KERNEL32.dll
 0005:00000128       __imp_HeapFree             00000001400ac128     kernel32:KERNEL32.dll
 0005:00000130       __imp_GetCommandLineA      00000001400ac130     kernel32:KERNEL32.dll
 0005:00000138       __imp_HeapAlloc            00000001400ac138     kernel32:KERNEL32.dll
 0005:00000140       __imp_HeapReAlloc          00000001400ac140     kernel32:KERNEL32.dll
 0005:00000148       __imp_EncodePointer        00000001400ac148     kernel32:KERNEL32.dll
 0005:00000150       __imp_DecodePointer        00000001400ac150     kernel32:KERNEL32.dll
 0005:00000158       __imp_CreateThread         00000001400ac158     kernel32:KERNEL32.dll
 0005:00000160       __imp_ExitThread           00000001400ac160     kernel32:KERNEL32.dll
 0005:00000168       __imp_LoadLibraryExW       00000001400ac168     kernel32:KERNEL32.dll
 0005:00000170       __imp_IsProcessorFeaturePresent 00000001400ac170     kernel32:KERNEL32.dll
 0005:00000178       __imp_RtlUnwindEx          00000001400ac178     kernel32:KERNEL32.dll
 0005:00000180       __imp_GetStdHandle         00000001400ac180     kernel32:KERNEL32.dll
 0005:00000188       __imp_GetFileType          00000001400ac188     kernel32:KERNEL32.dll
 0005:00000190       __imp_GetStartupInfoW      00000001400ac190     kernel32:KERNEL32.dll
 0005:00000198       __imp_SetLastError         00000001400ac198     kernel32:KERNEL32.dll
 0005:000001a0       __imp_ExitProcess          00000001400ac1a0     kernel32:KERNEL32.dll
 0005:000001a8       __imp_GetModuleHandleExW   00000001400ac1a8     kernel32:KERNEL32.dll
 0005:000001b0       __imp_AreFileApisANSI      00000001400ac1b0     kernel32:KERNEL32.dll
 0005:000001b8       __imp_GetModuleFileNameA   00000001400ac1b8     kernel32:KERNEL32.dll
 0005:000001c0       __imp_WriteFile            00000001400ac1c0     kernel32:KERNEL32.dll
 0005:000001c8       __imp_GetModuleFileNameW   00000001400ac1c8     kernel32:KERNEL32.dll
 0005:000001d0       __imp_GetCurrentProcessId  00000001400ac1d0     kernel32:KERNEL32.dll
 0005:000001d8       __imp_GetSystemTimeAsFileTime 00000001400ac1d8     kernel32:KERNEL32.dll
 0005:000001e0       __imp_GetEnvironmentStringsW 00000001400ac1e0     kernel32:KERNEL32.dll
 0005:000001e8       __imp_FreeEnvironmentStringsW 00000001400ac1e8     kernel32:KERNEL32.dll
 0005:000001f0       __imp_FatalAppExitA        00000001400ac1f0     kernel32:KERNEL32.dll
 0005:000001f8       __imp_FlushFileBuffers     00000001400ac1f8     kernel32:KERNEL32.dll
 0005:00000200       __imp_GetConsoleCP         00000001400ac200     kernel32:KERNEL32.dll
 0005:00000208       __imp_GetConsoleMode       00000001400ac208     kernel32:KERNEL32.dll
 0005:00000210       __imp_RtlLookupFunctionEntry 00000001400ac210     kernel32:KERNEL32.dll
 0005:00000218       __imp_RtlVirtualUnwind     00000001400ac218     kernel32:KERNEL32.dll
 0005:00000220       __imp_UnhandledExceptionFilter 00000001400ac220     kernel32:KERNEL32.dll
 0005:00000228       __imp_SetUnhandledExceptionFilter 00000001400ac228     kernel32:KERNEL32.dll
 0005:00000230       __imp_InitializeCriticalSectionAndSpinCount 00000001400ac230     kernel32:KERNEL32.dll
 0005:00000238       __imp_CreateEventW         00000001400ac238     kernel32:KERNEL32.dll
 0005:00000240       __imp_TerminateProcess     00000001400ac240     kernel32:KERNEL32.dll
 0005:00000248       __imp_TlsAlloc             00000001400ac248     kernel32:KERNEL32.dll
 0005:00000250       __imp_TlsGetValue          00000001400ac250     kernel32:KERNEL32.dll
 0005:00000258       __imp_TlsSetValue          00000001400ac258     kernel32:KERNEL32.dll
 0005:00000260       __imp_TlsFree              00000001400ac260     kernel32:KERNEL32.dll
 0005:00000268       __imp_GetTickCount         00000001400ac268     kernel32:KERNEL32.dll
 0005:00000270       __imp_GetModuleHandleW     00000001400ac270     kernel32:KERNEL32.dll
 0005:00000278       __imp_CreateSemaphoreW     00000001400ac278     kernel32:KERNEL32.dll
 0005:00000280       __imp_IsValidCodePage      00000001400ac280     kernel32:KERNEL32.dll
 0005:00000288       __imp_GetACP               00000001400ac288     kernel32:KERNEL32.dll
 0005:00000290       __imp_GetOEMCP             00000001400ac290     kernel32:KERNEL32.dll
 0005:00000298       __imp_GetCPInfo            00000001400ac298     kernel32:KERNEL32.dll
 0005:000002a0       __imp_SetConsoleCtrlHandler 00000001400ac2a0     kernel32:KERNEL32.dll
 0005:000002a8       __imp_OutputDebugStringW   00000001400ac2a8     kernel32:KERNEL32.dll
 0005:000002b0       __imp_SetStdHandle         00000001400ac2b0     kernel32:KERNEL32.dll
 0005:000002b8       __imp_SetFilePointerEx     00000001400ac2b8     kernel32:KERNEL32.dll
 0005:000002c0       __imp_WriteConsoleW        00000001400ac2c0     kernel32:KERNEL32.dll
 0005:000002c8       __imp_GetStringTypeW       00000001400ac2c8     kernel32:KERNEL32.dll
 0005:000002d0       __imp_HeapSize             00000001400ac2d0     kernel32:KERNEL32.dll
 0005:000002d8       __imp_GetDateFormatW       00000001400ac2d8     kernel32:KERNEL32.dll
 0005:000002e0       __imp_GetTimeFormatW       00000001400ac2e0     kernel32:KERNEL32.dll
 0005:000002e8       __imp_CompareStringW       00000001400ac2e8     kernel32:KERNEL32.dll
 0005:000002f0       __imp_LCMapStringW         00000001400ac2f0     kernel32:KERNEL32.dll
 0005:000002f8       __imp_GetLocaleInfoW       00000001400ac2f8     kernel32:KERNEL32.dll
 0005:00000300       __imp_IsValidLocale        00000001400ac300     kernel32:KERNEL32.dll
 0005:00000308       __imp_GetUserDefaultLCID   00000001400ac308     kernel32:KERNEL32.dll
 0005:00000310       __imp_EnumSystemLocalesW   00000001400ac310     kernel32:KERNEL32.dll
 0005:00000318       \177KERNEL32_NULL_THUNK_DATA 00000001400ac318     kernel32:KERNEL32.dll
 0005:00000408       __imp_CommandLineToArgvW   00000001400ac408     shell32:SHELL32.dll
 0005:00000410       \177SHELL32_NULL_THUNK_DATA 00000001400ac410     shell32:SHELL32.dll
 0005:00000468       __IMPORT_DESCRIPTOR_SHELL32 00000001400ac468     shell32:SHELL32.dll
 0005:0000047c       __IMPORT_DESCRIPTOR_KERNEL32 00000001400ac47c     kernel32:KERNEL32.dll
 0005:00000490       __NULL_IMPORT_DESCRIPTOR   00000001400ac490     shell32:SHELL32.dll
 0006:00000000       _deh_beg                   00000001400ae000     Framework.exe.obj
 0006:000009b0       _deh_end                   00000001400ae9b0     Framework.exe.obj
 0007:00000000       _minfo_beg                 00000001400af000     Framework.exe.obj
 0007:00000520       _minfo_end                 00000001400af520     Framework.exe.obj
 0008:00000000       _tls_start                 00000001400b0000     LIBCMT:tlssup.obj
 0008:00000110       _D2rt8lifetime18__blkcache_storagePS2rt8lifetime7BlkInfo 00000001400b0110     druntime64:lifetime.obj
 0008:00000118       _D2rt8lifetime12__nextBlkIdxi 00000001400b0118     druntime64:lifetime.obj
 0008:00000120       _D2rt15deh_win64_posix10__inflightPS2rt15deh_win64_posix8InFlight 00000001400b0120     druntime64:deh_win64_posix.obj
 0008:00000130       gc_atomic                  00000001400b0130     druntime64:thread.obj
 0008:00000138       _D4core6thread6Thread7sm_thisC4core6thread6Thread 00000001400b0138     druntime64:thread.obj
 0008:00000140       _D4core6thread5Fiber7sm_thisC4core6thread5Fiber 00000001400b0140     druntime64:thread_14b_1e8.obj
 0008:00000253       _tls_end                   00000001400b0253     LIBCMT:tlssup.obj

 entry point at        0001:00052bc0

